Unhandled exception

Program: G:\SteamLibrary\steamapps\common\DayZServer\DayZServer_x64.exe
Reason: Access violation. Illegal read by 0x7ff62500017e at 0x1a981e77f48

SymGetSymFromAddr:487, addr:0x7ff62500017e
SymGetSymFromAddr:487, addr:0x7ff625000324
SymGetSymFromAddr:487, addr:0x7ff624ff671b
SymGetSymFromAddr:487, addr:0x7ff624f9d864
SymGetSymFromAddr:487, addr:0x7ff624edf128
SymGetSymFromAddr:487, addr:0x7ff624e75d7d
SymGetSymFromAddr:487, addr:0x7ff624e77959
[CDPCreateServer]: ??? addr:0x7ff6256a6890
[CDPCreateServer]: ??? addr:0x7ff6256a7b87
SymGetSymFromAddr:487, addr:0x7ff6250fb77b
[CDPCreateServer]: ??? addr:0x7ff6256a9ea8
SymGetSymFromAddr:487, addr:0x7ff6250fb6cf
[CDPCreateServer]: ??? addr:0x7ff6256aa7cd
SymGetSymFromAddr:487, addr:0x7ff625226d4e
[CDPCreateServer]: ??? addr:0x7ff6258090ce
[BaseThreadInitThunk]: ??? addr:0x7ffe86217374
[RtlUserThreadStart]: ??? addr:0x7ffe86ddcc91
[RtlUserThreadStart]: ??? addr:0x7ffe86ddcc91



Runtime mode
CLI params: config serverDZ.cfg mod @AICFireplaceIndoor;@AimSounds;@AI War Zones;@Alteria;@AmmoStacks;@Basic Ear Plugs;@BetterSuppressors;@BoomLays Craftables;@CF;@Code Lock;@Combinable RepairKits;@Coupled Mag Vanilla;@Dabs Framework;@DayZ-Dynamic-AI-Addon;@DayZ-Expansion-AI;@DayZ-Expansion-Core;@Forward Operator Gear;@GoreZ;@GSC Gameworld Assets;@InventoryInCar;@Inventory Move Sounds;@JunkYardDog;@LoftDModGR Clothes Pack;@LoftD_old_size;@Loot Barrel Transfer;@MagazineLoading;@More Durable Weapons;@Mounts Sights;@Nomadbackpack;@pvez test;@RaG_BaseItems;@RaG_Immersive_Vehicles;@RaG_Immersive_Wells;@Realistic Display Quantity;@RUSForma_vehicles;@SearchInventory;@SimpleLootChests;@StaminaRevised;@TerjeCompatibilityVPP;@TerjeCore;@Terje for FOG v2;@TerjeMedicine;@TerjePartyMod;@TerjeSkills;@TerjeSleepingBagAttach;@TerjeStartScreen;@VPPAdminTools;@WindstridesClothingPack;@Utopia Animated Heli Crashs;@RaG_BaseBuilding;@No Build Zones;@Vanilla Suppressor Plus;@Harks Blood Plague;@GarbageSearch;@TWOC_CombineItems;@FC_Fish_Equip;@CookZ;@Territory Plus;@CBD Loot Rooms;@Ammo Making;@InediaTerjeCompatibility;@InediaInfectedAI;@PvZmoD_Spawn_System;@zHorde;@Tree Shake;@DayZ-Expansion-Market;@Zombie_Sound;@BLR_Carlock;@RolePlayMod; profiles profiles 
