11:19:43.294 [Spatial AI] Spatial AI Date: 3/6/2025 WC RC30.4
11:21:30.292 [Spatial AI] Spatial AI Enabled
11:21:30.292 [Spatial AI] points Enabled
11:21:30.293 [Spatial AI] Trigger at point: <6840.000000, 1.000000, 1800.000000> - Radius: 500
11:21:30.293 [Spatial AI] - Safe: true - Faction: Civilian - counts: 0:0
11:21:30.293 [Spatial AI] - loadout added: HumanLoadout.json
11:21:30.293 [Spatial AI] - loadout added: NBCLoadout.json
11:21:30.293 [Spatial AI] Locations Enabled
11:21:30.294 [Spatial AI] Trigger at location: <2565.784424, 43.939983, 5814.529785> - Radius: 400
11:21:30.294 [Spatial AI] - Spawn location: <2626.491943, 49.868282, 5779.689941>
11:21:30.294 [Spatial AI] - Spawn location: <2452.179688, 46.326439, 6031.136719>
11:21:30.295 [Spatial AI] - Notification covering location to Radius: 800
11:21:30.295 [Spatial AI] - Faction: East - Loadout: Tier1Loadout.json - counts: 1:2
11:21:30.295 [Spatial AI] Trigger at location: <3405.232178, 32.491611, 5315.078613> - Radius: 400
11:21:30.296 [Spatial AI] - Spawn location: <3405.232178, 32.491611, 5315.078613>
11:21:30.296 [Spatial AI] - Spawn location: <3444.818848, 32.491611, 5315.233887>
11:21:30.296 [Spatial AI] - Notification covering location to Radius: 800
11:21:30.296 [Spatial AI] - Faction: East - Loadout: Knights.json - counts: 1:2
11:21:30.296 [Spatial AI] Trigger at location: <2166.513428, 54.757469, 3129.311523> - Radius: 400
11:21:30.297 [Spatial AI] - Spawn location: <2166.513428, 54.757469, 3129.311523>
11:21:30.297 [Spatial AI] - Spawn location: <2107.288330, 55.818546, 2879.040039>
11:21:30.297 [Spatial AI] - Spawn location: <2085.072021, 68.226509, 3253.361572>
11:21:30.297 [Spatial AI] - Notification covering location to Radius: 800
11:21:30.297 [Spatial AI] - Faction: East - Loadout: Tier2Loadout.json - counts: 1:2
11:21:30.297 [Spatial AI] Trigger at location: <2475.163818, 111.883186, 2439.177246> - Radius: 400
11:21:30.298 [Spatial AI] - Spawn location: <2475.163818, 111.883186, 2439.177246>
11:21:30.298 [Spatial AI] - Spawn location: <2582.363770, 118.270218, 2471.609619>
11:21:30.298 [Spatial AI] - Spawn location: <2486.501221, 119.111588, 2146.257568>
11:21:30.298 [Spatial AI] - Notification covering location to Radius: 800
11:21:30.298 [Spatial AI] - Faction: East - Loadout: Tier2Loadout.json - counts: 1:2
11:21:30.299 [Spatial AI] Trigger at location: <1959.195068, -8.429230, 506.471832> - Radius: 400
11:21:30.299 [Spatial AI] - Spawn location: <1730.281006, 19.528612, 530.052002>
11:21:30.299 [Spatial AI] - Spawn location: <1783.012329, 15.604889, 650.511841>
11:21:30.299 [Spatial AI] - Spawn location: <2059.458740, 8.011173, 243.491516>
11:21:30.299 [Spatial AI] - Notification covering location to Radius: 800
11:21:30.299 [Spatial AI] - Faction: East - Loadout: Tier2Loadout.json - counts: 1:2
11:21:30.300 [Spatial AI] Trigger at location: <1677.099121, 88.060776, 2633.979736> - Radius: 600
11:21:30.300 [Spatial AI] - Spawn location: <1677.099121, 88.060776, 2633.979736>
11:21:30.300 [Spatial AI] - Spawn location: <1636.204712, 72.465286, 2653.237549>
11:21:30.300 [Spatial AI] - Spawn location: <1635.376099, 103.817673, 2677.718994>
11:21:30.301 [Spatial AI] - Notification covering location to Radius: 1200
11:21:30.301 [Spatial AI] - Faction: West - Loadout: Tier2Loadout.json - counts: 1:2
11:21:30.301 [Spatial AI] Trigger at location: <4402.029297, 16.123341, 7551.852539> - Radius: 600
11:21:30.301 [Spatial AI] - Spawn location: <4120.534668, 14.110159, 8082.556152>
11:21:30.302 [Spatial AI] - Spawn location: <4497.582520, 18.200235, 7740.282715>
11:21:30.302 [Spatial AI] - Spawn location: <4585.839355, 23.775570, 7618.369629>
11:21:30.302 [Spatial AI] - Spawn location: <4737.706055, 17.641804, 7501.136230>
11:21:30.302 [Spatial AI] - Spawn location: <4444.922363, 19.111290, 7257.527832>
11:21:30.303 [Spatial AI] - Notification covering location to Radius: 1200
11:21:30.303 [Spatial AI] - Faction: West - Loadout: Tier2Loadout.json - counts: 1:2
11:21:30.303 [Spatial AI] Trigger at location: <6505.392090, 42.859245, 6801.648926> - Radius: 600
11:21:30.304 [Spatial AI] - Spawn location: <6505.392090, 42.859245, 6801.648926>
11:21:30.304 [Spatial AI] - Notification covering location to Radius: 1200
11:21:30.304 [Spatial AI] - Faction: West - Loadout: Tier2Loadout.json - counts: 1:2
11:21:30.304 [Spatial AI] Trigger at location: <6966.417480, 23.390711, 6824.765137> - Radius: 600
11:21:30.304 [Spatial AI] - Spawn location: <7042.800781, 23.576939, 6695.874512>
11:21:30.305 [Spatial AI] - Spawn location: <7006.037109, 20.349613, 7332.075684>
11:21:30.305 [Spatial AI] - Spawn location: <7006.037109, 20.349613, 7332.075684>
11:21:30.305 [Spatial AI] - Spawn location: <7374.560547, 33.467972, 6292.360840>
11:21:30.305 [Spatial AI] - Spawn location: <7157.471191, 21.905560, 6264.816406>
11:21:30.305 [Spatial AI] - Spawn location: <7346.476074, 16.172134, 6073.786133>
11:21:30.306 [Spatial AI] - Notification covering location to Radius: 1200
11:21:30.306 [Spatial AI] - Faction: West - Loadout: Tier2Loadout.json - counts: 1:2
11:21:30.306 [Spatial AI] Trigger at location: <1959.195068, -8.429230, 506.471832> - Radius: 600
11:21:30.306 [Spatial AI] - Spawn location: <1609.511841, 13.478415, 281.901947>
11:21:30.306 [Spatial AI] - Spawn location: <1670.609619, 6.011800, 401.923889>
11:21:30.307 [Spatial AI] - Spawn location: <1826.618896, 23.622952, 282.571472>
11:21:30.307 [Spatial AI] - Notification covering location to Radius: 1200
11:21:30.307 [Spatial AI] - Faction: West - Loadout: Tier3Loadout.json - counts: 1:2
11:21:30.307 [Spatial AI] Trigger at location: <6266.466309, 182.130783, 4490.321289> - Radius: 600
11:21:30.307 [Spatial AI] - Spawn location: <6277.050293, 47.706303, 4433.691895>
11:21:30.308 [Spatial AI] - Spawn location: <6233.412598, 55.784996, 4501.728516>
11:21:30.308 [Spatial AI] - Spawn location: <6167.784668, 55.784996, 4575.932129>
11:21:30.308 [Spatial AI] - Spawn location: <6118.564453, 55.983788, 4602.717773>
11:21:30.308 [Spatial AI] - Spawn location: <6328.272949, 57.550358, 4222.724609>
11:21:30.308 [Spatial AI] - Notification covering location to Radius: 1200
11:21:30.308 [Spatial AI] - Faction: West - Loadout: Tier3Loadout.json - counts: 1:2
11:21:30.309 [Spatial AI] Trigger at location: <6684.780762, 19.119965, 3683.819092> - Radius: 600
11:21:30.309 [Spatial AI] - Spawn location: <6278.407715, 28.765034, 3447.545166>
11:21:30.309 [Spatial AI] - Spawn location: <6755.675293, 36.151375, 4075.736328>
11:21:30.309 [Spatial AI] - Spawn location: <7006.906738, 30.273605, 3865.234863>
11:21:30.309 [Spatial AI] - Spawn location: <6949.021484, 21.095203, 3541.695313>
11:21:30.309 [Spatial AI] - Spawn location: <6589.359863, 24.053549, 3834.674316>
11:21:30.310 [Spatial AI] - Notification covering location to Radius: 1200
11:21:30.310 [Spatial AI] - Faction: West - Loadout: Tier3Loadout.json - counts: 1:2
11:21:30.310 [Spatial AI] Trigger at location: <6964.149902, 26.154997, 2028.302246> - Radius: 800
11:21:30.310 [Spatial AI] - Spawn location: <6572.328613, 31.953953, 1825.117310>
11:21:30.310 [Spatial AI] - Spawn location: <6094.648438, 26.921272, 2077.852539>
11:21:30.311 [Spatial AI] - Spawn location: <7669.805664, 28.631607, 2089.202393>
11:21:30.311 [Spatial AI] - Spawn location: <7804.815430, 26.881310, 1902.841309>
11:21:30.311 [Spatial AI] - Spawn location: <7648.477051, 29.634529, 1539.355957>
11:21:30.311 [Spatial AI] - Notification covering location to Radius: 1600
11:21:30.311 [Spatial AI] - Faction: Raiders - Loadout: Tier3Loadout.json - counts: 1:2
11:21:30.312 [Spatial AI] Trigger at location: <5967.166992, 100.969398, 1322.224121> - Radius: 600
11:21:30.312 [Spatial AI] - Spawn location: <5965.729004, 131.581039, 1268.519531>
11:21:30.312 [Spatial AI] - Spawn location: <5940.924316, 135.952774, 1296.448486>
11:21:30.312 [Spatial AI] - Spawn location: <5938.525879, 126.583969, 1355.067749>
11:21:30.312 [Spatial AI] - Spawn location: <6012.247070, 117.645248, 1344.003052>
11:21:30.312 [Spatial AI] - Spawn location: <6021.266113, 111.844139, 1271.277710>
11:21:30.313 [Spatial AI] - Notification covering location to Radius: 1200
11:21:30.313 [Spatial AI] - Faction: West - Loadout: Tier3Loadout.json - counts: 1:2
11:21:30.313 [Spatial AI] Trigger at location: <3023.516113, 33.652279, 1215.338867> - Radius: 30
11:21:30.313 [Spatial AI] - Spawn location: <3023.704102, 33.671211, 1288.680908>
11:21:30.313 [Spatial AI] - Spawn location: <3040.680664, 33.668671, 1270.301270>
11:21:30.314 [Spatial AI] - Spawn location: <3038.244629, 57.325867, 1246.536743>
11:21:30.314 [Spatial AI] - Spawn location: <3010.893555, 73.233322, 1261.371948>
11:21:30.314 [Spatial AI] - Spawn location: <3040.803711, 73.551743, 1270.284912>
11:21:30.314 [Spatial AI] - Notification covering location to Radius: 60
11:21:30.314 [Spatial AI] - Faction: West - Loadout: Tier4Loadout.json - counts: 1:2
11:21:30.315 [Spatial AI] Trigger at location: <2180.633057, 16.000935, 891.632202> - Radius: 30
11:21:30.315 [Spatial AI] - Spawn location: <1865.483154, 2.010000, 1262.753052>
11:21:30.315 [Spatial AI] - Spawn location: <1952.992920, 2.010000, 1218.104858>
11:21:30.315 [Spatial AI] - Spawn location: <2110.861572, 2.458876, 1050.337524>
11:21:30.315 [Spatial AI] - Spawn location: <2120.560547, 11.189816, 962.748413>
11:21:30.316 [Spatial AI] - Spawn location: <1982.537598, 2.009901, 1186.655762>
11:21:30.316 [Spatial AI] - Notification covering location to Radius: 60
11:21:30.316 [Spatial AI] - Faction: West - Loadout: Tier5Loadout.json - counts: 1:2
11:21:30.316 [Spatial AI] Audio Sensitive Locations Disabled
11:23:07.476 [Spatial AI] Player: LEE Number: 2, Faction name: West, Loadout: Tier2Loadout.json
11:23:08.400 [Spatial AI] Spawning 2 Tier 2 Cassandra bots at <4444.922363, 16.928095, 7257.527832>
11:35:56.878 [AI Object Patrol 00000] Spawning 3 West bots at <2605.348389, 45.652920, 3530.352051>
11:35:56.906 [AI Object Patrol 00000] Global patrol count: 1
11:35:56.907 [AI Object Patrol 00000] HelicopterWreck category patrol count: 1
11:37:54.911 [Spatial AI] Player: LEE Number: 2, Faction name: East, Loadout: Tier1Loadout.json
11:37:59.910 [Spatial AI] Spawning 2 Roblido Boys bots at <2626.491943, 43.939999, 5779.689941>
11:43:06.410 [Spatial AI] Player: LEE Number: 2, Faction name: Raiders, Loadout: Tier3Loadout.json
11:43:07.323 [Spatial AI] Spawning 2 Tier 3 Airfield bots at <7669.805664, 26.129999, 2089.202393>
11:46:31.858 [AI Object Patrol 00000] Despawning 3 West bots (spawn position <2605.348389, 45.652920, 3530.352051>, 0/3 deceased)
11:46:31.858 [AI Object Patrol 00000] Global patrol count: 0
11:46:31.858 [AI Object Patrol 00000] HelicopterWreck category patrol count: 0
11:47:00.623 [AI Object Patrol 00002] Spawning 2 West bots at <6782.125488, 26.129999, 2119.314941>
11:47:00.638 [AI Object Patrol 00002] Global patrol count: 1
11:47:00.638 [AI Object Patrol 00002] HelicopterWreck category patrol count: 1
11:47:00.667 [AI Object Patrol 00005] Spawning 2 East bots at <6749.526367, 26.242748, 2339.410156>
11:47:00.735 [AI Object Patrol 00005] Global patrol count: 2
11:47:00.735 [AI Object Patrol 00005] ObjectPatrol category patrol count: 1
11:47:25.696 [AI Object Patrol 00002] Despawning 2 West bots (spawn position <6782.125488, 26.129999, 2119.314941>, 0/2 deceased)
11:47:25.696 [AI Object Patrol 00002] Global patrol count: 1
11:47:25.697 [AI Object Patrol 00002] HelicopterWreck category patrol count: 0
11:53:17.614 [AI Object Patrol 00005] East bots were wiped out (spawn position <6749.526367, 26.242748, 2339.410156>, 2/2 deceased)
11:53:17.614 [AI Object Patrol 00005] Global patrol count: 0
11:53:17.615 [AI Object Patrol 00005] ObjectPatrol category patrol count: 0
12:00:28.715 [AI Object Patrol 00003] Spawning 1 East bots at <7023.450195, 16.473629, 6067.765137>
12:00:28.741 [AI Object Patrol 00003] Global patrol count: 1
12:00:28.741 [AI Object Patrol 00003] ObjectPatrol category patrol count: 1
12:00:28.752 [Spatial AI] Player: LEE Number: 1, Faction name: West, Loadout: Tier2Loadout.json
12:00:28.811 [Spatial AI] Player: LEE Number: 1, Faction name: West, Loadout: Tier2Loadout.json
12:00:28.870 [Spatial AI] Spawning 1 Tier 2 Fort Eagle bots at <6505.392090, 38.384945, 6801.648926>
12:00:29.674 [Spatial AI] Spawning 1 Tier 2 Fort Eagle Prison bots at <7006.037109, 12.276232, 7332.075684>
12:11:35.071 [AI Object Patrol 00003] Despawning 1 East bots (spawn position <7023.450195, 16.473629, 6067.765137>, 0/1 deceased)
12:11:35.071 [AI Object Patrol 00003] Global patrol count: 0
12:11:35.071 [AI Object Patrol 00003] ObjectPatrol category patrol count: 0
12:13:38.677 [Spatial AI] Player: LEE Number: 1, Faction name: East, Loadout: Tier2Loadout.json
12:13:38.677 [Spatial AI] Player: LEE Number: 2, Faction name: West, Loadout: Tier3Loadout.json
12:13:38.937 [Spatial AI] Spawning 2 Tier 3 South Harbor bots at <1609.511841, -4.221058, 281.901947>
12:13:39.388 [Spatial AI] Spawning 1 Tier 2 South Harbor bots at <2059.458740, 5.940000, 243.491516>
