06:35:07.947 [Spatial AI] Spatial AI Date: 3/6/2025 WC RC30.4
06:36:59.473 [Spatial AI] Spatial AI Enabled
06:36:59.473 [Spatial AI] points Enabled
06:36:59.473 [Spatial AI] Trigger at point: <6840.000000, 1.000000, 1800.000000> - Radius: 500
06:36:59.474 [Spatial AI] - Safe: true - Faction: Civilian - counts: 0:0
06:36:59.474 [Spatial AI] - loadout added: HumanLoadout.json
06:36:59.474 [Spatial AI] - loadout added: NBCLoadout.json
06:36:59.474 [Spatial AI] Locations Enabled
06:36:59.475 [Spatial AI] Trigger at location: <2565.784424, 43.939983, 5814.529785> - Radius: 400
06:36:59.475 [Spatial AI] - Spawn location: <2626.491943, 49.868282, 5779.689941>
06:36:59.475 [Spatial AI] - Spawn location: <2452.179688, 46.326439, 6031.136719>
06:36:59.476 [Spatial AI] - Notification covering location to Radius: 800
06:36:59.477 [Spatial AI] - Faction: East - Loadout: Tier1Loadout.json - counts: 1:2
06:36:59.477 [Spatial AI] Trigger at location: <3405.232178, 32.491611, 5315.078613> - Radius: 400
06:36:59.477 [Spatial AI] - Spawn location: <3405.232178, 32.491611, 5315.078613>
06:36:59.477 [Spatial AI] - Spawn location: <3444.818848, 32.491611, 5315.233887>
06:36:59.478 [Spatial AI] - Notification covering location to Radius: 800
06:36:59.478 [Spatial AI] - Faction: East - Loadout: Knights.json - counts: 1:2
06:36:59.478 [Spatial AI] Trigger at location: <2166.513428, 54.757469, 3129.311523> - Radius: 400
06:36:59.478 [Spatial AI] - Spawn location: <2166.513428, 54.757469, 3129.311523>
06:36:59.478 [Spatial AI] - Spawn location: <2107.288330, 55.818546, 2879.040039>
06:36:59.479 [Spatial AI] - Spawn location: <2085.072021, 68.226509, 3253.361572>
06:36:59.479 [Spatial AI] - Notification covering location to Radius: 800
06:36:59.479 [Spatial AI] - Faction: East - Loadout: Tier2Loadout.json - counts: 1:2
06:36:59.479 [Spatial AI] Trigger at location: <2475.163818, 111.883186, 2439.177246> - Radius: 400
06:36:59.479 [Spatial AI] - Spawn location: <2475.163818, 111.883186, 2439.177246>
06:36:59.479 [Spatial AI] - Spawn location: <2582.363770, 118.270218, 2471.609619>
06:36:59.480 [Spatial AI] - Spawn location: <2486.501221, 119.111588, 2146.257568>
06:36:59.480 [Spatial AI] - Notification covering location to Radius: 800
06:36:59.480 [Spatial AI] - Faction: East - Loadout: Tier2Loadout.json - counts: 1:2
06:36:59.480 [Spatial AI] Trigger at location: <1959.195068, -8.429230, 506.471832> - Radius: 400
06:36:59.481 [Spatial AI] - Spawn location: <1730.281006, 19.528612, 530.052002>
06:36:59.481 [Spatial AI] - Spawn location: <1783.012329, 15.604889, 650.511841>
06:36:59.481 [Spatial AI] - Spawn location: <2059.458740, 8.011173, 243.491516>
06:36:59.481 [Spatial AI] - Notification covering location to Radius: 800
06:36:59.481 [Spatial AI] - Faction: East - Loadout: Tier2Loadout.json - counts: 1:2
06:36:59.482 [Spatial AI] Trigger at location: <1677.099121, 88.060776, 2633.979736> - Radius: 600
06:36:59.482 [Spatial AI] - Spawn location: <1677.099121, 88.060776, 2633.979736>
06:36:59.482 [Spatial AI] - Spawn location: <1636.204712, 72.465286, 2653.237549>
06:36:59.482 [Spatial AI] - Spawn location: <1635.376099, 103.817673, 2677.718994>
06:36:59.482 [Spatial AI] - Notification covering location to Radius: 1200
06:36:59.483 [Spatial AI] - Faction: West - Loadout: Tier2Loadout.json - counts: 1:2
06:36:59.483 [Spatial AI] Trigger at location: <4402.029297, 16.123341, 7551.852539> - Radius: 600
06:36:59.483 [Spatial AI] - Spawn location: <4120.534668, 14.110159, 8082.556152>
06:36:59.483 [Spatial AI] - Spawn location: <4497.582520, 18.200235, 7740.282715>
06:36:59.484 [Spatial AI] - Spawn location: <4585.839355, 23.775570, 7618.369629>
06:36:59.484 [Spatial AI] - Spawn location: <4737.706055, 17.641804, 7501.136230>
06:36:59.484 [Spatial AI] - Spawn location: <4444.922363, 19.111290, 7257.527832>
06:36:59.484 [Spatial AI] - Notification covering location to Radius: 1200
06:36:59.484 [Spatial AI] - Faction: West - Loadout: Tier2Loadout.json - counts: 1:2
06:36:59.485 [Spatial AI] Trigger at location: <6505.392090, 42.859245, 6801.648926> - Radius: 600
06:36:59.485 [Spatial AI] - Spawn location: <6505.392090, 42.859245, 6801.648926>
06:36:59.485 [Spatial AI] - Notification covering location to Radius: 1200
06:36:59.485 [Spatial AI] - Faction: West - Loadout: Tier2Loadout.json - counts: 1:2
06:36:59.486 [Spatial AI] Trigger at location: <6966.417480, 23.390711, 6824.765137> - Radius: 600
06:36:59.486 [Spatial AI] - Spawn location: <7042.800781, 23.576939, 6695.874512>
06:36:59.486 [Spatial AI] - Spawn location: <7006.037109, 20.349613, 7332.075684>
06:36:59.486 [Spatial AI] - Spawn location: <7006.037109, 20.349613, 7332.075684>
06:36:59.486 [Spatial AI] - Spawn location: <7374.560547, 33.467972, 6292.360840>
06:36:59.486 [Spatial AI] - Spawn location: <7157.471191, 21.905560, 6264.816406>
06:36:59.487 [Spatial AI] - Spawn location: <7346.476074, 16.172134, 6073.786133>
06:36:59.487 [Spatial AI] - Notification covering location to Radius: 1200
06:36:59.487 [Spatial AI] - Faction: West - Loadout: Tier2Loadout.json - counts: 1:2
06:36:59.487 [Spatial AI] Trigger at location: <1959.195068, -8.429230, 506.471832> - Radius: 600
06:36:59.487 [Spatial AI] - Spawn location: <1609.511841, 13.478415, 281.901947>
06:36:59.487 [Spatial AI] - Spawn location: <1670.609619, 6.011800, 401.923889>
06:36:59.488 [Spatial AI] - Spawn location: <1826.618896, 23.622952, 282.571472>
06:36:59.488 [Spatial AI] - Notification covering location to Radius: 1200
06:36:59.488 [Spatial AI] - Faction: West - Loadout: Tier3Loadout.json - counts: 1:2
06:36:59.488 [Spatial AI] Trigger at location: <6266.466309, 182.130783, 4490.321289> - Radius: 600
06:36:59.488 [Spatial AI] - Spawn location: <6277.050293, 47.706303, 4433.691895>
06:36:59.489 [Spatial AI] - Spawn location: <6233.412598, 55.784996, 4501.728516>
06:36:59.489 [Spatial AI] - Spawn location: <6167.784668, 55.784996, 4575.932129>
06:36:59.489 [Spatial AI] - Spawn location: <6118.564453, 55.983788, 4602.717773>
06:36:59.489 [Spatial AI] - Spawn location: <6328.272949, 57.550358, 4222.724609>
06:36:59.489 [Spatial AI] - Notification covering location to Radius: 1200
06:36:59.489 [Spatial AI] - Faction: West - Loadout: Tier3Loadout.json - counts: 1:2
06:36:59.490 [Spatial AI] Trigger at location: <6684.780762, 19.119965, 3683.819092> - Radius: 600
06:36:59.490 [Spatial AI] - Spawn location: <6278.407715, 28.765034, 3447.545166>
06:36:59.490 [Spatial AI] - Spawn location: <6755.675293, 36.151375, 4075.736328>
06:36:59.490 [Spatial AI] - Spawn location: <7006.906738, 30.273605, 3865.234863>
06:36:59.491 [Spatial AI] - Spawn location: <6949.021484, 21.095203, 3541.695313>
06:36:59.491 [Spatial AI] - Spawn location: <6589.359863, 24.053549, 3834.674316>
06:36:59.491 [Spatial AI] - Notification covering location to Radius: 1200
06:36:59.491 [Spatial AI] - Faction: West - Loadout: Tier3Loadout.json - counts: 1:2
06:36:59.492 [Spatial AI] Trigger at location: <6964.149902, 26.154997, 2028.302246> - Radius: 800
06:36:59.492 [Spatial AI] - Spawn location: <6572.328613, 31.953953, 1825.117310>
06:36:59.492 [Spatial AI] - Spawn location: <6094.648438, 26.921272, 2077.852539>
06:36:59.492 [Spatial AI] - Spawn location: <7669.805664, 28.631607, 2089.202393>
06:36:59.492 [Spatial AI] - Spawn location: <7804.815430, 26.881310, 1902.841309>
06:36:59.493 [Spatial AI] - Spawn location: <7648.477051, 29.634529, 1539.355957>
06:36:59.493 [Spatial AI] - Notification covering location to Radius: 1600
06:36:59.493 [Spatial AI] - Faction: Raiders - Loadout: Tier3Loadout.json - counts: 1:2
06:36:59.494 [Spatial AI] Trigger at location: <5967.166992, 100.969398, 1322.224121> - Radius: 600
06:36:59.494 [Spatial AI] - Spawn location: <5965.729004, 131.581039, 1268.519531>
06:36:59.494 [Spatial AI] - Spawn location: <5940.924316, 135.952774, 1296.448486>
06:36:59.494 [Spatial AI] - Spawn location: <5938.525879, 126.583969, 1355.067749>
06:36:59.494 [Spatial AI] - Spawn location: <6012.247070, 117.645248, 1344.003052>
06:36:59.494 [Spatial AI] - Spawn location: <6021.266113, 111.844139, 1271.277710>
06:36:59.494 [Spatial AI] - Notification covering location to Radius: 1200
06:36:59.495 [Spatial AI] - Faction: West - Loadout: Tier3Loadout.json - counts: 1:2
06:36:59.495 [Spatial AI] Trigger at location: <3023.516113, 33.652279, 1215.338867> - Radius: 30
06:36:59.495 [Spatial AI] - Spawn location: <3023.704102, 33.671211, 1288.680908>
06:36:59.495 [Spatial AI] - Spawn location: <3040.680664, 33.668671, 1270.301270>
06:36:59.495 [Spatial AI] - Spawn location: <3038.244629, 57.325867, 1246.536743>
06:36:59.496 [Spatial AI] - Spawn location: <3010.893555, 73.233322, 1261.371948>
06:36:59.496 [Spatial AI] - Spawn location: <3040.803711, 73.551743, 1270.284912>
06:36:59.496 [Spatial AI] - Notification covering location to Radius: 60
06:36:59.496 [Spatial AI] - Faction: West - Loadout: Tier4Loadout.json - counts: 1:2
06:36:59.496 [Spatial AI] Trigger at location: <2180.633057, 16.000935, 891.632202> - Radius: 30
06:36:59.496 [Spatial AI] - Spawn location: <1865.483154, 2.010000, 1262.753052>
06:36:59.497 [Spatial AI] - Spawn location: <1952.992920, 2.010000, 1218.104858>
06:36:59.497 [Spatial AI] - Spawn location: <2110.861572, 2.458876, 1050.337524>
06:36:59.497 [Spatial AI] - Spawn location: <2120.560547, 11.189816, 962.748413>
06:36:59.497 [Spatial AI] - Spawn location: <1982.537598, 2.009901, 1186.655762>
06:36:59.497 [Spatial AI] - Notification covering location to Radius: 60
06:36:59.497 [Spatial AI] - Faction: West - Loadout: Tier5Loadout.json - counts: 1:2
06:36:59.498 [Spatial AI] Audio Sensitive Locations Disabled
06:39:29.042 [VehicleDeleted] Niva2329 (id=5495FA3B284139D3318773B17337A7D3 pos=<0, 0.53, -0.01>)
06:39:29.044 [Market] Player "LEE" (id=R5KkZb3Ywicboa8ntCzbBJK6WLpakj_6yA-ghmDo4lw=) has bought niva2329 x1 (618e4950) from the trader "Vehicles (Manua [#STR_EXPANSION_MARKET_TRADER_VEHICLES])" in market zone "World Trader Zone" (pos=<6954.203125, 63.424213, 837.677307>) for a price of 160000.
06:40:28.012 [VehicleDeleted] Niva2329 (id=09A43A841C415A83B9052FB985858FF9 pos=<6954.2, 63.24, 837.67>)
06:44:39.317 [AI Object Patrol 00000] Spawning 1 East bots at <2504.433350, 43.939999, 5717.063477>
06:44:39.481 [AI Object Patrol 00000] Global patrol count: 1
06:44:39.481 [AI Object Patrol 00000] ObjectPatrol category patrol count: 1
