07:45:08.721 [Spatial AI] Spatial AI Date: 3/6/2025 WC RC30.4
07:46:49.090 [Spatial AI] Spatial AI Enabled
07:46:49.090 [Spatial AI] points Enabled
07:46:49.090 [Spatial AI] Trigger at point: <6840.000000, 1.000000, 1800.000000> - Radius: 500
07:46:49.091 [Spatial AI] - Safe: true - Faction: Civilian - counts: 0:0
07:46:49.091 [Spatial AI] - loadout added: HumanLoadout.json
07:46:49.091 [Spatial AI] - loadout added: NBCLoadout.json
07:46:49.091 [Spatial AI] Locations Enabled
07:46:49.092 [Spatial AI] Trigger at location: <2565.784424, 43.939983, 5814.529785> - Radius: 400
07:46:49.092 [Spatial AI] - Spawn location: <2626.491943, 49.868282, 5779.689941>
07:46:49.093 [Spatial AI] - Spawn location: <2452.179688, 46.326439, 6031.136719>
07:46:49.093 [Spatial AI] - Notification covering location to Radius: 800
07:46:49.093 [Spatial AI] - Faction: East - Loadout: Tier1Loadout.json - counts: 1:2
07:46:49.094 [Spatial AI] Trigger at location: <3405.232178, 32.491611, 5315.078613> - Radius: 400
07:46:49.094 [Spatial AI] - Spawn location: <3405.232178, 32.491611, 5315.078613>
07:46:49.094 [Spatial AI] - Spawn location: <3444.818848, 32.491611, 5315.233887>
07:46:49.095 [Spatial AI] - Notification covering location to Radius: 800
07:46:49.095 [Spatial AI] - Faction: East - Loadout: Knights.json - counts: 1:2
07:46:49.095 [Spatial AI] Trigger at location: <2166.513428, 54.757469, 3129.311523> - Radius: 400
07:46:49.095 [Spatial AI] - Spawn location: <2166.513428, 54.757469, 3129.311523>
07:46:49.095 [Spatial AI] - Spawn location: <2107.288330, 55.818546, 2879.040039>
07:46:49.096 [Spatial AI] - Spawn location: <2085.072021, 68.226509, 3253.361572>
07:46:49.096 [Spatial AI] - Notification covering location to Radius: 800
07:46:49.096 [Spatial AI] - Faction: East - Loadout: Tier2Loadout.json - counts: 1:2
07:46:49.096 [Spatial AI] Trigger at location: <2475.163818, 111.883186, 2439.177246> - Radius: 400
07:46:49.097 [Spatial AI] - Spawn location: <2475.163818, 111.883186, 2439.177246>
07:46:49.097 [Spatial AI] - Spawn location: <2582.363770, 118.270218, 2471.609619>
07:46:49.097 [Spatial AI] - Spawn location: <2486.501221, 119.111588, 2146.257568>
07:46:49.097 [Spatial AI] - Notification covering location to Radius: 800
07:46:49.097 [Spatial AI] - Faction: East - Loadout: Tier2Loadout.json - counts: 1:2
07:46:49.098 [Spatial AI] Trigger at location: <1959.195068, -8.429230, 506.471832> - Radius: 400
07:46:49.098 [Spatial AI] - Spawn location: <1730.281006, 19.528612, 530.052002>
07:46:49.098 [Spatial AI] - Spawn location: <1783.012329, 15.604889, 650.511841>
07:46:49.098 [Spatial AI] - Spawn location: <2059.458740, 8.011173, 243.491516>
07:46:49.099 [Spatial AI] - Notification covering location to Radius: 800
07:46:49.099 [Spatial AI] - Faction: East - Loadout: Tier2Loadout.json - counts: 1:2
07:46:49.099 [Spatial AI] Trigger at location: <1677.099121, 88.060776, 2633.979736> - Radius: 600
07:46:49.099 [Spatial AI] - Spawn location: <1677.099121, 88.060776, 2633.979736>
07:46:49.100 [Spatial AI] - Spawn location: <1636.204712, 72.465286, 2653.237549>
07:46:49.100 [Spatial AI] - Spawn location: <1635.376099, 103.817673, 2677.718994>
07:46:49.100 [Spatial AI] - Notification covering location to Radius: 1200
07:46:49.100 [Spatial AI] - Faction: West - Loadout: Tier2Loadout.json - counts: 1:2
07:46:49.101 [Spatial AI] Trigger at location: <4402.029297, 16.123341, 7551.852539> - Radius: 600
07:46:49.101 [Spatial AI] - Spawn location: <4120.534668, 14.110159, 8082.556152>
07:46:49.101 [Spatial AI] - Spawn location: <4497.582520, 18.200235, 7740.282715>
07:46:49.101 [Spatial AI] - Spawn location: <4585.839355, 23.775570, 7618.369629>
07:46:49.101 [Spatial AI] - Spawn location: <4737.706055, 17.641804, 7501.136230>
07:46:49.102 [Spatial AI] - Spawn location: <4444.922363, 19.111290, 7257.527832>
07:46:49.102 [Spatial AI] - Notification covering location to Radius: 1200
07:46:49.102 [Spatial AI] - Faction: West - Loadout: Tier2Loadout.json - counts: 1:2
07:46:49.103 [Spatial AI] Trigger at location: <6505.392090, 42.859245, 6801.648926> - Radius: 600
07:46:49.103 [Spatial AI] - Spawn location: <6505.392090, 42.859245, 6801.648926>
07:46:49.103 [Spatial AI] - Notification covering location to Radius: 1200
07:46:49.103 [Spatial AI] - Faction: West - Loadout: Tier2Loadout.json - counts: 1:2
07:46:49.104 [Spatial AI] Trigger at location: <6966.417480, 23.390711, 6824.765137> - Radius: 600
07:46:49.104 [Spatial AI] - Spawn location: <7042.800781, 23.576939, 6695.874512>
07:46:49.104 [Spatial AI] - Spawn location: <7006.037109, 20.349613, 7332.075684>
07:46:49.104 [Spatial AI] - Spawn location: <7006.037109, 20.349613, 7332.075684>
07:46:49.104 [Spatial AI] - Spawn location: <7374.560547, 33.467972, 6292.360840>
07:46:49.104 [Spatial AI] - Spawn location: <7157.471191, 21.905560, 6264.816406>
07:46:49.105 [Spatial AI] - Spawn location: <7346.476074, 16.172134, 6073.786133>
07:46:49.105 [Spatial AI] - Notification covering location to Radius: 1200
07:46:49.105 [Spatial AI] - Faction: West - Loadout: Tier2Loadout.json - counts: 1:2
07:46:49.105 [Spatial AI] Trigger at location: <1959.195068, -8.429230, 506.471832> - Radius: 600
07:46:49.106 [Spatial AI] - Spawn location: <1609.511841, 13.478415, 281.901947>
07:46:49.106 [Spatial AI] - Spawn location: <1670.609619, 6.011800, 401.923889>
07:46:49.106 [Spatial AI] - Spawn location: <1826.618896, 23.622952, 282.571472>
07:46:49.106 [Spatial AI] - Notification covering location to Radius: 1200
07:46:49.106 [Spatial AI] - Faction: West - Loadout: Tier3Loadout.json - counts: 1:2
07:46:49.107 [Spatial AI] Trigger at location: <6266.466309, 182.130783, 4490.321289> - Radius: 600
07:46:49.107 [Spatial AI] - Spawn location: <6277.050293, 47.706303, 4433.691895>
07:46:49.107 [Spatial AI] - Spawn location: <6233.412598, 55.784996, 4501.728516>
07:46:49.107 [Spatial AI] - Spawn location: <6167.784668, 55.784996, 4575.932129>
07:46:49.108 [Spatial AI] - Spawn location: <6118.564453, 55.983788, 4602.717773>
07:46:49.108 [Spatial AI] - Spawn location: <6328.272949, 57.550358, 4222.724609>
07:46:49.108 [Spatial AI] - Notification covering location to Radius: 1200
07:46:49.108 [Spatial AI] - Faction: West - Loadout: Tier3Loadout.json - counts: 1:2
07:46:49.109 [Spatial AI] Trigger at location: <6684.780762, 19.119965, 3683.819092> - Radius: 600
07:46:49.109 [Spatial AI] - Spawn location: <6278.407715, 28.765034, 3447.545166>
07:46:49.109 [Spatial AI] - Spawn location: <6755.675293, 36.151375, 4075.736328>
07:46:49.109 [Spatial AI] - Spawn location: <7006.906738, 30.273605, 3865.234863>
07:46:49.109 [Spatial AI] - Spawn location: <6949.021484, 21.095203, 3541.695313>
07:46:49.109 [Spatial AI] - Spawn location: <6589.359863, 24.053549, 3834.674316>
07:46:49.110 [Spatial AI] - Notification covering location to Radius: 1200
07:46:49.110 [Spatial AI] - Faction: West - Loadout: Tier3Loadout.json - counts: 1:2
07:46:49.110 [Spatial AI] Trigger at location: <6964.149902, 26.154997, 2028.302246> - Radius: 800
07:46:49.110 [Spatial AI] - Spawn location: <6572.328613, 31.953953, 1825.117310>
07:46:49.111 [Spatial AI] - Spawn location: <6094.648438, 26.921272, 2077.852539>
07:46:49.111 [Spatial AI] - Spawn location: <7669.805664, 28.631607, 2089.202393>
07:46:49.111 [Spatial AI] - Spawn location: <7804.815430, 26.881310, 1902.841309>
07:46:49.111 [Spatial AI] - Spawn location: <7648.477051, 29.634529, 1539.355957>
07:46:49.111 [Spatial AI] - Notification covering location to Radius: 1600
07:46:49.111 [Spatial AI] - Faction: Raiders - Loadout: Tier3Loadout.json - counts: 1:2
07:46:49.112 [Spatial AI] Trigger at location: <5967.166992, 100.969398, 1322.224121> - Radius: 600
07:46:49.112 [Spatial AI] - Spawn location: <5965.729004, 131.581039, 1268.519531>
07:46:49.112 [Spatial AI] - Spawn location: <5940.924316, 135.952774, 1296.448486>
07:46:49.112 [Spatial AI] - Spawn location: <5938.525879, 126.583969, 1355.067749>
07:46:49.112 [Spatial AI] - Spawn location: <6012.247070, 117.645248, 1344.003052>
07:46:49.113 [Spatial AI] - Spawn location: <6021.266113, 111.844139, 1271.277710>
07:46:49.113 [Spatial AI] - Notification covering location to Radius: 1200
07:46:49.113 [Spatial AI] - Faction: West - Loadout: Tier3Loadout.json - counts: 1:2
07:46:49.113 [Spatial AI] Trigger at location: <3023.516113, 33.652279, 1215.338867> - Radius: 30
07:46:49.114 [Spatial AI] - Spawn location: <3023.704102, 33.671211, 1288.680908>
07:46:49.114 [Spatial AI] - Spawn location: <3040.680664, 33.668671, 1270.301270>
07:46:49.114 [Spatial AI] - Spawn location: <3038.244629, 57.325867, 1246.536743>
07:46:49.114 [Spatial AI] - Spawn location: <3010.893555, 73.233322, 1261.371948>
07:46:49.114 [Spatial AI] - Spawn location: <3040.803711, 73.551743, 1270.284912>
07:46:49.114 [Spatial AI] - Notification covering location to Radius: 60
07:46:49.115 [Spatial AI] - Faction: West - Loadout: Tier4Loadout.json - counts: 1:2
07:46:49.115 [Spatial AI] Trigger at location: <2180.633057, 16.000935, 891.632202> - Radius: 30
07:46:49.115 [Spatial AI] - Spawn location: <1865.483154, 2.010000, 1262.753052>
07:46:49.115 [Spatial AI] - Spawn location: <1952.992920, 2.010000, 1218.104858>
07:46:49.115 [Spatial AI] - Spawn location: <2110.861572, 2.458876, 1050.337524>
07:46:49.116 [Spatial AI] - Spawn location: <2120.560547, 11.189816, 962.748413>
07:46:49.116 [Spatial AI] - Spawn location: <1982.537598, 2.009901, 1186.655762>
07:46:49.116 [Spatial AI] - Notification covering location to Radius: 60
07:46:49.116 [Spatial AI] - Faction: West - Loadout: Tier5Loadout.json - counts: 1:2
07:46:49.116 [Spatial AI] Audio Sensitive Locations Disabled
08:26:26.493 [AI Object Patrol 00005] Spawning 3 East bots at <2290.090576, 64.443344, 7029.445801>
08:26:26.564 [AI Object Patrol 00005] Global patrol count: 1
08:26:26.565 [AI Object Patrol 00005] ObjectPatrol category patrol count: 1
08:53:18.790 [Spatial AI] Player: Pengowski Number: 1, Faction name: East, Loadout: Tier1Loadout.json
08:53:19.060 [Spatial AI] Spawning 1 Roblido Boys bots at <2626.491943, 43.939999, 5779.689941>
08:57:03.951 [Spatial AI] Next valid check in: 3824237ms
09:03:00.905 [AI Object Patrol 00005] Despawning 3 East bots (spawn position <2290.090576, 64.443344, 7029.445801>, 0/3 deceased)
09:03:00.905 [AI Object Patrol 00005] Global patrol count: 0
09:03:00.905 [AI Object Patrol 00005] ObjectPatrol category patrol count: 0
10:00:48.156 [AI Object Patrol 00003] Spawning 1 East bots at <3715.472168, 4.640000, 6037.667969>
10:00:48.213 [AI Object Patrol 00003] Global patrol count: 1
10:00:48.214 [AI Object Patrol 00003] ObjectPatrol category patrol count: 1
10:00:48.216 [Spatial AI] Next valid check in: 4667959ms
10:04:15.459 [Spatial AI] Player: Pengowski Number: 1, Faction name: East, Loadout: Knights.json
10:04:16.237 [Spatial AI] Spawning 1 Tier 2 Knights bots at <3405.232178, 30.700001, 5315.078613>
10:06:26.604 [AI Object Patrol 00009] Spawning 2 East bots at <3984.386719, 19.773924, 4650.431152>
10:06:26.632 [AI Object Patrol 00009] Global patrol count: 2
10:06:26.632 [AI Object Patrol 00009] ObjectPatrol category patrol count: 2
10:10:21.269 [AI Object Patrol 00010] Spawning 1 East bots at <3985.067627, 19.840906, 4643.575195>
10:10:21.312 [AI Object Patrol 00010] Global patrol count: 3
10:10:21.312 [AI Object Patrol 00010] ObjectPatrol category patrol count: 3
10:18:39.618 [AI Object Patrol 00009] Despawning 2 East bots (spawn position <3984.386719, 19.773924, 4650.431152>, 0/2 deceased)
10:18:39.618 [AI Object Patrol 00009] Global patrol count: 2
10:18:39.618 [AI Object Patrol 00009] ObjectPatrol category patrol count: 2
10:22:04.045 [AI Object Patrol 00010] Despawning 1 East bots (spawn position <3985.067627, 19.840906, 4643.575195>, 0/1 deceased)
10:22:04.045 [AI Object Patrol 00010] Global patrol count: 1
10:22:04.046 [AI Object Patrol 00010] ObjectPatrol category patrol count: 1
10:28:11.760 [AI Object Patrol 00003] Despawning 1 East bots (spawn position <3715.472168, 4.640000, 6037.667969>, 0/1 deceased)
10:28:11.760 [AI Object Patrol 00003] Global patrol count: 0
10:28:11.760 [AI Object Patrol 00003] ObjectPatrol category patrol count: 0
11:18:36.174 [Spatial AI] Next valid check in: 5002723ms
11:45:30.411 [AI Object Patrol 00013] Spawning 1 East bots at <5072.041504, 35.247318, 1432.918701>
11:45:30.464 [AI Object Patrol 00013] Global patrol count: 1
11:45:30.465 [AI Object Patrol 00013] ObjectPatrol category patrol count: 1
12:01:15.355 [AI Object Patrol 00013] Despawning 1 East bots (spawn position <5072.041504, 35.247318, 1432.918701>, 0/1 deceased)
12:01:15.355 [AI Object Patrol 00013] Global patrol count: 0
12:01:15.356 [AI Object Patrol 00013] ObjectPatrol category patrol count: 0
12:02:01.289 [AI Object Patrol 00015] Spawning 3 East bots at <5086.861328, 34.575737, 1430.938232>
12:02:01.329 [AI Object Patrol 00015] Global patrol count: 1
12:02:01.329 [AI Object Patrol 00015] ObjectPatrol category patrol count: 1
12:13:16.279 [AI Object Patrol 00015] Despawning 3 East bots (spawn position <5086.861328, 34.575737, 1430.938232>, 0/3 deceased)
12:13:16.280 [AI Object Patrol 00015] Global patrol count: 0
12:13:16.280 [AI Object Patrol 00015] ObjectPatrol category patrol count: 0
12:41:32.656 [Spatial AI] Player: Pengowski Number: 2, Faction name: Raiders, Loadout: Tier3Loadout.json
12:41:33.348 [Spatial AI] Spawning 2 Tier 3 Airfield bots at <6572.328613, 29.434317, 1825.117310>
12:41:59.021 [Spatial AI] Next valid check in: 4128129ms
13:41:33.192 [Spatial AI] Player: Pengowski Number: 2, Faction name: Raiders, Loadout: Tier3Loadout.json
13:41:33.351 [Spatial AI] Spawning 2 Tier 3 Airfield bots at <7648.477051, 27.707310, 1539.355957>
13:48:02.213 [Market] Player "Pengowski" (id=R5KkZb3Ywicboa8ntCzbBJK6WLpakj_6yA-ghmDo4lw=) has sold combatknife x1 (46de6350) at the trader "Weapons (Oliver [#STR_EXPANSION_MARKET_TRADER_WEAPONS])" in market zone "World Trader Zone" (pos=<6954.203125, 63.424213, 837.677307>) and got 924.
13:48:10.651 [Market] Player "Pengowski" (id=R5KkZb3Ywicboa8ntCzbBJK6WLpakj_6yA-ghmDo4lw=) has sold huntingknife x1 (772090b0) at the trader "Weapons (Oliver [#STR_EXPANSION_MARKET_TRADER_WEAPONS])" in market zone "World Trader Zone" (pos=<6954.203125, 63.424213, 837.677307>) and got 570.
13:48:12.522 [Market] Player "Pengowski" (id=R5KkZb3Ywicboa8ntCzbBJK6WLpakj_6yA-ghmDo4lw=) has sold steakknife x1 (46dfc9c0) at the trader "Weapons (Oliver [#STR_EXPANSION_MARKET_TRADER_WEAPONS])" in market zone "World Trader Zone" (pos=<6954.203125, 63.424213, 837.677307>) and got 384.
13:50:41.925 [Spatial AI] Player: Pengowski Number: 1, Faction name: West, Loadout: Tier3Loadout.json
13:50:42.482 [Spatial AI] Spawning 1 Tier 3 Bunker bots at <5965.729004, 129.313049, 1268.519531>
13:50:47.166 [Spatial AI] Player: Pengowski Number: 2, Faction name: Raiders, Loadout: PoliceLoadout.json
13:50:47.166 [Spatial AI] Next valid check in: 5088473ms
13:50:47.678 [Spatial AI] Spawning 2 Raiders bots at <6445.885742, 100.859062, 741.209167>
