10:08:04.692 [Spatial AI] Spatial AI Date: 3/6/2025 WC RC30.4
10:09:42.323 [Spatial AI] Spatial AI Enabled
10:09:42.323 [Spatial AI] points Disabled
10:09:42.323 [Spatial AI] Locations Enabled
10:09:42.324 [Spatial AI] Trigger at location: <2565.784424, 43.939983, 5814.529785> - Radius: 400
10:09:42.324 [Spatial AI] - Spawn location: <2626.491943, 49.868282, 5779.689941>
10:09:42.324 [Spatial AI] - Spawn location: <2452.179688, 46.326439, 6031.136719>
10:09:42.324 [Spatial AI] - Notification covering location to Radius: 800
10:09:42.325 [Spatial AI] - Faction: East - Loadout: Tier1Loadout.json - counts: 1:2
10:09:42.325 [Spatial AI] Trigger at location: <3405.232178, 32.491611, 5315.078613> - Radius: 400
10:09:42.325 [Spatial AI] - Spawn location: <3405.232178, 32.491611, 5315.078613>
10:09:42.326 [Spatial AI] - Spawn location: <3444.818848, 32.491611, 5315.233887>
10:09:42.326 [Spatial AI] - Notification covering location to Radius: 800
10:09:42.326 [Spatial AI] - Faction: East - Loadout: Knights.json - counts: 1:2
10:09:42.326 [Spatial AI] Trigger at location: <2166.513428, 54.757469, 3129.311523> - Radius: 400
10:09:42.326 [Spatial AI] - Spawn location: <2166.513428, 54.757469, 3129.311523>
10:09:42.326 [Spatial AI] - Spawn location: <2107.288330, 55.818546, 2879.040039>
10:09:42.327 [Spatial AI] - Spawn location: <2085.072021, 68.226509, 3253.361572>
10:09:42.327 [Spatial AI] - Notification covering location to Radius: 800
10:09:42.327 [Spatial AI] - Faction: East - Loadout: Tier2Loadout.json - counts: 1:2
10:09:42.327 [Spatial AI] Trigger at location: <2475.163818, 111.883186, 2439.177246> - Radius: 400
10:09:42.327 [Spatial AI] - Spawn location: <2475.163818, 111.883186, 2439.177246>
10:09:42.328 [Spatial AI] - Spawn location: <2582.363770, 118.270218, 2471.609619>
10:09:42.328 [Spatial AI] - Spawn location: <2486.501221, 119.111588, 2146.257568>
10:09:42.328 [Spatial AI] - Notification covering location to Radius: 800
10:09:42.328 [Spatial AI] - Faction: East - Loadout: Tier2Loadout.json - counts: 1:2
10:09:42.328 [Spatial AI] Trigger at location: <1959.195068, -8.429230, 506.471832> - Radius: 400
10:09:42.328 [Spatial AI] - Spawn location: <1730.281006, 19.528612, 530.052002>
10:09:42.328 [Spatial AI] - Spawn location: <1783.012329, 15.604889, 650.511841>
10:09:42.329 [Spatial AI] - Spawn location: <2059.458740, 8.011173, 243.491516>
10:09:42.329 [Spatial AI] - Notification covering location to Radius: 800
10:09:42.329 [Spatial AI] - Faction: East - Loadout: Tier2Loadout.json - counts: 1:2
10:09:42.329 [Spatial AI] Trigger at location: <1677.099121, 88.060776, 2633.979736> - Radius: 600
10:09:42.329 [Spatial AI] - Spawn location: <1677.099121, 88.060776, 2633.979736>
10:09:42.329 [Spatial AI] - Spawn location: <1636.204712, 72.465286, 2653.237549>
10:09:42.330 [Spatial AI] - Spawn location: <1635.376099, 103.817673, 2677.718994>
10:09:42.330 [Spatial AI] - Notification covering location to Radius: 1200
10:09:42.330 [Spatial AI] - Faction: West - Loadout: Tier2Loadout.json - counts: 1:2
10:09:42.330 [Spatial AI] Trigger at location: <4402.029297, 16.123341, 7551.852539> - Radius: 600
10:09:42.330 [Spatial AI] - Spawn location: <4120.534668, 14.110159, 8082.556152>
10:09:42.331 [Spatial AI] - Spawn location: <4497.582520, 18.200235, 7740.282715>
10:09:42.331 [Spatial AI] - Spawn location: <4585.839355, 23.775570, 7618.369629>
10:09:42.331 [Spatial AI] - Spawn location: <4737.706055, 17.641804, 7501.136230>
10:09:42.331 [Spatial AI] - Spawn location: <4444.922363, 19.111290, 7257.527832>
10:09:42.331 [Spatial AI] - Notification covering location to Radius: 1200
10:09:42.331 [Spatial AI] - Faction: West - Loadout: Tier2Loadout.json - counts: 1:2
10:09:42.332 [Spatial AI] Trigger at location: <6505.392090, 42.859245, 6801.648926> - Radius: 600
10:09:42.332 [Spatial AI] - Spawn location: <6505.392090, 42.859245, 6801.648926>
10:09:42.332 [Spatial AI] - Notification covering location to Radius: 1200
10:09:42.332 [Spatial AI] - Faction: West - Loadout: Tier2Loadout.json - counts: 1:2
10:09:42.333 [Spatial AI] Trigger at location: <6966.417480, 23.390711, 6824.765137> - Radius: 600
10:09:42.333 [Spatial AI] - Spawn location: <7042.800781, 23.576939, 6695.874512>
10:09:42.333 [Spatial AI] - Spawn location: <7006.037109, 20.349613, 7332.075684>
10:09:42.334 [Spatial AI] - Spawn location: <7006.037109, 20.349613, 7332.075684>
10:09:42.334 [Spatial AI] - Spawn location: <7374.560547, 33.467972, 6292.360840>
10:09:42.334 [Spatial AI] - Spawn location: <7157.471191, 21.905560, 6264.816406>
10:09:42.334 [Spatial AI] - Spawn location: <7346.476074, 16.172134, 6073.786133>
10:09:42.334 [Spatial AI] - Notification covering location to Radius: 1200
10:09:42.335 [Spatial AI] - Faction: West - Loadout: Tier2Loadout.json - counts: 1:2
10:09:42.335 [Spatial AI] Trigger at location: <1959.195068, -8.429230, 506.471832> - Radius: 600
10:09:42.335 [Spatial AI] - Spawn location: <1609.511841, 13.478415, 281.901947>
10:09:42.336 [Spatial AI] - Spawn location: <1670.609619, 6.011800, 401.923889>
10:09:42.336 [Spatial AI] - Spawn location: <1826.618896, 23.622952, 282.571472>
10:09:42.336 [Spatial AI] - Notification covering location to Radius: 1200
10:09:42.336 [Spatial AI] - Faction: West - Loadout: Tier3Loadout.json - counts: 1:2
10:09:42.337 [Spatial AI] Trigger at location: <6266.466309, 182.130783, 4490.321289> - Radius: 600
10:09:42.337 [Spatial AI] - Spawn location: <6277.050293, 47.706303, 4433.691895>
10:09:42.337 [Spatial AI] - Spawn location: <6233.412598, 55.784996, 4501.728516>
10:09:42.337 [Spatial AI] - Spawn location: <6167.784668, 55.784996, 4575.932129>
10:09:42.337 [Spatial AI] - Spawn location: <6118.564453, 55.983788, 4602.717773>
10:09:42.337 [Spatial AI] - Spawn location: <6328.272949, 57.550358, 4222.724609>
10:09:42.337 [Spatial AI] - Notification covering location to Radius: 1200
10:09:42.338 [Spatial AI] - Faction: West - Loadout: Tier3Loadout.json - counts: 1:2
10:09:42.338 [Spatial AI] Trigger at location: <6684.780762, 19.119965, 3683.819092> - Radius: 600
10:09:42.338 [Spatial AI] - Spawn location: <6278.407715, 28.765034, 3447.545166>
10:09:42.338 [Spatial AI] - Spawn location: <6755.675293, 36.151375, 4075.736328>
10:09:42.338 [Spatial AI] - Spawn location: <7006.906738, 30.273605, 3865.234863>
10:09:42.339 [Spatial AI] - Spawn location: <6949.021484, 21.095203, 3541.695313>
10:09:42.339 [Spatial AI] - Spawn location: <6589.359863, 24.053549, 3834.674316>
10:09:42.339 [Spatial AI] - Notification covering location to Radius: 1200
10:09:42.339 [Spatial AI] - Faction: West - Loadout: Tier3Loadout.json - counts: 1:2
10:09:42.340 [Spatial AI] Trigger at location: <6964.149902, 26.154997, 2028.302246> - Radius: 800
10:09:42.340 [Spatial AI] - Spawn location: <6572.328613, 31.953953, 1825.117310>
10:09:42.340 [Spatial AI] - Spawn location: <6094.648438, 26.921272, 2077.852539>
10:09:42.340 [Spatial AI] - Spawn location: <7669.805664, 28.631607, 2089.202393>
10:09:42.340 [Spatial AI] - Spawn location: <7804.815430, 26.881310, 1902.841309>
10:09:42.340 [Spatial AI] - Spawn location: <7648.477051, 29.634529, 1539.355957>
10:09:42.340 [Spatial AI] - Notification covering location to Radius: 1600
10:09:42.341 [Spatial AI] - Faction: Raiders - Loadout: Tier3Loadout.json - counts: 1:2
10:09:42.341 [Spatial AI] Trigger at location: <5967.166992, 100.969398, 1322.224121> - Radius: 600
10:09:42.341 [Spatial AI] - Spawn location: <5965.729004, 131.581039, 1268.519531>
10:09:42.341 [Spatial AI] - Spawn location: <5940.924316, 135.952774, 1296.448486>
10:09:42.341 [Spatial AI] - Spawn location: <5938.525879, 126.583969, 1355.067749>
10:09:42.342 [Spatial AI] - Spawn location: <6012.247070, 117.645248, 1344.003052>
10:09:42.342 [Spatial AI] - Spawn location: <6021.266113, 111.844139, 1271.277710>
10:09:42.342 [Spatial AI] - Notification covering location to Radius: 1200
10:09:42.342 [Spatial AI] - Faction: West - Loadout: Tier3Loadout.json - counts: 1:2
10:09:42.342 [Spatial AI] Trigger at location: <3023.516113, 33.652279, 1215.338867> - Radius: 30
10:09:42.342 [Spatial AI] - Spawn location: <3023.704102, 33.671211, 1288.680908>
10:09:42.343 [Spatial AI] - Spawn location: <3040.680664, 33.668671, 1270.301270>
10:09:42.343 [Spatial AI] - Spawn location: <3038.244629, 57.325867, 1246.536743>
10:09:42.343 [Spatial AI] - Spawn location: <3010.893555, 73.233322, 1261.371948>
10:09:42.343 [Spatial AI] - Spawn location: <3040.803711, 73.551743, 1270.284912>
10:09:42.343 [Spatial AI] - Notification covering location to Radius: 60
10:09:42.343 [Spatial AI] - Faction: West - Loadout: Tier4Loadout.json - counts: 1:2
10:09:42.344 [Spatial AI] Trigger at location: <2180.633057, 16.000935, 891.632202> - Radius: 30
10:09:42.344 [Spatial AI] - Spawn location: <1865.483154, 2.010000, 1262.753052>
10:09:42.344 [Spatial AI] - Spawn location: <1952.992920, 2.010000, 1218.104858>
10:09:42.344 [Spatial AI] - Spawn location: <2110.861572, 2.458876, 1050.337524>
10:09:42.344 [Spatial AI] - Spawn location: <2120.560547, 11.189816, 962.748413>
10:09:42.344 [Spatial AI] - Spawn location: <1982.537598, 2.009901, 1186.655762>
10:09:42.344 [Spatial AI] - Notification covering location to Radius: 60
10:09:42.345 [Spatial AI] - Faction: West - Loadout: Tier5Loadout.json - counts: 1:2
10:09:42.345 [Spatial AI] Audio Sensitive Locations Disabled
10:16:22.070 [Spatial AI] Player: Pengowski Number: 2, Faction name: Raiders, Loadout: Tier3Loadout.json
10:16:22.568 [Spatial AI] Spawning 2 Tier 3 Airfield bots at <7804.815430, 26.129999, 1902.841309>
10:18:47.040 [Spatial AI] Player: Pengowski Number: 1, Faction name: West, Loadout: Tier3Loadout.json
10:18:47.772 [Spatial AI] Spawning 1 Tier 3 Bunker bots at <5940.924316, 133.484268, 1296.448486>
10:21:14.671 [Spatial AI] Player: Pengowski Number: 2, Faction name: West, Loadout: Tier3Loadout.json
10:21:14.804 [Spatial AI] Player: Pengowski Number: 1, Faction name: East, Loadout: Tier2Loadout.json
10:21:14.997 [Spatial AI] Spawning 2 Tier 3 South Harbor bots at <1670.609619, 5.920000, 401.923889>
10:21:15.801 [Spatial AI] Spawning 1 Tier 2 South Harbor bots at <1730.281006, 1.737391, 530.052002>
10:22:18.871 [Spatial AI] Player: Pengowski Number: 2, Faction name: West, Loadout: Tier2Loadout.json
10:22:19.024 [Spatial AI] Spawning 2 Tier 2 Fort Miden bots at <1677.099121, 87.389999, 2633.979736>
