16:53:19.402 [Spatial AI] Spatial AI Date: 3/6/2025 WC RC30.4
16:55:11.169 [Spatial AI] Spatial AI Enabled
16:55:11.169 [Spatial AI] points Disabled
16:55:11.169 [Spatial AI] Locations Enabled
16:55:11.170 [Spatial AI] Trigger at location: <2565.784424, 43.939983, 5814.529785> - Radius: 400
16:55:11.170 [Spatial AI] - Spawn location: <2626.491943, 49.868282, 5779.689941>
16:55:11.170 [Spatial AI] - Spawn location: <2452.179688, 46.326439, 6031.136719>
16:55:11.170 [Spatial AI] - Notification covering location to Radius: 800
16:55:11.171 [Spatial AI] - Faction: East - Loadout: Tier1Loadout.json - counts: 1:2
16:55:11.171 [Spatial AI] Trigger at location: <3405.232178, 32.491611, 5315.078613> - Radius: 400
16:55:11.171 [Spatial AI] - Spawn location: <3405.232178, 32.491611, 5315.078613>
16:55:11.171 [Spatial AI] - Spawn location: <3444.818848, 32.491611, 5315.233887>
16:55:11.172 [Spatial AI] - Notification covering location to Radius: 800
16:55:11.172 [Spatial AI] - Faction: East - Loadout: Knights.json - counts: 1:2
16:55:11.172 [Spatial AI] Trigger at location: <2166.513428, 54.757469, 3129.311523> - Radius: 400
16:55:11.172 [Spatial AI] - Spawn location: <2166.513428, 54.757469, 3129.311523>
16:55:11.172 [Spatial AI] - Spawn location: <2107.288330, 55.818546, 2879.040039>
16:55:11.173 [Spatial AI] - Spawn location: <2085.072021, 68.226509, 3253.361572>
16:55:11.173 [Spatial AI] - Notification covering location to Radius: 800
16:55:11.173 [Spatial AI] - Faction: East - Loadout: Tier2Loadout.json - counts: 1:2
16:55:11.173 [Spatial AI] Trigger at location: <2475.163818, 111.883186, 2439.177246> - Radius: 400
16:55:11.173 [Spatial AI] - Spawn location: <2475.163818, 111.883186, 2439.177246>
16:55:11.173 [Spatial AI] - Spawn location: <2582.363770, 118.270218, 2471.609619>
16:55:11.174 [Spatial AI] - Spawn location: <2486.501221, 119.111588, 2146.257568>
16:55:11.174 [Spatial AI] - Notification covering location to Radius: 800
16:55:11.174 [Spatial AI] - Faction: East - Loadout: Tier2Loadout.json - counts: 1:2
16:55:11.174 [Spatial AI] Trigger at location: <1959.195068, -8.429230, 506.471832> - Radius: 400
16:55:11.174 [Spatial AI] - Spawn location: <1730.281006, 19.528612, 530.052002>
16:55:11.174 [Spatial AI] - Spawn location: <1783.012329, 15.604889, 650.511841>
16:55:11.175 [Spatial AI] - Spawn location: <2059.458740, 8.011173, 243.491516>
16:55:11.175 [Spatial AI] - Notification covering location to Radius: 800
16:55:11.175 [Spatial AI] - Faction: East - Loadout: Tier2Loadout.json - counts: 1:2
16:55:11.175 [Spatial AI] Trigger at location: <1677.099121, 88.060776, 2633.979736> - Radius: 600
16:55:11.175 [Spatial AI] - Spawn location: <1677.099121, 88.060776, 2633.979736>
16:55:11.176 [Spatial AI] - Spawn location: <1636.204712, 72.465286, 2653.237549>
16:55:11.176 [Spatial AI] - Spawn location: <1635.376099, 103.817673, 2677.718994>
16:55:11.176 [Spatial AI] - Notification covering location to Radius: 1200
16:55:11.176 [Spatial AI] - Faction: West - Loadout: Tier2Loadout.json - counts: 1:2
16:55:11.176 [Spatial AI] Trigger at location: <4402.029297, 16.123341, 7551.852539> - Radius: 600
16:55:11.176 [Spatial AI] - Spawn location: <4120.534668, 14.110159, 8082.556152>
16:55:11.177 [Spatial AI] - Spawn location: <4497.582520, 18.200235, 7740.282715>
16:55:11.177 [Spatial AI] - Spawn location: <4585.839355, 23.775570, 7618.369629>
16:55:11.177 [Spatial AI] - Spawn location: <4737.706055, 17.641804, 7501.136230>
16:55:11.177 [Spatial AI] - Spawn location: <4444.922363, 19.111290, 7257.527832>
16:55:11.177 [Spatial AI] - Notification covering location to Radius: 1200
16:55:11.177 [Spatial AI] - Faction: West - Loadout: Tier2Loadout.json - counts: 1:2
16:55:11.178 [Spatial AI] Trigger at location: <6505.392090, 42.859245, 6801.648926> - Radius: 600
16:55:11.178 [Spatial AI] - Spawn location: <6505.392090, 42.859245, 6801.648926>
16:55:11.178 [Spatial AI] - Notification covering location to Radius: 1200
16:55:11.178 [Spatial AI] - Faction: West - Loadout: Tier2Loadout.json - counts: 1:2
16:55:11.179 [Spatial AI] Trigger at location: <6966.417480, 23.390711, 6824.765137> - Radius: 600
16:55:11.179 [Spatial AI] - Spawn location: <7042.800781, 23.576939, 6695.874512>
16:55:11.179 [Spatial AI] - Spawn location: <7006.037109, 20.349613, 7332.075684>
16:55:11.179 [Spatial AI] - Spawn location: <7006.037109, 20.349613, 7332.075684>
16:55:11.179 [Spatial AI] - Spawn location: <7374.560547, 33.467972, 6292.360840>
16:55:11.179 [Spatial AI] - Spawn location: <7157.471191, 21.905560, 6264.816406>
16:55:11.179 [Spatial AI] - Spawn location: <7346.476074, 16.172134, 6073.786133>
16:55:11.180 [Spatial AI] - Notification covering location to Radius: 1200
16:55:11.180 [Spatial AI] - Faction: West - Loadout: Tier2Loadout.json - counts: 1:2
16:55:11.180 [Spatial AI] Trigger at location: <1959.195068, -8.429230, 506.471832> - Radius: 600
16:55:11.180 [Spatial AI] - Spawn location: <1609.511841, 13.478415, 281.901947>
16:55:11.180 [Spatial AI] - Spawn location: <1670.609619, 6.011800, 401.923889>
16:55:11.181 [Spatial AI] - Spawn location: <1826.618896, 23.622952, 282.571472>
16:55:11.181 [Spatial AI] - Notification covering location to Radius: 1200
16:55:11.181 [Spatial AI] - Faction: West - Loadout: Tier3Loadout.json - counts: 1:2
16:55:11.181 [Spatial AI] Trigger at location: <6266.466309, 182.130783, 4490.321289> - Radius: 600
16:55:11.181 [Spatial AI] - Spawn location: <6277.050293, 47.706303, 4433.691895>
16:55:11.182 [Spatial AI] - Spawn location: <6233.412598, 55.784996, 4501.728516>
16:55:11.182 [Spatial AI] - Spawn location: <6167.784668, 55.784996, 4575.932129>
16:55:11.182 [Spatial AI] - Spawn location: <6118.564453, 55.983788, 4602.717773>
16:55:11.182 [Spatial AI] - Spawn location: <6328.272949, 57.550358, 4222.724609>
16:55:11.182 [Spatial AI] - Notification covering location to Radius: 1200
16:55:11.182 [Spatial AI] - Faction: West - Loadout: Tier3Loadout.json - counts: 1:2
16:55:11.183 [Spatial AI] Trigger at location: <6684.780762, 19.119965, 3683.819092> - Radius: 600
16:55:11.183 [Spatial AI] - Spawn location: <6278.407715, 28.765034, 3447.545166>
16:55:11.183 [Spatial AI] - Spawn location: <6755.675293, 36.151375, 4075.736328>
16:55:11.183 [Spatial AI] - Spawn location: <7006.906738, 30.273605, 3865.234863>
16:55:11.183 [Spatial AI] - Spawn location: <6949.021484, 21.095203, 3541.695313>
16:55:11.183 [Spatial AI] - Spawn location: <6589.359863, 24.053549, 3834.674316>
16:55:11.183 [Spatial AI] - Notification covering location to Radius: 1200
16:55:11.184 [Spatial AI] - Faction: West - Loadout: Tier3Loadout.json - counts: 1:2
16:55:11.184 [Spatial AI] Trigger at location: <6964.149902, 26.154997, 2028.302246> - Radius: 800
16:55:11.184 [Spatial AI] - Spawn location: <6572.328613, 31.953953, 1825.117310>
16:55:11.184 [Spatial AI] - Spawn location: <6094.648438, 26.921272, 2077.852539>
16:55:11.184 [Spatial AI] - Spawn location: <7669.805664, 28.631607, 2089.202393>
16:55:11.185 [Spatial AI] - Spawn location: <7804.815430, 26.881310, 1902.841309>
16:55:11.185 [Spatial AI] - Spawn location: <7648.477051, 29.634529, 1539.355957>
16:55:11.185 [Spatial AI] - Notification covering location to Radius: 1600
16:55:11.185 [Spatial AI] - Faction: Raiders - Loadout: Tier3Loadout.json - counts: 1:2
16:55:11.185 [Spatial AI] Trigger at location: <5967.166992, 100.969398, 1322.224121> - Radius: 600
16:55:11.185 [Spatial AI] - Spawn location: <5965.729004, 131.581039, 1268.519531>
16:55:11.186 [Spatial AI] - Spawn location: <5940.924316, 135.952774, 1296.448486>
16:55:11.186 [Spatial AI] - Spawn location: <5938.525879, 126.583969, 1355.067749>
16:55:11.186 [Spatial AI] - Spawn location: <6012.247070, 117.645248, 1344.003052>
16:55:11.186 [Spatial AI] - Spawn location: <6021.266113, 111.844139, 1271.277710>
16:55:11.186 [Spatial AI] - Notification covering location to Radius: 1200
16:55:11.186 [Spatial AI] - Faction: West - Loadout: Tier3Loadout.json - counts: 1:2
16:55:11.187 [Spatial AI] Trigger at location: <3023.516113, 33.652279, 1215.338867> - Radius: 30
16:55:11.187 [Spatial AI] - Spawn location: <3023.704102, 33.671211, 1288.680908>
16:55:11.187 [Spatial AI] - Spawn location: <3040.680664, 33.668671, 1270.301270>
16:55:11.187 [Spatial AI] - Spawn location: <3038.244629, 57.325867, 1246.536743>
16:55:11.187 [Spatial AI] - Spawn location: <3010.893555, 73.233322, 1261.371948>
16:55:11.187 [Spatial AI] - Spawn location: <3040.803711, 73.551743, 1270.284912>
16:55:11.188 [Spatial AI] - Notification covering location to Radius: 60
16:55:11.188 [Spatial AI] - Faction: West - Loadout: Tier4Loadout.json - counts: 1:2
16:55:11.188 [Spatial AI] Trigger at location: <2180.633057, 16.000935, 891.632202> - Radius: 30
16:55:11.188 [Spatial AI] - Spawn location: <1865.483154, 2.010000, 1262.753052>
16:55:11.188 [Spatial AI] - Spawn location: <1952.992920, 2.010000, 1218.104858>
16:55:11.188 [Spatial AI] - Spawn location: <2110.861572, 2.458876, 1050.337524>
16:55:11.189 [Spatial AI] - Spawn location: <2120.560547, 11.189816, 962.748413>
16:55:11.189 [Spatial AI] - Spawn location: <1982.537598, 2.009901, 1186.655762>
16:55:11.189 [Spatial AI] - Notification covering location to Radius: 60
16:55:11.189 [Spatial AI] - Faction: West - Loadout: Tier5Loadout.json - counts: 1:2
16:55:11.189 [Spatial AI] Audio Sensitive Locations Disabled
16:58:44.909 [Spatial AI] Player: Pengowski Number: 2, Faction name: Raiders, Loadout: Tier3Loadout.json
16:58:45.577 [Spatial AI] Spawning 2 Tier 3 Airfield bots at <6572.328613, 29.434317, 1825.117310>
16:59:47.846 [Spatial AI] Player: Pengowski Number: 1, Faction name: East, Loadout: Tier1Loadout.json
16:59:48.149 [Spatial AI] Spawning 1 Roblido Boys bots at <2626.491943, 43.939999, 5779.689941>
