[INFO] HordeManager initialized.
[INFO] Spawning initial hordes...
[INFO] Horde spawned (108 zombies) at <13147.440430, -9.779528, 7263.790527>
[INFO] Horde spawned (46 zombies) at <4565.861328, -12.268066, 2435.225586>
[INFO] Horde spawned (170 zombies) at <12920.530273, -9.120000, 9586.169922>
[INFO] Horde spawned (109 zombies) at <11551.218750, -9.120000, 14290.732422>
[INFO] Horde spawned (75 zombies) at <5919.066895, 59.335617, 2217.538330>
[INFO] Horde spawned (41 zombies) at <13415.080078, -12.683202, 5917.520020>
[INFO] Horde spawned (114 zombies) at <1271.643066, 27.443058, 2388.531006>
[INFO] Horde spawned (166 zombies) at <10545.829102, -9.598604, 2371.930176>
[INFO] Horde spawned (67 zombies) at <6572.977051, -8.574738, 12698.170898>
[INFO] Horde spawned (154 zombies) at <12507.553711, -9.120000, 13831.532227>
[INFO] Horde spawned (93 zombies) at <8826.941406, -9.120000, 12933.037109>
[INFO] Horde spawned (158 zombies) at <5210.355957, 7.836305, 2106.901855>
[INFO] Clearing all hordes.
[INFO] HordeManager initialized.
[INFO] Spawning initial hordes...
[INFO] Horde spawned (40 zombies) at <13569.928711, -9.120000, 13359.583984>
[INFO] Horde spawned (25 zombies) at <13134.168945, -9.120000, 10442.763672>
[INFO] Horde spawned (37 zombies) at <10904.294922, -9.120000, 14300.373047>
[INFO] Clearing all hordes.
[INFO] HordeManager initialized.
[INFO] Spawning initial hordes...
[INFO] Horde spawned (49 zombies) at <13569.928711, -9.120000, 13359.583984>
[INFO] Horde spawned (21 zombies) at <2190.924316, 106.100853, 2266.259766>
[INFO] Horde spawned (50 zombies) at <12920.530273, -9.120000, 9586.169922>
[INFO] HordeManager initialized.
[INFO] Spawning initial hordes...
[INFO] Horde spawned (32 zombies) at <12920.530273, -9.120000, 9586.169922>
[INFO] Horde spawned (29 zombies) at <13569.928711, -9.120000, 13359.583984>
[INFO] Horde spawned (24 zombies) at <6928.705566, 2.877535, 3088.376709>
[INFO] Clearing all hordes.
[INFO] HordeManager initialized.
[INFO] Spawning initial hordes...
[INFO] Horde spawned (21 zombies) at <7655.659668, 26.129999, 2393.031494>
[INFO] Horde spawned (40 zombies) at <6064.756348, 10.715711, 7115.503418>
[INFO] Horde spawned (29 zombies) at <4234.291504, 5.320000, 7384.395508>
[INFO] Horde spawned (24 zombies) at <4537.513672, 15.651075, 7422.523438>
[INFO] Clearing all hordes.
[INFO] HordeManager initialized.
[INFO] Spawning initial hordes...
[INFO] Horde spawned (35 zombies) at <2814.808350, 44.410000, 5972.424316>
[INFO] Horde spawned (52 zombies) at <1729.865112, 5.920000, 355.885895>
[INFO] Horde spawned (51 zombies) at <5818.272949, 26.315327, 1714.676514>
[INFO] Horde spawned (20 zombies) at <5929.598145, 55.759998, 4823.717285>
[INFO] HordeManager initialized.
[INFO] Spawning initial hordes...
[INFO] Horde spawned (36 zombies) at <1810.827881, 47.225891, 1860.997681>
[INFO] Horde spawned (32 zombies) at <6064.756348, 10.715711, 7115.503418>
[INFO] Horde spawned (35 zombies) at <5818.272949, 26.315327, 1714.676514>
[INFO] Horde spawned (32 zombies) at <6761.597656, 26.129999, 2323.601318>
[INFO] HordeManager initialized.
[INFO] Spawning initial hordes...
[INFO] Horde spawned (38 zombies) at <1694.927856, 30.789070, 4803.332031>
[INFO] Horde spawned (30 zombies) at <3799.007568, 15.630000, 6553.832031>
[INFO] Horde spawned (58 zombies) at <4131.040039, 18.289940, 4765.675293>
[INFO] Horde spawned (20 zombies) at <6712.633789, 19.010027, 3560.245117>
[INFO] HordeManager initialized.
[INFO] Spawning initial hordes...
[INFO] Horde spawned (58 zombies) at <3816.231689, 40.822338, 1784.490723>
[INFO] Horde spawned (21 zombies) at <7430.945801, 17.827734, 5438.904785>
[INFO] Horde spawned (23 zombies) at <4082.475342, 18.884594, 7359.527832>
[INFO] Horde spawned (58 zombies) at <4177.906738, 4.730000, 7845.353516>
[INFO] HordeManager initialized.
[INFO] Spawning initial hordes...
[INFO] Horde spawned (44 zombies) at <5192.333496, 7.662501, 2079.558105>
[INFO] Horde spawned (57 zombies) at <6945.731934, 16.957205, 3764.946533>
[INFO] Horde spawned (35 zombies) at <7783.004395, 26.129999, 1938.615479>
[INFO] Horde spawned (42 zombies) at <6310.210938, 55.759998, 4088.159912>
[INFO] HordeManager initialized.
[INFO] Spawning initial hordes...
[INFO] Horde spawned (47 zombies) at <5432.458496, 0.890286, 2599.952148>
[INFO] Horde spawned (52 zombies) at <3799.007568, 15.630000, 6553.832031>
[INFO] Horde spawned (29 zombies) at <6064.756348, 10.715711, 7115.503418>
[INFO] Horde spawned (55 zombies) at <2216.581543, 54.799999, 3060.702637>
[INFO] Clearing all hordes.
[INFO] HordeManager initialized.
[INFO] Spawning initial hordes...
[INFO] Horde spawned (39 zombies) at <7430.945801, 17.827734, 5438.904785>
[INFO] Horde spawned (39 zombies) at <6761.597656, 26.129999, 2323.601318>
[INFO] Horde spawned (54 zombies) at <1170.528320, 19.980818, 2943.752686>
[INFO] Horde spawned (58 zombies) at <5192.333496, 7.662501, 2079.558105>
[INFO] Clearing all hordes.
[INFO] HordeManager initialized.
[INFO] Spawning initial hordes...
[INFO] Horde spawned (52 zombies) at <3608.219482, 15.630000, 6428.979004>
[INFO] Horde spawned (31 zombies) at <2037.824463, 5.940000, 315.829193>
[INFO] Horde spawned (26 zombies) at <1962.291992, 26.408319, 5429.423340>
[INFO] Horde spawned (43 zombies) at <2351.798584, 46.867844, 5974.257324>
[INFO] HordeManager initialized.
[INFO] Spawning initial hordes...
[INFO] Horde spawned (41 zombies) at <6692.105469, 14.376179, 6801.916504>
[INFO] Horde spawned (45 zombies) at <1694.606323, 18.268225, 5224.420410>
[INFO] Horde spawned (55 zombies) at <4537.513672, 15.651075, 7422.523438>
[INFO] Horde spawned (23 zombies) at <1810.827881, 47.225891, 1860.997681>
[INFO] HordeManager initialized.
[INFO] Spawning initial hordes...
[INFO] Horde spawned (58 zombies) at <4771.591797, 15.651895, 7535.293457>
[INFO] Horde spawned (33 zombies) at <6404.106445, 33.747444, 3753.545166>
[INFO] Horde spawned (28 zombies) at <5929.598145, 55.759998, 4823.717285>
[INFO] Horde spawned (47 zombies) at <6297.212891, 8.126946, 7091.212402>
[INFO] Clearing all hordes.
[INFO] HordeManager initialized.
[INFO] Spawning initial hordes...
[INFO] Horde spawned (44 zombies) at <6245.387695, 11.320000, 4482.899902>
[INFO] Horde spawned (55 zombies) at <6692.105469, 14.376179, 6801.916504>
[INFO] Horde spawned (53 zombies) at <3173.278564, 5.042212, 4498.000977>
[INFO] Horde spawned (53 zombies) at <4456.600586, 24.135475, 7252.030762>
[INFO] Clearing all hordes.
[INFO] HordeManager initialized.
[INFO] Spawning initial hordes...
[INFO] Horde spawned (28 zombies) at <1914.287231, 15.570000, 556.575500>
[INFO] Horde spawned (58 zombies) at <1760.579346, 15.570000, 471.745972>
[INFO] Horde spawned (37 zombies) at <6224.670410, 39.550789, 348.898834>
[INFO] Horde spawned (42 zombies) at <3816.231689, 40.822338, 1784.490723>
[INFO] Clearing all hordes.
[INFO] HordeManager initialized.
[INFO] Spawning initial hordes...
[INFO] Horde spawned (58 zombies) at <3523.443604, 15.650000, 6318.279297>
[INFO] Horde spawned (49 zombies) at <5506.473145, 10.513616, 6284.820313>
[INFO] Horde spawned (33 zombies) at <7430.945801, 17.827734, 5438.904785>
[INFO] Horde spawned (27 zombies) at <3415.448730, 17.497648, 6330.585449>
[INFO] Clearing all hordes.
[INFO] HordeManager initialized.
[INFO] Spawning initial hordes...
[INFO] Horde spawned (34 zombies) at <4456.600586, 24.135475, 7252.030762>
[INFO] Horde spawned (41 zombies) at <6692.105469, 14.376179, 6801.916504>
[INFO] Horde spawned (31 zombies) at <7655.659668, 26.129999, 2393.031494>
[INFO] Horde spawned (34 zombies) at <4576.932617, 5.064104, 7891.291016>
[INFO] Clearing all hordes.
[INFO] HordeManager initialized.
[INFO] Spawning initial hordes...
[INFO] Horde spawned (37 zombies) at <3173.278564, 5.042212, 4498.000977>
[INFO] Horde spawned (23 zombies) at <3816.231689, 40.822338, 1784.490723>
[INFO] Horde spawned (30 zombies) at <3608.219482, 15.630000, 6428.979004>
[INFO] Horde spawned (57 zombies) at <3415.448730, 17.497648, 6330.585449>
[INFO] Clearing all hordes.
[INFO] HordeManager initialized.
[INFO] Spawning initial hordes...
[INFO] Horde spawned (28 zombies) at <1694.927856, 30.789070, 4803.332031>
[INFO] Horde spawned (50 zombies) at <7655.659668, 26.129999, 2393.031494>
[INFO] Horde spawned (42 zombies) at <6761.597656, 26.129999, 2323.601318>
[INFO] Horde spawned (48 zombies) at <3799.007568, 15.630000, 6553.832031>
[INFO] Clearing all hordes.
[INFO] HordeManager initialized.
[INFO] Spawning initial hordes...
[INFO] Horde spawned (25 zombies) at <5818.272949, 26.315327, 1714.676514>
[INFO] Horde spawned (33 zombies) at <1672.989868, 1.737391, 526.464294>
[INFO] Horde spawned (25 zombies) at <6064.756348, 10.715711, 7115.503418>
[INFO] Horde spawned (26 zombies) at <1760.579346, 15.570000, 471.745972>
[INFO] Clearing all hordes.
[INFO] HordeManager initialized.
[INFO] Spawning initial hordes...
[INFO] Horde spawned (40 zombies) at <1810.827881, 47.225891, 1860.997681>
[INFO] Horde spawned (43 zombies) at <5192.333496, 7.662501, 2079.558105>
[INFO] Horde spawned (17 zombies) at <2196.814209, 15.570000, 855.834778>
[INFO] Horde spawned (45 zombies) at <6064.756348, 10.715711, 7115.503418>
[INFO] Clearing all hordes.
[INFO] HordeManager initialized.
[INFO] Spawning initial hordes...
[INFO] Horde spawned (30 zombies) at <2866.788330, 6.500000, 6823.565430>
[INFO] Horde spawned (38 zombies) at <821.757080, 5.260000, 3161.817871>
[INFO] Horde spawned (45 zombies) at <6224.670410, 39.550789, 348.898834>
[INFO] Horde spawned (49 zombies) at <3717.749512, 6.920784, 4672.553223>
[INFO] Clearing all hordes.
[INFO] HordeManager initialized.
[INFO] Spawning initial hordes...
[INFO] Horde spawned (32 zombies) at <1729.865112, 5.920000, 355.885895>
[INFO] Horde spawned (23 zombies) at <4576.932617, 5.064104, 7891.291016>
[INFO] Horde spawned (40 zombies) at <6064.756348, 10.715711, 7115.503418>
[INFO] Horde spawned (39 zombies) at <5192.333496, 7.662501, 2079.558105>
[INFO] Clearing all hordes.
[INFO] HordeManager initialized.
[INFO] Spawning initial hordes...
[INFO] Horde spawned (24 zombies) at <6404.106445, 33.747444, 3753.545166>
[INFO] Horde spawned (18 zombies) at <3173.278564, 5.042212, 4498.000977>
[INFO] Horde spawned (29 zombies) at <4771.591797, 15.651895, 7535.293457>
[INFO] Horde spawned (16 zombies) at <1694.927856, 30.789070, 4803.332031>
[INFO] Clearing all hordes.
[INFO] HordeManager initialized.
[INFO] Spawning initial hordes...
[INFO] Horde spawned (49 zombies) at <6297.212891, 8.126946, 7091.212402>
[INFO] Horde spawned (35 zombies) at <6932.681641, 26.129999, 2342.146240>
[INFO] Horde spawned (24 zombies) at <1694.606323, 18.268225, 5224.420410>
[INFO] Horde spawned (43 zombies) at <1885.155762, 51.560585, 3498.012695>
[INFO] HordeManager initialized.
[INFO] Spawning initial hordes...
[INFO] Horde spawned (26 zombies) at <5506.473145, 10.513616, 6284.820313>
[INFO] Horde spawned (34 zombies) at <2412.585449, 54.799999, 3115.683350>
[INFO] Horde spawned (26 zombies) at <4234.291504, 5.320000, 7384.395508>
[INFO] Horde spawned (22 zombies) at <6692.105469, 14.376179, 6801.916504>
[INFO] Clearing all hordes.
[INFO] HordeManager initialized.
[INFO] Clearing all hordes.
[INFO] HordeManager initialized.
[INFO] Spawning initial hordes...
[INFO] Horde spawned (44 zombies) at <1962.291992, 26.408319, 5429.423340>
[INFO] Horde spawned (48 zombies) at <4131.040039, 18.289940, 4765.675293>
[INFO] Horde spawned (23 zombies) at <3717.749512, 6.920784, 4672.553223>
[INFO] Horde spawned (34 zombies) at <2418.330078, 41.831478, 5725.710938>
[INFO] Clearing all hordes.
[INFO] HordeManager initialized.
[INFO] Spawning initial hordes...
[INFO] Horde spawned (22 zombies) at <2418.330078, 41.831478, 5725.710938>
[INFO] Horde spawned (22 zombies) at <5818.272949, 26.315327, 1714.676514>
[INFO] Horde spawned (26 zombies) at <1694.606323, 18.268225, 5224.420410>
[INFO] Horde spawned (36 zombies) at <4456.600586, 24.135475, 7252.030762>
[INFO] Clearing all hordes.
[INFO] HordeManager initialized.
[INFO] Spawning initial hordes...
[INFO] Horde spawned (23 zombies) at <3415.448730, 17.497648, 6330.585449>
[INFO] Horde spawned (29 zombies) at <7550.468262, 4.853788, 5385.336426>
[INFO] Horde spawned (21 zombies) at <1672.989868, 1.737391, 526.464294>
[INFO] Horde spawned (36 zombies) at <6692.105469, 14.376179, 6801.916504>
[INFO] Clearing all hordes.
[INFO] HordeManager initialized.
[INFO] Spawning initial hordes...
[INFO] Horde spawned (27 zombies) at <5432.458496, 0.890286, 2599.952148>
[INFO] Horde spawned (25 zombies) at <6245.387695, 11.320000, 4482.899902>
[INFO] Horde spawned (39 zombies) at <3415.448730, 17.497648, 6330.585449>
[INFO] Horde spawned (19 zombies) at <6932.681641, 26.129999, 2342.146240>
[INFO] Clearing all hordes.
[INFO] HordeManager initialized.
[INFO] Spawning initial hordes...
[INFO] Horde spawned (17 zombies) at <6932.681641, 26.129999, 2342.146240>
[INFO] Horde spawned (16 zombies) at <6404.106445, 33.747444, 3753.545166>
[INFO] Horde spawned (44 zombies) at <2037.824463, 5.940000, 315.829193>
[INFO] Horde spawned (23 zombies) at <4456.600586, 24.135475, 7252.030762>
[INFO] Clearing all hordes.
[INFO] HordeManager initialized.
[INFO] Spawning initial hordes...
[INFO] Horde spawned (30 zombies) at <5929.598145, 55.759998, 4823.717285>
[INFO] Horde spawned (16 zombies) at <6224.670410, 39.550789, 348.898834>
[INFO] Horde spawned (35 zombies) at <6712.633789, 19.010027, 3560.245117>
[INFO] Horde spawned (21 zombies) at <6761.597656, 26.129999, 2323.601318>
[INFO] Clearing all hordes.
[INFO] HordeManager initialized.
[INFO] Spawning initial hordes...
[INFO] Horde spawned (43 zombies) at <6310.210938, 55.759998, 4088.159912>
[INFO] Horde spawned (26 zombies) at <3415.448730, 17.497648, 6330.585449>
[INFO] Horde spawned (29 zombies) at <5192.333496, 7.662501, 2079.558105>
[INFO] Horde spawned (29 zombies) at <6366.173340, 39.973034, 3805.869141>
[INFO] Clearing all hordes.
[INFO] HordeManager initialized.
[INFO] Spawning initial hordes...
[INFO] Horde spawned (24 zombies) at <7550.468262, 4.853788, 5385.336426>
[INFO] Horde spawned (37 zombies) at <3415.448730, 17.497648, 6330.585449>
[INFO] Horde spawned (20 zombies) at <3608.219482, 15.630000, 6428.979004>
[INFO] Horde spawned (20 zombies) at <5798.732422, 56.099998, 676.094849>
[INFO] Clearing all hordes.
[INFO] HordeManager initialized.
[INFO] Spawning initial hordes...
[INFO] Horde spawned (20 zombies) at <1885.155762, 51.560585, 3498.012695>
[INFO] Horde spawned (40 zombies) at <6761.597656, 26.129999, 2323.601318>
[INFO] Horde spawned (34 zombies) at <2351.798584, 46.867844, 5974.257324>
[INFO] Horde spawned (27 zombies) at <6692.105469, 14.376179, 6801.916504>
[INFO] Clearing all hordes.
[INFO] HordeManager initialized.
[INFO] Spawning initial hordes...
[INFO] Horde spawned (33 zombies) at <1885.155762, 51.560585, 3498.012695>
[INFO] Horde spawned (29 zombies) at <3717.749512, 6.920784, 4672.553223>
[INFO] Horde spawned (19 zombies) at <1798.243774, 98.901375, 6524.020508>
[INFO] Horde spawned (20 zombies) at <7550.468262, 4.853788, 5385.336426>
[INFO] Clearing all hordes.
[INFO] HordeManager initialized.
[INFO] Spawning initial hordes...
[INFO] Horde spawned (35 zombies) at <6945.731934, 16.957205, 3764.946533>
[INFO] Horde spawned (19 zombies) at <6404.106445, 33.747444, 3753.545166>
[INFO] Horde spawned (21 zombies) at <2412.585449, 54.799999, 3115.683350>
[INFO] Horde spawned (35 zombies) at <5506.473145, 10.513616, 6284.820313>
[INFO] Clearing all hordes.
[INFO] HordeManager initialized.
[INFO] Spawning initial hordes...
[INFO] Horde spawned (24 zombies) at <5818.272949, 26.315327, 1714.676514>
[INFO] Horde spawned (32 zombies) at <3799.007568, 15.630000, 6553.832031>
[INFO] Horde spawned (43 zombies) at <2037.824463, 5.940000, 315.829193>
[INFO] Horde spawned (16 zombies) at <4833.214355, 6.310000, 2260.570068>
[INFO] Clearing all hordes.
[INFO] HordeManager initialized.
[INFO] Spawning initial hordes...
[INFO] Horde spawned (46 zombies) at <2412.585449, 54.799999, 3115.683350>
[INFO] Horde spawned (47 zombies) at <3799.007568, 15.630000, 6553.832031>
[INFO] Horde spawned (17 zombies) at <7783.004395, 26.129999, 1938.615479>
[INFO] Horde spawned (43 zombies) at <1694.606323, 18.268225, 5224.420410>
[INFO] Clearing all hordes.
[INFO] HordeManager initialized.
[INFO] Spawning initial hordes...
[INFO] Horde spawned (46 zombies) at <2216.581543, 54.799999, 3060.702637>
[INFO] Horde spawned (36 zombies) at <1170.528320, 19.980818, 2943.752686>
[INFO] Horde spawned (37 zombies) at <4177.906738, 4.730000, 7845.353516>
[INFO] Horde spawned (23 zombies) at <6310.210938, 55.759998, 4088.159912>
[INFO] Clearing all hordes.
[INFO] HordeManager initialized.
[INFO] Spawning initial hordes...
[INFO] Horde spawned (38 zombies) at <1914.287231, 15.570000, 556.575500>
[INFO] Horde spawned (31 zombies) at <1729.865112, 5.920000, 355.885895>
[INFO] Horde spawned (40 zombies) at <3608.219482, 15.630000, 6428.979004>
[INFO] Horde spawned (29 zombies) at <5506.473145, 10.513616, 6284.820313>
[INFO] Clearing all hordes.
[INFO] HordeManager initialized.
[INFO] Spawning initial hordes...
[INFO] Horde spawned (19 zombies) at <6692.105469, 14.376179, 6801.916504>
[INFO] Horde spawned (23 zombies) at <6297.212891, 8.126946, 7091.212402>
[INFO] Horde spawned (16 zombies) at <2216.581543, 54.799999, 3060.702637>
[INFO] Horde spawned (37 zombies) at <1672.989868, 1.737391, 526.464294>
[INFO] Clearing all hordes.
[INFO] HordeManager initialized.
[INFO] Spawning initial hordes...
[INFO] Horde spawned (48 zombies) at <6310.210938, 55.759998, 4088.159912>
[INFO] Horde spawned (39 zombies) at <3717.749512, 6.920784, 4672.553223>
[INFO] Horde spawned (40 zombies) at <6064.756348, 10.715711, 7115.503418>
[INFO] Horde spawned (20 zombies) at <5192.333496, 7.662501, 2079.558105>
[INFO] Clearing all hordes.
[INFO] HordeManager initialized.
[INFO] Spawning initial hordes...
[INFO] Horde spawned (44 zombies) at <6064.756348, 10.715711, 7115.503418>
[INFO] Horde spawned (23 zombies) at <2866.788330, 6.500000, 6823.565430>
[INFO] Horde spawned (16 zombies) at <4537.513672, 15.651075, 7422.523438>
[INFO] Horde spawned (48 zombies) at <4771.591797, 15.651895, 7535.293457>
[INFO] Clearing all hordes.
[INFO] HordeManager initialized.
[INFO] Spawning initial hordes...
[INFO] Horde spawned (24 zombies) at <2418.330078, 41.831478, 5725.710938>
[INFO] Horde spawned (25 zombies) at <4177.906738, 4.730000, 7845.353516>
[INFO] Horde spawned (25 zombies) at <1694.927856, 30.789070, 4803.332031>
[INFO] Horde spawned (23 zombies) at <1672.989868, 1.737391, 526.464294>
[INFO] Clearing all hordes.
[INFO] HordeManager initialized.
[INFO] Spawning initial hordes...
[INFO] Horde spawned (30 zombies) at <3173.278564, 5.042212, 4498.000977>
[INFO] Horde spawned (42 zombies) at <7655.659668, 26.129999, 2393.031494>
[INFO] Horde spawned (29 zombies) at <2412.585449, 54.799999, 3115.683350>
[INFO] Horde spawned (19 zombies) at <3523.443604, 15.650000, 6318.279297>
[INFO] HordeManager initialized.
[INFO] Spawning initial hordes...
[INFO] Horde spawned (36 zombies) at <5192.333496, 7.662501, 2079.558105>
[INFO] Horde spawned (26 zombies) at <1810.827881, 47.225891, 1860.997681>
[INFO] Horde spawned (34 zombies) at <881.806946, 5.260000, 3445.779053>
[INFO] Horde spawned (27 zombies) at <5506.473145, 10.513616, 6284.820313>
[INFO] Clearing all hordes.
[INFO] HordeManager initialized.
[INFO] Spawning initial hordes...
[INFO] Horde spawned (44 zombies) at <4131.040039, 18.289940, 4765.675293>
[INFO] Horde spawned (20 zombies) at <1694.927856, 30.789070, 4803.332031>
[INFO] Horde spawned (32 zombies) at <1760.579346, 15.570000, 471.745972>
[INFO] Horde spawned (44 zombies) at <2814.808350, 44.410000, 5972.424316>
[INFO] Clearing all hordes.
[INFO] HordeManager initialized.
[INFO] Spawning initial hordes...
[INFO] Horde spawned (29 zombies) at <6224.670410, 39.550789, 348.898834>
[INFO] Horde spawned (27 zombies) at <6245.387695, 11.320000, 4482.899902>
[INFO] Horde spawned (23 zombies) at <881.806946, 5.260000, 3445.779053>
[INFO] Horde spawned (48 zombies) at <2216.581543, 54.799999, 3060.702637>
[INFO] Clearing all hordes.
[INFO] HordeManager initialized.
[INFO] HordeManager initialized.
[INFO] Spawning initial hordes...
[INFO] Horde spawned (26 zombies) at <2351.798584, 46.867844, 5974.257324>
[INFO] Horde spawned (37 zombies) at <5818.272949, 26.315327, 1714.676514>
[INFO] Horde spawned (17 zombies) at <5798.732422, 56.099998, 676.094849>
[INFO] Horde spawned (17 zombies) at <3799.007568, 15.630000, 6553.832031>
[INFO] Clearing all hordes.
[INFO] HordeManager initialized.
[INFO] Spawning initial hordes...
[INFO] Horde spawned (45 zombies) at <1914.287231, 15.570000, 556.575500>
[INFO] Horde spawned (30 zombies) at <6712.633789, 19.010027, 3560.245117>
[INFO] Horde spawned (33 zombies) at <6932.681641, 26.129999, 2342.146240>
[INFO] Horde spawned (35 zombies) at <821.757080, 5.260000, 3161.817871>
[INFO] Clearing all hordes.
[INFO] HordeManager initialized.
[INFO] Spawning initial hordes...
[INFO] Horde spawned (30 zombies) at <6692.105469, 14.376179, 6801.916504>
[INFO] Horde spawned (42 zombies) at <5432.458496, 0.890286, 2599.952148>
[INFO] Horde spawned (20 zombies) at <7655.659668, 26.129999, 2393.031494>
[INFO] Horde spawned (24 zombies) at <3415.448730, 17.497648, 6330.585449>
[INFO] Clearing all hordes.
[INFO] HordeManager initialized.
[INFO] Spawning initial hordes...
[INFO] Horde spawned (49 zombies) at <5506.473145, 10.513616, 6284.820313>
[INFO] Horde spawned (18 zombies) at <6932.681641, 26.129999, 2342.146240>
[INFO] Horde spawned (22 zombies) at <7655.659668, 26.129999, 2393.031494>
[INFO] Horde spawned (34 zombies) at <4456.600586, 24.135475, 7252.030762>
[INFO] Clearing all hordes.
[INFO] HordeManager initialized.
[INFO] Spawning initial hordes...
[INFO] Horde spawned (23 zombies) at <4177.906738, 4.730000, 7845.353516>
[INFO] Horde spawned (34 zombies) at <2418.330078, 41.831478, 5725.710938>
[INFO] Horde spawned (24 zombies) at <1694.927856, 30.789070, 4803.332031>
[INFO] Horde spawned (39 zombies) at <6761.597656, 26.129999, 2323.601318>
[INFO] Clearing all hordes.
[INFO] HordeManager initialized.
[INFO] Spawning initial hordes...
[INFO] Horde spawned (18 zombies) at <1694.606323, 18.268225, 5224.420410>
[INFO] Horde spawned (48 zombies) at <3717.749512, 6.920784, 4672.553223>
[INFO] Horde spawned (32 zombies) at <1694.927856, 30.789070, 4803.332031>
[INFO] Horde spawned (44 zombies) at <2418.330078, 41.831478, 5725.710938>
[INFO] Clearing all hordes.
