Loot System Logs Active: 2025_9_11-11_33_58
11_33_58 | INFO | Deleted old log file: $profile:CBD_LootSystem\Logging\Logs\/2025_9_10-12_59_20.log
11_35_7 | INFO | Loot System has started
11_35_7 | INFO | Room settings loaded successfully.
11_35_7 | INFO | Box settings loaded successfully.
11_35_7 | INFO | LockAllLootRooms called
11_35_7 | INFO | Locking room: South Port Industrial Base
11_35_7 | INFO | Locking room: Airfield Base
11_35_23 | INFO | Player and identity are valid on connect.
11_35_46 | INFO | Player and identity are valid on connect.
12_19_57 | INFO | UnlockLootRoom: Loot room 'Airfield Base' unlocked by Player: Pengowski [SteamID: 76561198413928129]
12_19_57 | INFO | Raycast hit surface at: <6919.104004, 26.129999, 2238.386963>
12_19_57 | INFO | Defender ZmbM_usSoldier_normal_Woodland spawned at: <6919.104004, 26.129999, 2238.386963>
12_19_57 | INFO | Surface type at position <6919.104004, 26.129999, 2238.386963> is cp_concrete1
12_19_57 | INFO | Raycast hit surface at: <6950.827148, 26.129999, 2214.055664>
12_19_57 | INFO | Defender ZmbM_usSoldier_normal_Desert spawned at: <6950.827148, 26.129999, 2214.055664>
12_19_57 | INFO | Surface type at position <6950.827148, 26.129999, 2214.055664> is cp_grass
12_19_57 | INFO | Raycast hit surface at: <6908.516113, 26.264978, 2199.145996>
12_19_57 | INFO | Defender ZmbM_usSoldier_normal_Desert spawned at: <6908.516113, 26.264978, 2199.145996>
12_19_57 | INFO | Surface type at position <6908.516113, 26.264978, 2199.145996> is cp_grass
12_19_57 | INFO | Raycast hit surface at: <6902.574219, 26.129999, 2194.626953>
12_19_57 | INFO | Defender ZmbM_usSoldier_normal_Desert spawned at: <6902.574219, 26.129999, 2194.626953>
12_19_57 | INFO | Surface type at position <6902.574219, 26.129999, 2194.626953> is cp_grass
12_19_57 | INFO | Raycast hit surface at: <6925.327637, 26.264978, 2209.997559>
12_19_57 | INFO | Defender ZmbM_usSoldier_normal_Woodland spawned at: <6925.327637, 26.264978, 2209.997559>
12_19_57 | INFO | Surface type at position <6925.327637, 26.264978, 2209.997559> is jmc_soilsand
12_19_57 | INFO | Raycast hit surface at: <6944.496094, 26.129999, 2203.425537>
12_19_57 | INFO | Defender ZmbM_usSoldier_normal_Desert spawned at: <6944.496094, 26.129999, 2203.425537>
12_19_57 | INFO | Surface type at position <6944.496094, 26.129999, 2203.425537> is cp_grass
12_19_57 | INFO | Raycast hit surface at: <6919.361328, 26.129999, 2193.191406>
12_19_57 | INFO | Defender ZmbM_usSoldier_Officer_Desert spawned at: <6919.361328, 26.129999, 2193.191406>
12_19_57 | INFO | Surface type at position <6919.361328, 26.129999, 2193.191406> is cp_grass
12_19_57 | INFO | Raycast hit surface at: <6888.288574, 26.129999, 2222.076660>
12_19_57 | INFO | Defender ZmbM_usSoldier_Officer_Desert spawned at: <6888.288574, 26.129999, 2222.076660>
12_19_57 | INFO | Surface type at position <6888.288574, 26.129999, 2222.076660> is cp_grass
12_19_57 | INFO | Raycast hit surface at: <6932.597168, 26.264978, 2196.952637>
12_19_57 | INFO | Defender ZmbM_usSoldier_normal_Desert spawned at: <6932.597168, 26.264978, 2196.952637>
12_19_57 | INFO | Surface type at position <6932.597168, 26.264978, 2196.952637> is cp_grass
12_19_57 | INFO | Raycast hit surface at: <6933.311035, 26.129999, 2170.511963>
12_19_57 | INFO | Defender ZmbM_usSoldier_Officer_Desert spawned at: <6933.311035, 26.129999, 2170.511963>
12_19_57 | INFO | Surface type at position <6933.311035, 26.129999, 2170.511963> is cp_concrete1
12_19_57 | INFO | Raycast hit surface at: <6941.633301, 26.129999, 2208.996582>
12_19_57 | INFO | Defender ZmbM_usSoldier_normal_Desert spawned at: <6941.633301, 26.129999, 2208.996582>
12_19_57 | INFO | Surface type at position <6941.633301, 26.129999, 2208.996582> is cp_grass
12_19_57 | INFO | Raycast hit surface at: <6933.643555, 26.264978, 2204.925537>
12_19_57 | INFO | Defender ZmbM_usSoldier_Officer_Desert spawned at: <6933.643555, 26.264978, 2204.925537>
12_19_57 | INFO | Surface type at position <6933.643555, 26.264978, 2204.925537> is cp_grass
12_19_57 | INFO | Raycast hit surface at: <6918.910645, 26.264978, 2205.117676>
12_19_57 | INFO | Defender ZmbM_usSoldier_Officer_Desert spawned at: <6918.910645, 26.264978, 2205.117676>
12_19_57 | INFO | Surface type at position <6918.910645, 26.264978, 2205.117676> is cp_grass
12_19_57 | INFO | Raycast hit surface at: <6945.135742, 26.129999, 2186.710205>
12_19_57 | INFO | Defender ZmbM_usSoldier_normal_Desert spawned at: <6945.135742, 26.129999, 2186.710205>
12_19_57 | INFO | Surface type at position <6945.135742, 26.129999, 2186.710205> is cp_grass
12_19_57 | INFO | Raycast hit surface at: <6902.958984, 26.129999, 2180.165527>
12_19_57 | INFO | Defender ZmbM_usSoldier_normal_Desert spawned at: <6902.958984, 26.129999, 2180.165527>
12_19_57 | INFO | Surface type at position <6902.958984, 26.129999, 2180.165527> is cp_grass
12_19_57 | INFO | Raycast hit surface at: <6908.517578, 26.264978, 2200.128174>
12_19_57 | INFO | Defender ZmbM_usSoldier_normal_Woodland spawned at: <6908.517578, 26.264978, 2200.128174>
12_19_57 | INFO | Surface type at position <6908.517578, 26.264978, 2200.128174> is cp_grass
12_19_57 | INFO | Raycast hit surface at: <6909.400391, 26.311489, 2238.895996>
12_19_57 | INFO | Defender ZmbM_usSoldier_normal_Desert spawned at: <6909.400391, 26.311489, 2238.895996>
12_19_57 | INFO | Surface type at position <6909.400391, 26.311489, 2238.895996> is concrete_ext
12_19_57 | INFO | Raycast hit surface at: <6916.143555, 26.264978, 2212.549316>
12_19_57 | INFO | Defender ZmbM_usSoldier_Officer_Desert spawned at: <6916.143555, 26.264978, 2212.549316>
12_19_57 | INFO | Surface type at position <6916.143555, 26.264978, 2212.549316> is cp_grass
12_19_57 | INFO | Raycast hit surface at: <6896.854492, 29.784435, 2213.140869>
12_19_57 | INFO | Defender ZmbM_usSoldier_Officer_Desert spawned at: <6896.854492, 29.784435, 2213.140869>
12_19_57 | INFO | Surface type at position <6896.854492, 29.784435, 2213.140869> is ceramic_tiles_int
12_19_57 | INFO | Raycast hit surface at: <6938.621582, 26.129999, 2202.250000>
12_19_57 | INFO | Defender ZmbM_usSoldier_Officer_Desert spawned at: <6938.621582, 26.129999, 2202.250000>
12_19_57 | INFO | Surface type at position <6938.621582, 26.129999, 2202.250000> is cp_grass
12_19_57 | INFO | Raycast hit surface at: <6900.281738, 26.309580, 2188.021729>
12_19_57 | INFO | Defender ZmbM_usSoldier_Officer_Desert spawned at: <6900.281738, 26.309580, 2188.021729>
12_19_57 | INFO | Surface type at position <6900.281738, 26.309580, 2188.021729> is concrete_ext
12_19_57 | INFO | Raycast hit surface at: <6926.415527, 26.129999, 2190.437500>
12_19_57 | INFO | Defender ZmbM_usSoldier_normal_Desert spawned at: <6926.415527, 26.129999, 2190.437500>
12_19_57 | INFO | Surface type at position <6926.415527, 26.129999, 2190.437500> is cp_grass
12_19_57 | INFO | Raycast hit surface at: <6951.482910, 26.129999, 2187.360107>
12_19_57 | INFO | Defender ZmbM_usSoldier_normal_Woodland spawned at: <6951.482910, 26.129999, 2187.360107>
12_19_57 | INFO | Surface type at position <6951.482910, 26.129999, 2187.360107> is cp_grass
12_19_57 | INFO | Raycast hit surface at: <6925.591309, 26.129999, 2190.958008>
12_19_57 | INFO | Defender ZmbM_usSoldier_Officer_Desert spawned at: <6925.591309, 26.129999, 2190.958008>
12_19_57 | INFO | Surface type at position <6925.591309, 26.129999, 2190.958008> is cp_grass
12_19_57 | INFO | Raycast hit surface at: <6920.754883, 26.264978, 2206.880127>
12_19_57 | INFO | Defender ZmbM_usSoldier_normal_Desert spawned at: <6920.754883, 26.264978, 2206.880127>
12_19_57 | INFO | Surface type at position <6920.754883, 26.264978, 2206.880127> is cp_grass
12_19_57 | INFO | Raycast hit surface at: <6917.965820, 26.129999, 2189.384521>
12_19_57 | INFO | Defender ZmbM_usSoldier_normal_Desert spawned at: <6917.965820, 26.129999, 2189.384521>
12_19_57 | INFO | Surface type at position <6917.965820, 26.129999, 2189.384521> is cp_grass
12_19_57 | INFO | Raycast hit surface at: <6921.603516, 26.129999, 2217.034424>
12_19_57 | INFO | Defender ZmbM_usSoldier_Officer_Desert spawned at: <6921.603516, 26.129999, 2217.034424>
12_19_57 | INFO | Surface type at position <6921.603516, 26.129999, 2217.034424> is cp_grass
12_19_57 | INFO | Raycast hit surface at: <6921.032227, 26.129999, 2232.273682>
12_19_57 | INFO | Defender ZmbM_usSoldier_normal_Desert spawned at: <6921.032227, 26.129999, 2232.273682>
12_19_57 | INFO | Surface type at position <6921.032227, 26.129999, 2232.273682> is cp_concrete1
12_19_57 | INFO | Raycast hit surface at: <6896.969238, 26.129999, 2178.519287>
12_19_57 | INFO | Defender ZmbM_usSoldier_normal_Woodland spawned at: <6896.969238, 26.129999, 2178.519287>
12_19_57 | INFO | Surface type at position <6896.969238, 26.129999, 2178.519287> is cp_concrete1
12_19_57 | INFO | Raycast hit surface at: <6933.293457, 26.264978, 2213.293213>
12_19_57 | INFO | Defender ZmbM_usSoldier_Officer_Desert spawned at: <6933.293457, 26.264978, 2213.293213>
12_19_57 | INFO | Surface type at position <6933.293457, 26.264978, 2213.293213> is cp_grass
12_19_57 | INFO | Raycast hit surface at: <6926.964355, 26.129999, 2231.039795>
12_19_57 | INFO | Defender ZmbM_usSoldier_normal_Woodland spawned at: <6926.964355, 26.129999, 2231.039795>
12_19_57 | INFO | Surface type at position <6926.964355, 26.129999, 2231.039795> is cp_concrete1
12_19_57 | INFO | Raycast hit surface at: <6922.703613, 26.264978, 2208.025879>
12_19_57 | INFO | Defender ZmbM_usSoldier_normal_Woodland spawned at: <6922.703613, 26.264978, 2208.025879>
12_19_57 | INFO | Surface type at position <6922.703613, 26.264978, 2208.025879> is cp_grass
12_19_57 | INFO | Raycast hit surface at: <6957.668945, 26.129999, 2200.978027>
12_19_57 | INFO | Defender ZmbM_usSoldier_normal_Woodland spawned at: <6957.668945, 26.129999, 2200.978027>
12_19_57 | INFO | Surface type at position <6957.668945, 26.129999, 2200.978027> is cp_concrete1
12_19_57 | INFO | Raycast hit surface at: <6902.206543, 26.305904, 2190.600098>
12_19_57 | INFO | Defender ZmbM_usSoldier_Officer_Desert spawned at: <6902.206543, 26.305904, 2190.600098>
12_19_57 | INFO | Surface type at position <6902.206543, 26.305904, 2190.600098> is concrete_ext
12_19_57 | INFO | Raycast hit surface at: <6905.795898, 26.303719, 2234.155273>
12_19_57 | INFO | Defender ZmbM_usSoldier_normal_Desert spawned at: <6905.795898, 26.303719, 2234.155273>
12_19_57 | INFO | Surface type at position <6905.795898, 26.303719, 2234.155273> is concrete_ext
12_19_57 | INFO | Raycast hit surface at: <6932.395508, 26.264978, 2207.994873>
12_19_57 | INFO | Defender ZmbM_usSoldier_normal_Woodland spawned at: <6932.395508, 26.264978, 2207.994873>
12_19_57 | INFO | Surface type at position <6932.395508, 26.264978, 2207.994873> is cp_grass
12_19_57 | INFO | Raycast hit surface at: <6922.789063, 26.264978, 2205.997559>
12_19_57 | INFO | Defender ZmbM_usSoldier_normal_Desert spawned at: <6922.789063, 26.264978, 2205.997559>
12_19_57 | INFO | Surface type at position <6922.789063, 26.264978, 2205.997559> is cp_grass
12_19_57 | INFO | Raycast hit surface at: <6914.646973, 26.264978, 2200.451416>
12_19_57 | INFO | Defender ZmbM_usSoldier_normal_Woodland spawned at: <6914.646973, 26.264978, 2200.451416>
12_19_57 | INFO | Surface type at position <6914.646973, 26.264978, 2200.451416> is cp_grass
12_19_57 | INFO | Raycast hit surface at: <6913.360840, 26.129999, 2181.927002>
12_19_57 | INFO | Defender ZmbM_usSoldier_Officer_Desert spawned at: <6913.360840, 26.129999, 2181.927002>
12_19_57 | INFO | Surface type at position <6913.360840, 26.129999, 2181.927002> is cp_grass
12_19_57 | INFO | Raycast hit surface at: <6922.438965, 27.603043, 2205.894043>
12_19_57 | INFO | Defender ZmbM_usSoldier_normal_Woodland spawned at: <6922.438965, 27.603043, 2205.894043>
12_19_57 | INFO | Surface type at position <6922.438965, 27.603043, 2205.894043> is concrete_int
12_19_57 | INFO | Spawning loot box at position: <6909.319824, 26.129999, 2213.879883>
12_19_57 | INFO | Random loot table selected from user setting file: Military
12_19_57 | ERROR | Could Not Spawn Loot Item: TacticalShirt at <6909.319824, 26.129999, 2213.879883>
12_19_57 | ERROR | Could Not Spawn Loot Item: CombatBoots at <6909.319824, 26.129999, 2213.879883>
12_19_57 | ERROR | Could Not Spawn Loot Item: MilitaryBeret at <6909.319824, 26.129999, 2213.879883>
12_19_57 | ERROR | Could Not Spawn Loot Item: NightVisionGoggles at <6909.319824, 26.129999, 2213.879883>
12_19_57 | ERROR | Could Not Spawn Loot Item: RubberBox_380ACP at <6909.319824, 26.129999, 2213.879883>
12_19_57 | ERROR | Could Not Spawn Loot Item: RubberBox_45ACP at <6909.319824, 26.129999, 2213.879883>
12_19_57 | ERROR | Could Not Spawn Loot Item: RubberBox_9x19 at <6909.319824, 26.129999, 2213.879883>
12_19_57 | ERROR | Could Not Spawn Loot Item: Ammo_45ACPRubber at <6909.319824, 26.129999, 2213.879883>
12_19_57 | ERROR | Could Not Spawn Loot Item: Ammo_9x19Rubber at <6909.319824, 26.129999, 2213.879883>
12_19_57 | ERROR | Could Not Spawn Loot Item: Ammo_380Rubber at <6909.319824, 26.129999, 2213.879883>
12_19_57 | ERROR | Could Not Spawn Loot Item: ScrapRubber at <6909.319824, 26.129999, 2213.879883>
12_19_57 | ERROR | Could Not Spawn Loot Item: PressWdie at <6909.319824, 26.129999, 2213.879883>
12_19_57 | ERROR | Could Not Spawn Loot Item: PressWdieWattachmentplate at <6909.319824, 26.129999, 2213.879883>
12_19_57 | ERROR | Could Not Spawn Loot Item: Presswdiemechismhandle at <6909.319824, 26.129999, 2213.879883>
12_19_57 | ERROR | Could Not Spawn Loot Item: PresswithMechanism at <6909.319824, 26.129999, 2213.879883>
12_19_57 | ERROR | Could Not Spawn Loot Item: PresswithMechanismhandle at <6909.319824, 26.129999, 2213.879883>
12_19_57 | ERROR | Could Not Spawn Loot Item: CrucibleOreLead at <6909.319824, 26.129999, 2213.879883>
12_19_57 | ERROR | Could Not Spawn Loot Item: Mlock19 at <6909.319824, 26.129999, 2213.879883>
12_19_57 | INFO | Successfully spawned loot box at position: <6909.319824, 26.129999, 2213.879883>
12_19_57 | INFO | Spawning loot box at position: <6910.319824, 26.129999, 2198.879883>
12_19_57 | INFO | Random loot table selected from user setting file: Military
12_19_57 | ERROR | Could Not Spawn Loot Item: TacticalShirt at <6910.319824, 26.129999, 2198.879883>
12_19_57 | ERROR | Could Not Spawn Loot Item: CombatBoots at <6910.319824, 26.129999, 2198.879883>
12_19_57 | ERROR | Could Not Spawn Loot Item: MilitaryBeret at <6910.319824, 26.129999, 2198.879883>
12_19_57 | ERROR | Could Not Spawn Loot Item: NightVisionGoggles at <6910.319824, 26.129999, 2198.879883>
12_19_57 | ERROR | Could Not Spawn Loot Item: RubberBox_380ACP at <6910.319824, 26.129999, 2198.879883>
12_19_57 | ERROR | Could Not Spawn Loot Item: RubberBox_45ACP at <6910.319824, 26.129999, 2198.879883>
12_19_57 | ERROR | Could Not Spawn Loot Item: RubberBox_9x19 at <6910.319824, 26.129999, 2198.879883>
12_19_57 | ERROR | Could Not Spawn Loot Item: Ammo_45ACPRubber at <6910.319824, 26.129999, 2198.879883>
12_19_57 | ERROR | Could Not Spawn Loot Item: Ammo_9x19Rubber at <6910.319824, 26.129999, 2198.879883>
12_19_57 | ERROR | Could Not Spawn Loot Item: Ammo_380Rubber at <6910.319824, 26.129999, 2198.879883>
12_19_57 | ERROR | Could Not Spawn Loot Item: ScrapRubber at <6910.319824, 26.129999, 2198.879883>
12_19_57 | ERROR | Could Not Spawn Loot Item: PressWdie at <6910.319824, 26.129999, 2198.879883>
12_19_57 | ERROR | Could Not Spawn Loot Item: Presswdiemechismhandle at <6910.319824, 26.129999, 2198.879883>
12_19_57 | ERROR | Could Not Spawn Loot Item: PresswithAttachmentplate at <6910.319824, 26.129999, 2198.879883>
12_19_57 | ERROR | Could Not Spawn Loot Item: PresswithMechanism at <6910.319824, 26.129999, 2198.879883>
12_19_57 | ERROR | Could Not Spawn Loot Item: Mlock19 at <6910.319824, 26.129999, 2198.879883>
12_19_57 | INFO | Successfully spawned loot box at position: <6910.319824, 26.129999, 2198.879883>
12_19_57 | INFO | Spawning loot box at position: <6929.319824, 26.129999, 2206.879883>
12_19_57 | ERROR | Could not attach part: carbattery to any available slot on vehicle: URAL_375_1964
12_19_58 | ERROR | Not Enough Loot In The List Compared To The Min Loot Amount for box at <6929.319824, 26.129999, 2206.879883>
12_19_58 | INFO | UnlockLootRoom: No sound is set to play for loot room 'Airfield Base'.
12_24_59 | INFO | UnlockLootRoom: Loot room 'South Port Industrial Base' unlocked by Player: Pengowski [SteamID: 76561198413928129]
12_24_59 | INFO | Raycast did not hit surface, fallback to terrain Y: <1994.18, 15.57, 538.891>
12_24_59 | INFO | Defender ZmbM_usSoldier_Officer_Desert spawned at: <1994.182251, 15.570000, 538.891418>
12_24_59 | INFO | Surface type at position <1994.182251, 15.570000, 538.891418> is en_stubble
12_24_59 | INFO | Raycast hit surface at: <1971.229248, 22.777534, 574.768677>
12_24_59 | INFO | Defender ZmbM_usSoldier_normal_Desert spawned at: <1971.229248, 22.777534, 574.768677>
12_24_59 | INFO | Surface type at position <1971.229248, 22.777534, 574.768677> is jmc_drybeton
12_24_59 | INFO | Raycast did not hit surface, fallback to terrain Y: <1977.78, 15.57, 557.878>
12_24_59 | INFO | Defender ZmbM_usSoldier_Officer_Desert spawned at: <1977.781128, 15.570000, 557.877563>
12_24_59 | INFO | Surface type at position <1977.781128, 15.570000, 557.877563> is jmc_dryweedstones
12_24_59 | INFO | Raycast did not hit surface, fallback to terrain Y: <2001.83, 15.57, 545.851>
12_24_59 | INFO | Defender ZmbM_usSoldier_normal_Woodland spawned at: <2001.831055, 15.570000, 545.851257>
12_24_59 | INFO | Surface type at position <2001.831055, 15.570000, 545.851257> is jmc_drybeton
12_24_59 | INFO | Raycast did not hit surface, fallback to terrain Y: <1972.84, 15.57, 577.017>
12_24_59 | INFO | Defender ZmbM_usSoldier_Officer_Desert spawned at: <1972.838257, 15.570000, 577.017212>
12_24_59 | INFO | Surface type at position <1972.838257, 15.570000, 577.017212> is jmc_drybeton
12_24_59 | INFO | Raycast did not hit surface, fallback to terrain Y: <2003.91, 15.57, 564.863>
12_24_59 | INFO | Defender ZmbM_usSoldier_Officer_Desert spawned at: <2003.911377, 15.570000, 564.862671>
12_24_59 | INFO | Surface type at position <2003.911377, 15.570000, 564.862671> is jmc_drybeton
12_24_59 | INFO | Raycast did not hit surface, fallback to terrain Y: <1990.05, 15.57, 544.839>
12_24_59 | INFO | Defender ZmbM_usSoldier_Officer_Desert spawned at: <1990.049561, 15.570000, 544.838928>
12_24_59 | INFO | Surface type at position <1990.049561, 15.570000, 544.838928> is jmc_drybeton
12_24_59 | INFO | Raycast hit surface at: <1988.782715, 25.048056, 551.071838>
12_24_59 | INFO | Defender ZmbM_usSoldier_Officer_Desert spawned at: <1988.782715, 25.048056, 551.071838>
12_24_59 | INFO | Surface type at position <1988.782715, 25.048056, 551.071838> is concrete_ext
12_24_59 | INFO | Raycast hit surface at: <1998.280396, 19.424448, 531.650879>
12_24_59 | INFO | Defender ZmbM_usSoldier_normal_Woodland spawned at: <1998.280396, 19.424448, 531.650879>
12_24_59 | INFO | Surface type at position <1998.280396, 19.424448, 531.650879> is en_stubble
12_24_59 | INFO | Raycast did not hit surface, fallback to terrain Y: <1981.76, 15.57, 580.197>
12_24_59 | INFO | Defender ZmbM_usSoldier_normal_Desert spawned at: <1981.758667, 15.570000, 580.196655>
12_24_59 | INFO | Surface type at position <1981.758667, 15.570000, 580.196655> is jmc_drybeton
12_24_59 | INFO | Raycast did not hit surface, fallback to terrain Y: <1964.34, 15.57, 543.524>
12_24_59 | INFO | Defender ZmbM_usSoldier_normal_Desert spawned at: <1964.337280, 15.570000, 543.523865>
12_24_59 | INFO | Surface type at position <1964.337280, 15.570000, 543.523865> is jmc_drybeton
12_24_59 | INFO | Raycast did not hit surface, fallback to terrain Y: <2008.54, 15.57, 531.07>
12_24_59 | INFO | Defender ZmbM_usSoldier_Officer_Desert spawned at: <2008.535034, 15.570000, 531.069641>
12_24_59 | INFO | Surface type at position <2008.535034, 15.570000, 531.069641> is en_stubble
12_24_59 | INFO | Raycast hit surface at: <1990.740601, 25.048058, 561.557312>
12_24_59 | INFO | Defender ZmbM_usSoldier_normal_Desert spawned at: <1990.740601, 25.048058, 561.557312>
12_24_59 | INFO | Surface type at position <1990.740601, 25.048058, 561.557312> is concrete_ext
12_24_59 | INFO | Raycast did not hit surface, fallback to terrain Y: <1959.95, 15.57, 563.646>
12_24_59 | INFO | Defender ZmbM_usSoldier_normal_Desert spawned at: <1959.945557, 15.570000, 563.646362>
12_24_59 | INFO | Surface type at position <1959.945557, 15.570000, 563.646362> is concrete_ext
12_24_59 | INFO | Raycast hit surface at: <1986.880981, 25.048056, 556.814209>
12_24_59 | INFO | Defender ZmbM_usSoldier_normal_Woodland spawned at: <1986.880981, 25.048056, 556.814209>
12_24_59 | INFO | Surface type at position <1986.880981, 25.048056, 556.814209> is concrete_ext
12_24_59 | INFO | Raycast did not hit surface, fallback to terrain Y: <1958.91, 15.57, 535.089>
12_24_59 | INFO | Defender ZmbM_usSoldier_normal_Woodland spawned at: <1958.911621, 15.570000, 535.088745>
12_24_59 | INFO | Surface type at position <1958.911621, 15.570000, 535.088745> is concrete_ext
12_24_59 | INFO | Raycast did not hit surface, fallback to terrain Y: <1976.66, 15.57, 560.672>
12_24_59 | INFO | Defender ZmbM_usSoldier_normal_Desert spawned at: <1976.655151, 15.570000, 560.672119>
12_24_59 | INFO | Surface type at position <1976.655151, 15.570000, 560.672119> is en_stubble
12_24_59 | INFO | Raycast hit surface at: <1970.778931, 22.777534, 565.185608>
12_24_59 | INFO | Defender ZmbM_usSoldier_normal_Woodland spawned at: <1970.778931, 22.777534, 565.185608>
12_24_59 | INFO | Surface type at position <1970.778931, 22.777534, 565.185608> is jmc_dryweedstones
12_24_59 | INFO | Raycast hit surface at: <1967.966919, 17.984859, 574.460144>
12_24_59 | INFO | Defender ZmbM_usSoldier_normal_Woodland spawned at: <1967.966919, 17.984859, 574.460144>
12_24_59 | INFO | Surface type at position <1967.966919, 17.984859, 574.460144> is jmc_dryweedstones
12_24_59 | INFO | Raycast did not hit surface, fallback to terrain Y: <2007.87, 15.57, 553.402>
12_24_59 | INFO | Defender ZmbM_usSoldier_normal_Desert spawned at: <2007.868896, 15.570000, 553.402100>
12_24_59 | INFO | Surface type at position <2007.868896, 15.570000, 553.402100> is jmc_drybeton
12_24_59 | INFO | Raycast did not hit surface, fallback to terrain Y: <2021.26, 15.57, 549.45>
12_24_59 | INFO | Defender ZmbM_usSoldier_normal_Woodland spawned at: <2021.255371, 15.570000, 549.449890>
12_24_59 | INFO | Surface type at position <2021.255371, 15.570000, 549.449890> is en_stubble
12_24_59 | INFO | Raycast hit surface at: <1991.787109, 21.913784, 592.900757>
12_24_59 | INFO | Defender ZmbM_usSoldier_Officer_Desert spawned at: <1991.787109, 21.913784, 592.900757>
12_24_59 | INFO | Surface type at position <1991.787109, 21.913784, 592.900757> is asphalt_felt_ext
12_24_59 | INFO | Raycast hit surface at: <1995.532104, 25.048058, 574.657959>
12_24_59 | INFO | Defender ZmbM_usSoldier_normal_Woodland spawned at: <1995.532104, 25.048058, 574.657959>
12_24_59 | INFO | Surface type at position <1995.532104, 25.048058, 574.657959> is concrete_ext
12_24_59 | INFO | Raycast did not hit surface, fallback to terrain Y: <1981.69, 15.57, 577.295>
12_24_59 | INFO | Defender ZmbM_usSoldier_normal_Woodland spawned at: <1981.691162, 15.570000, 577.295288>
12_24_59 | INFO | Surface type at position <1981.691162, 15.570000, 577.295288> is jmc_drybeton
12_24_59 | INFO | Raycast did not hit surface, fallback to terrain Y: <1973.04, 15.57, 550.845>
12_24_59 | INFO | Defender ZmbM_usSoldier_normal_Desert spawned at: <1973.036621, 15.570000, 550.845276>
12_24_59 | INFO | Surface type at position <1973.036621, 15.570000, 550.845276> is jmc_drybeton
12_24_59 | INFO | Raycast hit surface at: <1982.402832, 25.048058, 569.166626>
12_24_59 | INFO | Defender ZmbM_usSoldier_normal_Woodland spawned at: <1982.402832, 25.048058, 569.166626>
12_24_59 | INFO | Surface type at position <1982.402832, 25.048058, 569.166626> is concrete_ext
12_24_59 | INFO | Raycast hit surface at: <1987.933594, 25.048056, 553.275574>
12_24_59 | INFO | Defender ZmbM_usSoldier_normal_Desert spawned at: <1987.933594, 25.048056, 553.275574>
12_24_59 | INFO | Surface type at position <1987.933594, 25.048056, 553.275574> is concrete_ext
12_24_59 | INFO | Raycast did not hit surface, fallback to terrain Y: <2010.02, 15.57, 548.465>
12_24_59 | INFO | Defender ZmbM_usSoldier_Officer_Desert spawned at: <2010.019165, 15.570000, 548.464661>
12_24_59 | INFO | Surface type at position <2010.019165, 15.570000, 548.464661> is en_stubble
12_24_59 | INFO | Raycast did not hit surface, fallback to terrain Y: <2021.63, 15.57, 567.566>
12_24_59 | INFO | Defender ZmbM_usSoldier_Officer_Desert spawned at: <2021.627808, 15.570000, 567.565796>
12_24_59 | INFO | Surface type at position <2021.627808, 15.570000, 567.565796> is en_stubble
12_24_59 | INFO | Raycast hit surface at: <1991.087769, 21.913784, 593.128784>
12_24_59 | INFO | Defender ZmbM_usSoldier_normal_Desert spawned at: <1991.087769, 21.913784, 593.128784>
12_24_59 | INFO | Surface type at position <1991.087769, 21.913784, 593.128784> is asphalt_felt_ext
12_24_59 | INFO | Raycast did not hit surface, fallback to terrain Y: <1994.16, 15.57, 578.76>
12_24_59 | INFO | Defender ZmbM_usSoldier_Officer_Desert spawned at: <1994.162598, 15.570000, 578.759583>
12_24_59 | INFO | Surface type at position <1994.162598, 15.570000, 578.759583> is jmc_drybeton
12_24_59 | INFO | Raycast did not hit surface, fallback to terrain Y: <1997.31, 15.57, 534.291>
12_24_59 | INFO | Defender ZmbM_usSoldier_normal_Desert spawned at: <1997.314941, 15.570000, 534.290894>
12_24_59 | INFO | Surface type at position <1997.314941, 15.570000, 534.290894> is en_stubble
12_24_59 | INFO | Raycast hit surface at: <1985.309448, 25.048056, 541.146423>
12_24_59 | INFO | Defender ZmbM_usSoldier_normal_Woodland spawned at: <1985.309448, 25.048056, 541.146423>
12_24_59 | INFO | Surface type at position <1985.309448, 25.048056, 541.146423> is concrete_ext
12_24_59 | INFO | Raycast did not hit surface, fallback to terrain Y: <1995.02, 15.57, 553.457>
12_24_59 | INFO | Defender ZmbM_usSoldier_normal_Desert spawned at: <1995.017090, 15.570000, 553.456909>
12_24_59 | INFO | Surface type at position <1995.017090, 15.570000, 553.456909> is jmc_drybeton
12_24_59 | INFO | Raycast hit surface at: <2011.130493, 28.959200, 527.365417>
12_24_59 | INFO | Defender ZmbM_usSoldier_normal_Desert spawned at: <2011.130493, 28.959200, 527.365417>
12_24_59 | INFO | Surface type at position <2011.130493, 28.959200, 527.365417> is en_stubble
12_24_59 | INFO | Raycast did not hit surface, fallback to terrain Y: <2004.58, 15.57, 549.882>
12_24_59 | INFO | Defender ZmbM_usSoldier_normal_Desert spawned at: <2004.583496, 15.570000, 549.881531>
12_24_59 | INFO | Surface type at position <2004.583496, 15.570000, 549.881531> is jmc_drybeton
12_24_59 | INFO | Raycast hit surface at: <1990.112305, 25.048058, 559.130371>
12_24_59 | INFO | Defender ZmbM_usSoldier_Officer_Desert spawned at: <1990.112305, 25.048058, 559.130371>
12_24_59 | INFO | Surface type at position <1990.112305, 25.048058, 559.130371> is concrete_ext
12_24_59 | INFO | Raycast did not hit surface, fallback to terrain Y: <1987.78, 15.57, 523.637>
12_24_59 | INFO | Defender ZmbM_usSoldier_Officer_Desert spawned at: <1987.775269, 15.570000, 523.637085>
12_24_59 | INFO | Surface type at position <1987.775269, 15.570000, 523.637085> is en_stubble
12_24_59 | INFO | Raycast did not hit surface, fallback to terrain Y: <2008.45, 15.57, 571>
12_24_59 | INFO | Defender ZmbM_usSoldier_Officer_Desert spawned at: <2008.447144, 15.570000, 571.000488>
12_24_59 | INFO | Surface type at position <2008.447144, 15.570000, 571.000488> is en_stubble
12_24_59 | INFO | Raycast did not hit surface, fallback to terrain Y: <1978.91, 15.57, 534.034>
12_24_59 | INFO | Defender ZmbM_usSoldier_Officer_Desert spawned at: <1978.911133, 15.570000, 534.033936>
12_24_59 | INFO | Surface type at position <1978.911133, 15.570000, 534.033936> is en_stubble
12_24_59 | INFO | Spawning loot box at position: <1984.665649, 15.570000, 570.450439>
12_24_59 | INFO | Random loot table selected from user setting file: Military
12_24_59 | ERROR | Could Not Spawn Loot Item: TacticalShirt at <1984.665649, 15.570000, 570.450439>
12_24_59 | ERROR | Could Not Spawn Loot Item: MilitaryBeret at <1984.665649, 15.570000, 570.450439>
12_24_59 | ERROR | Could Not Spawn Loot Item: NightVisionGoggles at <1984.665649, 15.570000, 570.450439>
12_24_59 | ERROR | Could Not Spawn Loot Item: RubberBox_380ACP at <1984.665649, 15.570000, 570.450439>
12_24_59 | ERROR | Could Not Spawn Loot Item: RubberBox_45ACP at <1984.665649, 15.570000, 570.450439>
12_24_59 | ERROR | Could Not Spawn Loot Item: Ammo_9x19Rubber at <1984.665649, 15.570000, 570.450439>
12_24_59 | ERROR | Could Not Spawn Loot Item: Ammo_380Rubber at <1984.665649, 15.570000, 570.450439>
12_24_59 | ERROR | Could Not Spawn Loot Item: PressWdie at <1984.665649, 15.570000, 570.450439>
12_24_59 | ERROR | Could Not Spawn Loot Item: PressWdieWattachmentplate at <1984.665649, 15.570000, 570.450439>
12_24_59 | ERROR | Could Not Spawn Loot Item: Presswdiemechismhandle at <1984.665649, 15.570000, 570.450439>
12_24_59 | ERROR | Could Not Spawn Loot Item: PresswithAttachmentplate at <1984.665649, 15.570000, 570.450439>
12_24_59 | ERROR | Could Not Spawn Loot Item: PresswithMechanism at <1984.665649, 15.570000, 570.450439>
12_24_59 | ERROR | Could Not Spawn Loot Item: PresswithMechanismhandle at <1984.665649, 15.570000, 570.450439>
12_24_59 | INFO | Successfully spawned loot box at position: <1984.665649, 15.570000, 570.450439>
12_24_59 | INFO | Spawning loot box at position: <1984.750000, 15.570000, 564.257019>
12_24_59 | INFO | Random loot table selected from user setting file: Military
12_24_59 | ERROR | Could Not Spawn Loot Item: CombatBoots at <1984.750000, 15.570000, 564.257019>
12_24_59 | ERROR | Could Not Spawn Loot Item: MilitaryBeret at <1984.750000, 15.570000, 564.257019>
12_24_59 | ERROR | Could Not Spawn Loot Item: NightVisionGoggles at <1984.750000, 15.570000, 564.257019>
12_24_59 | ERROR | Could Not Spawn Loot Item: RubberBox_380ACP at <1984.750000, 15.570000, 564.257019>
12_24_59 | ERROR | Could Not Spawn Loot Item: RubberBox_45ACP at <1984.750000, 15.570000, 564.257019>
12_24_59 | ERROR | Could Not Spawn Loot Item: RubberBox_9x19 at <1984.750000, 15.570000, 564.257019>
12_24_59 | ERROR | Could Not Spawn Loot Item: Ammo_45ACPRubber at <1984.750000, 15.570000, 564.257019>
12_24_59 | ERROR | Could Not Spawn Loot Item: Ammo_9x19Rubber at <1984.750000, 15.570000, 564.257019>
12_24_59 | ERROR | Could Not Spawn Loot Item: ScrapRubber at <1984.750000, 15.570000, 564.257019>
12_24_59 | ERROR | Could Not Spawn Loot Item: PressWdie at <1984.750000, 15.570000, 564.257019>
12_24_59 | ERROR | Could Not Spawn Loot Item: PresswithAttachmentplate at <1984.750000, 15.570000, 564.257019>
12_24_59 | ERROR | Could Not Spawn Loot Item: PresswithMechanism at <1984.750000, 15.570000, 564.257019>
12_24_59 | ERROR | Could Not Spawn Loot Item: Mlock19 at <1984.750000, 15.570000, 564.257019>
12_24_59 | INFO | Successfully spawned loot box at position: <1984.750000, 15.570000, 564.257019>
12_24_59 | INFO | Spawning loot box at position: <1993.319946, 15.570000, 565.531006>
12_24_59 | ERROR | Not Enough Loot In The List Compared To The Min Loot Amount for box at <1993.319946, 15.570000, 565.531006>
12_24_59 | INFO | UnlockLootRoom: No sound is set to play for loot room 'South Port Industrial Base'.
12_30_43 | INFO | Player and identity are valid on connect.
12_33_41 | INFO | Player and identity are valid on connect.
12_35_20 | INFO | Player and identity are valid on connect.
