21.08.2025 20:43:18 [ZenMod] Player logged in: P E N G U I N (76561198413928129) (pos=<2232.758057, 15.771978, 718.749756>)
21.08.2025 21:24:38 [ZenMod] Player logged out: P E N G U I N (76561198413928129) (pos=<2323.209961, 25.979939, 571.870605>)
21.08.2025 21:30:59 [ZenMod] Player logged in: P E N G U I N (76561198413928129) (pos=<2323.209961, 25.979939, 571.870605>)
21.08.2025 21:40:51 [ZenMod] Player logged out: P E N G U I N (76561198413928129) (pos=<2551.522705, 38.313900, 767.317749>)
21.08.2025 21:47:32 [ZenMod] Player logged in: P E N G U I N (76561198413928129) (pos=<2551.522705, 38.313900, 767.317749>)
21.08.2025 21:57:24 [ZenMod] Player logged out: P E N G U I N (76561198413928129) (pos=<1987.881470, 25.044033, 573.865295>)
21.08.2025 22:04:41 [ZenMod] Player logged in: P E N G U I N (76561198413928129) (pos=<1987.881470, 25.044033, 573.865295>)
21.08.2025 22:14:27 [ZenMod] Player logged out: P E N G U I N (76561198413928129) (pos=<1985.825195, 15.618011, 569.394287>)
21.08.2025 22:19:33 [ZenMod] Player logged in: P E N G U I N (76561198413928129) (pos=<1985.825195, 15.618011, 569.394287>)
21.08.2025 22:47:34 [ZenMod] Player logged out: P E N G U I N (76561198413928129) (pos=<5229.784668, 1.581287, 2279.106201>)
21.08.2025 22:48:20 [ZenMod] Player logged in: P E N G U I N (76561198413928129) (pos=<5229.784668, 1.581287, 2279.106201>)
21.08.2025 23:06:30 [ZenMod] Player logged in: P E N G U I N (76561198413928129) (pos=<269.999664, 2.426402, 6309.000000>)
21.08.2025 23:08:38 [ZenMod] Player logged out: P E N G U I N (76561198413928129) (pos=<2388.397705, 42.547806, 5732.179199>)
22.08.2025 08:21:15 [ZenMod] Player logged in: P E N G U I N (76561198413928129) (pos=<2388.397705, 42.547806, 5732.179199>)
22.08.2025 08:54:08 [ZenMod] Player logged out: P E N G U I N (76561198413928129) (pos=<6642.387207, 77.835037, 2322.660400>)
22.08.2025 09:01:01 [ZenMod] Player logged in: P E N G U I N (76561198413928129) (pos=<6642.387207, 77.835037, 2322.660400>)
22.08.2025 09:17:04 [ZenMod] Player logged out: P E N G U I N (76561198413928129) (pos=<3552.229980, 115.253571, 1716.187744>)
28.08.2025 15:56:07 [ZenMod] Player logged in: LEE (76561198413928129) (pos=<3552.229980, 115.253571, 1716.187744>)
28.08.2025 16:13:44 [ZenMod] Player logged out: LEE (76561198413928129) (pos=<2251.886963, 44.692593, 1367.208618>)
28.08.2025 16:20:00 [ZenMod] Player logged in: LEE (76561198413928129) (pos=<2251.886963, 44.692593, 1367.208618>)
28.08.2025 16:23:04 [ZenMod] Player logged out: LEE (76561198413928129) (pos=<1984.998047, 15.618010, 567.786743>)
28.08.2025 16:28:31 [ZenMod] Player logged in: LEE (76561198413928129) (pos=<1984.998047, 15.618010, 567.786743>)
28.08.2025 16:39:30 [ZenMod] Player logged out: LEE (76561198413928129) (pos=<1983.024292, 15.618025, 572.484009>)
28.08.2025 16:49:07 [ZenMod] Player logged in: LEE (76561198413928129) (pos=<1983.024292, 15.618025, 572.484009>)
28.08.2025 16:54:52 [ZenMod] Player logged out: LEE (76561198413928129) (pos=<1983.368652, 15.618021, 571.498047>)
28.08.2025 17:01:43 [ZenMod] Player logged in: LEE (76561198413928129) (pos=<1983.368652, 15.618021, 571.498047>)
28.08.2025 17:03:33 [ZenMod] Player logged out: LEE (76561198413928129) (pos=<1982.743652, 21.862638, 594.994690>)
28.08.2025 17:12:40 [ZenMod] Player logged in: LEE (76561198413928129) (pos=<1982.743652, 21.862638, 594.994690>)
28.08.2025 17:14:27 [ZenMod] Player logged out: LEE (76561198413928129) (pos=<6918.282227, 26.154997, 2187.869385>)
28.08.2025 17:23:11 [ZenMod] Player logged in: LEE (76561198413928129) (pos=<6918.282227, 26.154997, 2187.869385>)
28.08.2025 17:25:57 [ZenMod] Player logged out: LEE (76561198413928129) (pos=<6922.012695, 26.304964, 2200.850586>)
28.08.2025 17:31:31 [ZenMod] Player logged in: LEE (76561198413928129) (pos=<6922.012695, 26.304964, 2200.850586>)
28.08.2025 17:42:08 [ZenMod] Player logged in: LEE (76561198413928129) (pos=<6909.177246, 26.638531, 2213.336670>)
28.08.2025 17:47:42 [ZenMod] Player logged out: LEE (76561198413928129) (pos=<6927.885254, 26.154978, 2191.334961>)
28.08.2025 17:54:32 [ZenMod] Player logged in: LEE (76561198413928129) (pos=<6927.885254, 26.154978, 2191.334961>)
28.08.2025 18:03:30 [ZenMod] Player logged in: LEE (76561198413928129) (pos=<6930.579590, 26.154999, 2193.285156>)
28.08.2025 18:09:46 [ZenMod] Player logged out: LEE (76561198413928129) (pos=<6909.371582, 26.678194, 2213.296143>)
28.08.2025 18:17:41 [ZenMod] Player logged in: LEE (76561198413928129) (pos=<6909.371582, 26.678194, 2213.296143>)
28.08.2025 18:21:00 [ZenMod] Player logged out: LEE (76561198413928129) (pos=<6909.741699, 26.304956, 2213.093994>)
28.08.2025 18:26:12 [ZenMod] Player logged in: LEE (76561198413928129) (pos=<6909.741699, 26.304956, 2213.093994>)
28.08.2025 18:29:01 [ZenMod] Player logged out: LEE (76561198413928129) (pos=<6908.767578, 26.304956, 2211.091553>)
28.08.2025 18:34:18 [ZenMod] Player logged in: LEE (76561198413928129) (pos=<6908.767578, 26.304956, 2211.091553>)
28.08.2025 18:43:03 [ZenMod] Player logged in: LEE (76561198413928129) (pos=<6910.686523, 26.304970, 2201.108643>)
28.08.2025 18:56:40 [ZenMod] Player logged in: LEE (76561198413928129) (pos=<6910.121582, 26.304972, 2200.293701>)
28.08.2025 19:05:48 [ZenMod] Player logged out: LEE (76561198413928129) (pos=<6914.627441, 33.596951, 2195.214844>)
28.08.2025 21:22:04 [ZenMod] Player logged in: LEE (76561198413928129) (pos=<6914.627441, 33.596951, 2195.214844>)
28.08.2025 22:37:55 [ZenMod] Player logged out: LEE (76561198413928129) (pos=<4148.412598, 60.983452, 7453.830566>)
29.08.2025 11:23:07 [ZenMod] Player logged in: LEE (76561198413928129) (pos=<4148.412598, 60.983452, 7453.830566>)
29.08.2025 12:20:54 [ZenMod] Player logged out: LEE (76561198413928129) (pos=<2150.350830, 15.653893, 628.763550>)
30.08.2025 03:14:57 [ZenMod] Player logged in: LEE (76561198413928129) (pos=<2150.350830, 15.653893, 628.763550>)
30.08.2025 04:08:19 [ZenMod] Player logged out: LEE (76561198413928129) (pos=<4801.215820, 39.840492, 1049.607056>)
03.09.2025 09:18:03 [ZenMod] Player logged in: LEE (76561198413928129) (pos=<4801.215820, 39.840492, 1049.607056>)
04.09.2025 07:04:22 [ZenMod] Player logged in: LEE (76561198413928129) (pos=<2939.000000, 6.501439, 6779.000000>)
04.09.2025 07:05:37 [ZenMod] Player logged in: LEE (76561198413928129) (pos=<2939.000000, 6.501439, 6779.000000>)
04.09.2025 07:13:41 [ZenMod] Player logged in: LEE (76561198413928129) (pos=<974.999756, 7.211419, 5410.000000>)
04.09.2025 08:45:24 [ZenMod] Player logged in: LEE (76561198413928129) (pos=<1087.000000, 1.768939, 4972.000000>)
04.09.2025 08:47:33 [ZenMod] Player logged out: LEE (76561198413928129) (pos=<2568.682129, 53.942642, 5934.271484>)
05.09.2025 04:03:14 [ZenMod] Player logged in: LEE (76561198413928129) (pos=<2568.682129, 53.942642, 5934.271484>)
05.09.2025 04:12:42 [ZenMod] Player logged out: LEE (76561198413928129) (pos=<2382.070801, 54.824974, 3075.114990>)
05.09.2025 13:25:21 [ZenMod] Player logged in: LEE (76561198413928129) (pos=<2382.070801, 54.824974, 3075.114990>)
05.09.2025 13:55:41 [ZenMod] Player logged out: LEE (76561198413928129) (pos=<6949.872559, 63.559231, 843.345093>)
05.09.2025 14:02:50 [ZenMod] Player logged in: LEE (76561198413928129) (pos=<6949.872559, 63.559231, 843.345093>)
05.09.2025 14:13:01 [ZenMod] Player logged out: LEE (76561198413928129) (pos=<2276.347412, 94.535011, 6327.550293>)
06.09.2025 10:34:16 [ZenMod] Player logged in: LEE (76561198413928129) (pos=<2276.347412, 94.535011, 6327.550293>)
06.09.2025 11:07:57 [ZenMod] Player logged in: LEE (76561198413928129) (pos=<2270.103027, 94.535004, 6327.468750>)
06.09.2025 11:36:33 [ZenMod] Player logged in: LEE (76561198413928129) (pos=<6952.460449, 63.506283, 840.820435>)
06.09.2025 11:55:06 [ZenMod] Player logged out: LEE (76561198413928129) (pos=<5163.368164, 4.856324, 2761.841309>)
06.09.2025 12:00:42 [ZenMod] Player logged in: LEE (76561198413928129) (pos=<285.999695, 4.146400, 5776.000000>)
06.09.2025 12:04:09 [ZenMod] Player logged in: LEE (76561198413928129) (pos=<974.999817, 6.991425, 5390.000000>)
06.09.2025 13:41:26 [ZenMod] Player logged out: LEE (76561198413928129) (pos=<2838.597900, 44.583553, 5957.962891>)
06.09.2025 16:47:25 [ZenMod] Player logged in: LEE (76561198413928129) (pos=<2838.597900, 44.583553, 5957.962891>)
06.09.2025 17:27:29 [ZenMod] Player logged in: LEE (76561198413928129) (pos=<2701.658936, 43.964989, 5748.582031>)
06.09.2025 17:36:21 [ZenMod] Player logged out: LEE (76561198413928129) (pos=<6950.709961, 63.355473, 834.771667>)
06.09.2025 17:59:37 [ZenMod] Player logged in: LEE (76561198413928129) (pos=<6950.709961, 63.355473, 834.771667>)
07.09.2025 06:24:37 [ZenMod] Player logged in: LEE (76561198413928129) (pos=<1307.000122, 3.291436, 4632.000000>)
07.09.2025 06:25:18 [ZenMod] Player logged in: LEE (76561198413928129) (pos=<2939.000000, 6.501439, 6779.000000>)
07.09.2025 06:29:11 [ZenMod] Player logged out: LEE (76561198413928129) (pos=<6952.215820, 63.140675, 825.830261>)
07.09.2025 06:38:14 [ZenMod] Player logged in: LEE (76561198413928129) (pos=<6952.215820, 63.140675, 825.830261>)
07.09.2025 06:52:20 [ZenMod] Player logged out: LEE (76561198413928129) (pos=<2270.940186, 94.535004, 6328.291016>)
07.09.2025 06:59:15 [ZenMod] Player logged in: LEE (76561198413928129) (pos=<2270.940186, 94.535004, 6328.291016>)
07.09.2025 07:00:25 [ZenMod] Player logged out: LEE (76561198413928129) (pos=<6949.486816, 63.142029, 825.727539>)
07.09.2025 07:07:02 [ZenMod] Player logged in: LEE (76561198413928129) (pos=<6949.486816, 63.142029, 825.727539>)
07.09.2025 07:24:52 [ZenMod] Player logged in: LEE (76561198413928129) (pos=<6929.902344, 62.663208, 822.056396>)
07.09.2025 07:31:19 [ZenMod] Player logged out: LEE (76561198413928129) (pos=<6843.397461, 26.154987, 2130.898682>)
07.09.2025 08:13:29 [ZenMod] Player logged in: LEE (76561198413928129) (pos=<6843.397461, 26.154987, 2130.898682>)
08.09.2025 10:11:49 [ZenMod] Player logged in: LEE (76561198413928129) (pos=<3368.000000, 13.669601, 6664.000000>)
08.09.2025 10:14:05 [ZenMod] Player logged in: LEE (76561198413928129) (pos=<264.999939, 1.768938, 6304.000000>)
08.09.2025 12:16:16 [ZenMod] Player logged out: LEE (76561198413928129) (pos=<3020.202393, 48.679447, 1193.533936>)
09.09.2025 06:31:42 [ZenMod] Player logged in: LEE (76561198413928129) (pos=<3020.202393, 48.679447, 1193.533936>)
09.09.2025 07:28:40 [ZenMod] Player logged out: LEE (76561198413928129) (pos=<5271.640625, 30.358961, 1113.618774>)
09.09.2025 07:50:54 [ZenMod] Player logged in: Pengowski (76561198413928129) (pos=<285.999603, 3.616386, 5796.000000>)
09.09.2025 07:51:54 [ZenMod] Player logged in: Pengowski (76561198413928129) (pos=<1281.999878, 4.473931, 4607.000000>)
09.09.2025 09:44:08 [ZenMod] Player logged in: Pengowski (76561198413928129) (pos=<1084.999756, 4.723924, 4056.000000>)
09.09.2025 11:01:52 [ZenMod] Player logged out: Pengowski (76561198413928129) (pos=<2934.796631, 161.206757, 2655.398926>)
09.09.2025 11:08:39 [ZenMod] Player logged in: Pengowski (76561198413928129) (pos=<2934.796631, 161.206757, 2655.398926>)
09.09.2025 11:16:14 [ZenMod] Player logged out: Pengowski (76561198413928129) (pos=<3726.531006, 129.215454, 2430.160156>)
09.09.2025 11:19:39 [ZenMod] Player logged in: Pengowski (76561198413928129) (pos=<3726.531006, 129.215454, 2430.160156>)
09.09.2025 12:12:22 [ZenMod] Player logged out: Pengowski (76561198413928129) (pos=<6088.493164, 7.079512, 2778.522949>)
09.09.2025 12:38:54 [ZenMod] Player logged in: Pengowski (76561198413928129) (pos=<6088.493164, 7.079512, 2778.522949>)
09.09.2025 14:56:03 [ZenMod] Player logged out: Pengowski (76561198413928129) (pos=<4054.070313, 32.869080, 1678.782227>)
10.09.2025 09:49:31 [ZenMod] Player logged in: Pengowski (76561198413928129) (pos=<4054.070313, 32.869080, 1678.782227>)
10.09.2025 09:59:18 [ZenMod] Player logged out: Pengowski (76561198413928129) (pos=<6806.476074, 28.424997, 2888.398682>)
10.09.2025 10:04:48 [ZenMod] Player logged in: Pengowski (76561198413928129) (pos=<6806.476074, 28.424997, 2888.398682>)
10.09.2025 10:06:01 [ZenMod] Player logged out: Pengowski (76561198413928129) (pos=<6800.319336, 28.183870, 2858.635742>)
10.09.2025 10:13:07 [ZenMod] Player logged in: Pengowski (76561198413928129) (pos=<1292.000000, 5.181430, 4607.000000>)
10.09.2025 10:13:51 [ZenMod] Player logged in: Pengowski (76561198413928129) (pos=<2773.000000, 5.806438, 7440.000000>)
10.09.2025 10:27:33 [ZenMod] Player logged out: Pengowski (76561198413928129) (pos=<1640.150879, 87.390259, 2633.597168>)
10.09.2025 10:38:44 [ZenMod] Player logged in: Pengowski (76561198413928129) (pos=<959.999634, 2.726397, 5425.000000>)
10.09.2025 10:39:08 [ZenMod] Player logged in: Pengowski (76561198413928129) (pos=<280.999634, 2.873886, 5776.000000>)
10.09.2025 10:57:25 [ZenMod] Player logged out: Pengowski (76561198413928129) (pos=<3274.609375, 16.494997, 6161.584961>)
10.09.2025 13:03:39 [ZenMod] Player logged in: Pengowski (76561198413928129) (pos=<1924.000000, 5.861439, 7887.000000>)
10.09.2025 13:04:23 [ZenMod] Player logged in: Pengowski (76561198413928129) (pos=<2778.000244, 5.476421, 7440.000000>)
10.09.2025 14:03:43 [ZenMod] Player logged out: Pengowski (76561198413928129) (pos=<7534.364258, 26.154997, 1677.475586>)
10.09.2025 16:58:44 [ZenMod] Player logged in: Pengowski (76561198413928129) (pos=<7534.364258, 26.154997, 1677.475586>)
10.09.2025 17:05:44 [ZenMod] Player logged out: Pengowski (76561198413928129) (pos=<936.024780, 21.618052, 5939.860352>)
10.09.2025 17:10:53 [ZenMod] Player logged in: Pengowski (76561198413928129) (pos=<936.024780, 21.618052, 5939.860352>)
10.09.2025 17:24:08 [ZenMod] Player logged in: Pengowski (76561198413928129) (pos=<935.634949, 21.594866, 5939.733398>)
10.09.2025 17:48:22 [ZenMod] Player logged out: Pengowski (76561198413928129) (pos=<935.669495, 21.599934, 5939.345703>)
10.09.2025 17:57:38 [ZenMod] Player logged in: Pengowski (76561198413928129) (pos=<959.999634, 3.538891, 5415.000000>)
10.09.2025 17:58:03 [ZenMod] Player logged in: Pengowski (76561198413928129) (pos=<1087.000000, 1.768939, 4972.000000>)
10.09.2025 18:27:41 [ZenMod] Player logged out: Pengowski (76561198413928129) (pos=<4989.802734, 32.640320, 7044.183594>)
