---------------------------------------------
Log G:\SteamLibrary\steamapps\common\DayZServer\profiles\crash_2025-09-11_09-01-46.log started at 11.09. 09:14:15



------------------------------------
DESKTOP-ABTUUDS, 11.09 2025 09:14:15
NULL pointer to instance
Class:      'Utopia_HeliCrashWreckBase'
Entity id:0

Function: 'EOnInit#1493305'
Stack trace:
utopia_patrol_helicopter_scripts/L4SbwPx4/ SuWu1KU /dntQGuBG/﻿﻿/L2ekv8u6/zZczjFyV/em9tiEfZ.x zUJN  :170 Function EOnInit#1493305
utopia_patrol_helicopter_scripts/L4SbwPx4/ SuWu1KU /dntQGuBG/﻿﻿/L2ekv8u6/zZczjFyV/em9tiEfZ.x zUJN  :152 Function Utopia_HeliCrashWreckBase@2720#315
utopia_patrol_helicopter_scripts/Cl Gtygh/ w0G dXkw/Y6Zo5Cqo/﻿/UwhiaPTs/L GbjNgl/xEVpKHFd.dcFNX  r:296 Function HeliExpl
utopia_patrol_helicopter_scripts/Cl Gtygh/ w0G dXkw/Y6Zo5Cqo/﻿/UwhiaPTs/L GbjNgl/xEVpKHFd.dcFNX  r:281 Function StartFall
scripts/3_Game/dayzgame.c:2919 Function OnUpdate
JM/CF/Scripts/3_Game/communityframework\game\dayzgame.c:46 Function OnUpdate
VPPAdminTools/3_Game/vppadmintools\vanillaplusplus.c:213 Function OnUpdate
DayZExpansion/Core/Scripts/3_Game/dayzexpansion_core\dayzgame.c:268 Function OnUpdate

Runtime mode
CLI params: config serverDZ.cfg mod @AICFireplaceIndoor;@AimSounds;@AI War Zones;@Alteria;@AmmoStacks;@Basic Ear Plugs;@BetterSuppressors;@BoomLays Craftables;@CF;@Code Lock;@Combinable RepairKits;@Coupled Mag Vanilla;@Dabs Framework;@DayZ-Dynamic-AI-Addon;@DayZ-Expansion-AI;@DayZ-Expansion-Core;@Forward Operator Gear;@GoreZ;@GSC Gameworld Assets;@InventoryInCar;@Inventory Move Sounds;@JunkYardDog;@LoftDModGR Clothes Pack;@LoftD_old_size;@Loot Barrel Transfer;@MagazineLoading;@More Durable Weapons;@Mounts Sights;@Nomadbackpack;@pvez test;@RaG_BaseItems;@RaG_Immersive_Vehicles;@RaG_Immersive_Wells;@Realistic Display Quantity;@RUSForma_vehicles;@SearchInventory;@SimpleLootChests;@StaminaRevised;@TerjeCompatibilityVPP;@TerjeCore;@Terje for FOG v2;@TerjeMedicine;@TerjePartyMod;@TerjeSkills;@TerjeSleepingBagAttach;@TerjeStartScreen;@VPPAdminTools;@WindstridesClothingPack;@Utopia Animated Heli Crashs;@RaG_BaseBuilding;@No Build Zones;@Vanilla Suppressor Plus;@Harks Blood Plague;@GarbageSearch;@TWOC_CombineItems;@FC_Fish_Equip;@CookZ;@Territory Plus;@CBD Loot Rooms;@Ammo Making;@InediaTerjeCompatibility;@InediaInfectedAI;@PvZmoD_Spawn_System;@zHorde;@Tree Shake;@DayZ-Expansion-Market;@Zombie_Sound;@BLR_Carlock;@RolePlayMod; profiles profiles 


------------------------------------
DESKTOP-ABTUUDS, 11.09 2025 10:09:57
[wpnfsm] RPG7:18545 Weapon.SaveCurrentFSMState: trying to save weapon without FSM (or uninitialized weapon) this=Weapon_Base<d31ba5b0> type=RPG7
Class:      'Weapon_Base'
Entity id:1269361

Function: 'Error'
Stack trace:
scripts/1_Core/proto\endebug.c:92 Function Error
scripts/4_World/entities\firearms\weapon_base.c:576 Function SaveCurrentFSMState
VPPAdminTools/4_World/vppadmintools\plugins\pluginbase\itemmanager\itemmanager.c:179 Function CreateEntity
VPPAdminTools/4_World/vppadmintools\plugins\pluginbase\itemmanager\itemmanager.c:380 Function SpawnItem
VPPAdminTools/3_Game/communityframework\rpc\rpcmanager.c:86 Function VOnRPC
VPPAdminTools/3_Game/communityframework\rpc\dayzgame.c:7 Function OnRPC
rag_baseitems/rag_baseitems_scripts/3_Game/rag_baseitems_scripts\codelock\dayzgame.c:42 Function OnRPC
DayZExpansion/Core/Scripts/3_Game/dayzexpansion_core\dayzgame.c:311 Function OnRPC

Runtime mode
CLI params: config serverDZ.cfg mod @AICFireplaceIndoor;@AimSounds;@AI War Zones;@Alteria;@AmmoStacks;@Basic Ear Plugs;@BetterSuppressors;@BoomLays Craftables;@CF;@Code Lock;@Combinable RepairKits;@Coupled Mag Vanilla;@Dabs Framework;@DayZ-Dynamic-AI-Addon;@DayZ-Expansion-AI;@DayZ-Expansion-Core;@Forward Operator Gear;@GoreZ;@GSC Gameworld Assets;@InventoryInCar;@Inventory Move Sounds;@JunkYardDog;@LoftDModGR Clothes Pack;@LoftD_old_size;@Loot Barrel Transfer;@MagazineLoading;@More Durable Weapons;@Mounts Sights;@Nomadbackpack;@pvez test;@RaG_BaseItems;@RaG_Immersive_Vehicles;@RaG_Immersive_Wells;@Realistic Display Quantity;@RUSForma_vehicles;@SearchInventory;@SimpleLootChests;@StaminaRevised;@TerjeCompatibilityVPP;@TerjeCore;@Terje for FOG v2;@TerjeMedicine;@TerjePartyMod;@TerjeSkills;@TerjeSleepingBagAttach;@TerjeStartScreen;@VPPAdminTools;@WindstridesClothingPack;@Utopia Animated Heli Crashs;@RaG_BaseBuilding;@No Build Zones;@Vanilla Suppressor Plus;@Harks Blood Plague;@GarbageSearch;@TWOC_CombineItems;@FC_Fish_Equip;@CookZ;@Territory Plus;@CBD Loot Rooms;@Ammo Making;@InediaTerjeCompatibility;@InediaInfectedAI;@PvZmoD_Spawn_System;@zHorde;@Tree Shake;@DayZ-Expansion-Market;@Zombie_Sound;@BLR_Carlock;@RolePlayMod; profiles profiles 


------------------------------------
DESKTOP-ABTUUDS, 11.09 2025 10:09:57
[wpnfsm] RPG7:18545 Weapon.SaveCurrentFSMState: trying to save weapon without FSM (or uninitialized weapon) this=Weapon_Base<d31ba5b0> type=RPG7
Class:      'Weapon_Base'
Entity id:1269361

Function: 'Error'
Stack trace:
scripts/1_Core/proto\endebug.c:92 Function Error
scripts/4_World/entities\firearms\weapon_base.c:576 Function SaveCurrentFSMState
VPPAdminTools/4_World/vppadmintools\plugins\pluginbase\itemmanager\itemmanager.c:179 Function CreateEntity
VPPAdminTools/4_World/vppadmintools\plugins\pluginbase\itemmanager\itemmanager.c:380 Function SpawnItem
VPPAdminTools/3_Game/communityframework\rpc\rpcmanager.c:86 Function VOnRPC
VPPAdminTools/3_Game/communityframework\rpc\dayzgame.c:7 Function OnRPC
rag_baseitems/rag_baseitems_scripts/3_Game/rag_baseitems_scripts\codelock\dayzgame.c:42 Function OnRPC
DayZExpansion/Core/Scripts/3_Game/dayzexpansion_core\dayzgame.c:311 Function OnRPC

Runtime mode
CLI params: config serverDZ.cfg mod @AICFireplaceIndoor;@AimSounds;@AI War Zones;@Alteria;@AmmoStacks;@Basic Ear Plugs;@BetterSuppressors;@BoomLays Craftables;@CF;@Code Lock;@Combinable RepairKits;@Coupled Mag Vanilla;@Dabs Framework;@DayZ-Dynamic-AI-Addon;@DayZ-Expansion-AI;@DayZ-Expansion-Core;@Forward Operator Gear;@GoreZ;@GSC Gameworld Assets;@InventoryInCar;@Inventory Move Sounds;@JunkYardDog;@LoftDModGR Clothes Pack;@LoftD_old_size;@Loot Barrel Transfer;@MagazineLoading;@More Durable Weapons;@Mounts Sights;@Nomadbackpack;@pvez test;@RaG_BaseItems;@RaG_Immersive_Vehicles;@RaG_Immersive_Wells;@Realistic Display Quantity;@RUSForma_vehicles;@SearchInventory;@SimpleLootChests;@StaminaRevised;@TerjeCompatibilityVPP;@TerjeCore;@Terje for FOG v2;@TerjeMedicine;@TerjePartyMod;@TerjeSkills;@TerjeSleepingBagAttach;@TerjeStartScreen;@VPPAdminTools;@WindstridesClothingPack;@Utopia Animated Heli Crashs;@RaG_BaseBuilding;@No Build Zones;@Vanilla Suppressor Plus;@Harks Blood Plague;@GarbageSearch;@TWOC_CombineItems;@FC_Fish_Equip;@CookZ;@Territory Plus;@CBD Loot Rooms;@Ammo Making;@InediaTerjeCompatibility;@InediaInfectedAI;@PvZmoD_Spawn_System;@zHorde;@Tree Shake;@DayZ-Expansion-Market;@Zombie_Sound;@BLR_Carlock;@RolePlayMod; profiles profiles 


------------------------------------
DESKTOP-ABTUUDS, 11.09 2025 10:29:39
NULL pointer to instance
Class:      'Weapon_Base'
Entity id:1269361

Function: 'ProcessWeaponEvent'
Stack trace:
scripts/4_World/entities\firearms\weapon_base.c:306 Function ProcessWeaponEvent
DayZExpansion/AI/Scripts/4_World/dayzexpansion_ai\entities\weapons\firearms\weapon_base.c:412 Function ProcessWeaponEvent
scripts/4_World/classes\weapons\weaponmanager.c:489 Function Fire
scripts/4_World/entities\dayzplayerimplement.c:1132 Function HandleWeapons
AimSounds/Scripts/4_World/entities\dayzplayerimplement.c:59 Function HandleWeapons
scripts/4_World/entities\dayzplayerimplement.c:2290 Function CommandHandler
DayZExpansion/Core/Scripts/4_World/dayzexpansion_core\entities\manbase\dayzplayerimplement.c:266 Function CommandHandler
scripts/4_World/entities\manbase\playerbase.c:2875 Function CommandHandler

Runtime mode
CLI params: config serverDZ.cfg mod @AICFireplaceIndoor;@AimSounds;@AI War Zones;@Alteria;@AmmoStacks;@Basic Ear Plugs;@BetterSuppressors;@BoomLays Craftables;@CF;@Code Lock;@Combinable RepairKits;@Coupled Mag Vanilla;@Dabs Framework;@DayZ-Dynamic-AI-Addon;@DayZ-Expansion-AI;@DayZ-Expansion-Core;@Forward Operator Gear;@GoreZ;@GSC Gameworld Assets;@InventoryInCar;@Inventory Move Sounds;@JunkYardDog;@LoftDModGR Clothes Pack;@LoftD_old_size;@Loot Barrel Transfer;@MagazineLoading;@More Durable Weapons;@Mounts Sights;@Nomadbackpack;@pvez test;@RaG_BaseItems;@RaG_Immersive_Vehicles;@RaG_Immersive_Wells;@Realistic Display Quantity;@RUSForma_vehicles;@SearchInventory;@SimpleLootChests;@StaminaRevised;@TerjeCompatibilityVPP;@TerjeCore;@Terje for FOG v2;@TerjeMedicine;@TerjePartyMod;@TerjeSkills;@TerjeSleepingBagAttach;@TerjeStartScreen;@VPPAdminTools;@WindstridesClothingPack;@Utopia Animated Heli Crashs;@RaG_BaseBuilding;@No Build Zones;@Vanilla Suppressor Plus;@Harks Blood Plague;@GarbageSearch;@TWOC_CombineItems;@FC_Fish_Equip;@CookZ;@Territory Plus;@CBD Loot Rooms;@Ammo Making;@InediaTerjeCompatibility;@InediaInfectedAI;@PvZmoD_Spawn_System;@zHorde;@Tree Shake;@DayZ-Expansion-Market;@Zombie_Sound;@BLR_Carlock;@RolePlayMod; profiles profiles 


------------------------------------
DESKTOP-ABTUUDS, 11.09 2025 10:30:50
Unhandled exception

Program: G:\SteamLibrary\steamapps\common\DayZServer\DayZServer_x64.exe
Reason: Access violation. Illegal read by 0x7ff6eae2017e at 0x1da1a191048

SymGetSymFromAddr:487, addr:0x7ff6eae2017e
SymGetSymFromAddr:487, addr:0x7ff6eae20324
SymGetSymFromAddr:487, addr:0x7ff6eae1671b
SymGetSymFromAddr:487, addr:0x7ff6eadbd864
SymGetSymFromAddr:487, addr:0x7ff6eacff128
SymGetSymFromAddr:487, addr:0x7ff6eac95d7d
SymGetSymFromAddr:487, addr:0x7ff6eac97959
[CDPCreateServer]: ??? addr:0x7ff6eb4c6890
[CDPCreateServer]: ??? addr:0x7ff6eb4c7b87
SymGetSymFromAddr:487, addr:0x7ff6eaf1b77b
[CDPCreateServer]: ??? addr:0x7ff6eb4c9ea8
SymGetSymFromAddr:487, addr:0x7ff6eaf1b6cf
[CDPCreateServer]: ??? addr:0x7ff6eb4ca7cd
SymGetSymFromAddr:487, addr:0x7ff6eb046d4e
[CDPCreateServer]: ??? addr:0x7ff6eb6290ce
[BaseThreadInitThunk]: ??? addr:0x7ffe86217374
[RtlUserThreadStart]: ??? addr:0x7ffe86ddcc91
[RtlUserThreadStart]: ??? addr:0x7ffe86ddcc91



Runtime mode
CLI params: config serverDZ.cfg mod @AICFireplaceIndoor;@AimSounds;@AI War Zones;@Alteria;@AmmoStacks;@Basic Ear Plugs;@BetterSuppressors;@BoomLays Craftables;@CF;@Code Lock;@Combinable RepairKits;@Coupled Mag Vanilla;@Dabs Framework;@DayZ-Dynamic-AI-Addon;@DayZ-Expansion-AI;@DayZ-Expansion-Core;@Forward Operator Gear;@GoreZ;@GSC Gameworld Assets;@InventoryInCar;@Inventory Move Sounds;@JunkYardDog;@LoftDModGR Clothes Pack;@LoftD_old_size;@Loot Barrel Transfer;@MagazineLoading;@More Durable Weapons;@Mounts Sights;@Nomadbackpack;@pvez test;@RaG_BaseItems;@RaG_Immersive_Vehicles;@RaG_Immersive_Wells;@Realistic Display Quantity;@RUSForma_vehicles;@SearchInventory;@SimpleLootChests;@StaminaRevised;@TerjeCompatibilityVPP;@TerjeCore;@Terje for FOG v2;@TerjeMedicine;@TerjePartyMod;@TerjeSkills;@TerjeSleepingBagAttach;@TerjeStartScreen;@VPPAdminTools;@WindstridesClothingPack;@Utopia Animated Heli Crashs;@RaG_BaseBuilding;@No Build Zones;@Vanilla Suppressor Plus;@Harks Blood Plague;@GarbageSearch;@TWOC_CombineItems;@FC_Fish_Equip;@CookZ;@Territory Plus;@CBD Loot Rooms;@Ammo Making;@InediaTerjeCompatibility;@InediaInfectedAI;@PvZmoD_Spawn_System;@zHorde;@Tree Shake;@DayZ-Expansion-Market;@Zombie_Sound;@BLR_Carlock;@RolePlayMod; profiles profiles 
