---------------------------------------------
Log G:\SteamLibrary\steamapps\common\DayZServer\profiles\crash_2025-09-04_06-58-01.log started at 04.09. 07:02:50



------------------------------------
DESKTOP-ABTUUDS, 04.09 2025 07:02:50
NULL pointer to instance
Class:      'PlagueHeart'
Entity id:1254723

Function: 'EEHealthLevelChanged'
Stack trace:
harksbloodplague/52dd pel/ 3gNP7Jlz/H5 ZtDem/﻿﻿﻿﻿/1ryCtG6A/e eAmJmt/X4cai9VJ.y iMKmui:159 Function EEHealthLevelChanged
$CurrentDir:mpmissions\empty.alteria\init.c:6 Function main

Runtime mode
CLI params: config serverDZ.cfg mod @AICFireplaceIndoor;@AimSounds;@AI War Zones;@Alteria;@AmmoStacks;@Basic Ear Plugs;@BetterSuppressors;@BoomLays Craftables;@CarVanillaPlus;@CF;@Code Lock;@Combinable RepairKits;@Coupled Mag Vanilla;@Dabs Framework;@DayZ-Dynamic-AI-Addon;@DayZ-Expansion-AI;@DayZ-Expansion-Core;@Forward Operator Gear;@GoreZ;@GSC Gameworld Assets;@InventoryInCar;@Inventory Move Sounds;@JunkYardDog;@LoftDModGR Clothes Pack;@LoftD_old_size;@Loot Barrel Transfer;@MagazineLoading;@More Durable Weapons;@Mounts Sights;@Nomadbackpack;@pvez test;@RaG_BaseItems;@RaG_Immersive_Vehicles;@RaG_Immersive_Wells;@Realistic Display Quantity;@RUSForma_vehicles;@SearchInventory;@SimpleLootChests;@StaminaRevised;@TerjeCompatibilityVPP;@TerjeCore;@Terje for FOG v2;@TerjeMedicine;@TerjePartyMod;@TerjeSkills;@TerjeSleepingBagAttach;@TerjeStartScreen;@Utopia Airdrop;@VPPAdminTools;@WindstridesClothingPack;@Utopia Animated Heli Crashs;@RaG_BaseBuilding;@No Build Zones;@Vanilla Suppressor Plus;@Harks Blood Plague;@HP Crafter Workbench;@Knock Knock Zombies;@GarbageSearch;@TWOC_CombineItems;@FC_Fish_Equip;@CookZ;@Territory Plus;@CBD Loot Rooms;@Ammo Making;@InediaTerjeCompatibility;@InediaInfectedAI;@PvZmoD_Spawn_System;@zHorde profiles profiles 


------------------------------------
DESKTOP-ABTUUDS, 04.09 2025 07:02:50
NULL pointer to instance
Class:      'PlagueHeart'
Entity id:1254739

Function: 'EEHealthLevelChanged'
Stack trace:
harksbloodplague/52dd pel/ 3gNP7Jlz/H5 ZtDem/﻿﻿﻿﻿/1ryCtG6A/e eAmJmt/X4cai9VJ.y iMKmui:185 Function EEHealthLevelChanged
$CurrentDir:mpmissions\empty.alteria\init.c:6 Function main

Runtime mode
CLI params: config serverDZ.cfg mod @AICFireplaceIndoor;@AimSounds;@AI War Zones;@Alteria;@AmmoStacks;@Basic Ear Plugs;@BetterSuppressors;@BoomLays Craftables;@CarVanillaPlus;@CF;@Code Lock;@Combinable RepairKits;@Coupled Mag Vanilla;@Dabs Framework;@DayZ-Dynamic-AI-Addon;@DayZ-Expansion-AI;@DayZ-Expansion-Core;@Forward Operator Gear;@GoreZ;@GSC Gameworld Assets;@InventoryInCar;@Inventory Move Sounds;@JunkYardDog;@LoftDModGR Clothes Pack;@LoftD_old_size;@Loot Barrel Transfer;@MagazineLoading;@More Durable Weapons;@Mounts Sights;@Nomadbackpack;@pvez test;@RaG_BaseItems;@RaG_Immersive_Vehicles;@RaG_Immersive_Wells;@Realistic Display Quantity;@RUSForma_vehicles;@SearchInventory;@SimpleLootChests;@StaminaRevised;@TerjeCompatibilityVPP;@TerjeCore;@Terje for FOG v2;@TerjeMedicine;@TerjePartyMod;@TerjeSkills;@TerjeSleepingBagAttach;@TerjeStartScreen;@Utopia Airdrop;@VPPAdminTools;@WindstridesClothingPack;@Utopia Animated Heli Crashs;@RaG_BaseBuilding;@No Build Zones;@Vanilla Suppressor Plus;@Harks Blood Plague;@HP Crafter Workbench;@Knock Knock Zombies;@GarbageSearch;@TWOC_CombineItems;@FC_Fish_Equip;@CookZ;@Territory Plus;@CBD Loot Rooms;@Ammo Making;@InediaTerjeCompatibility;@InediaInfectedAI;@PvZmoD_Spawn_System;@zHorde profiles profiles 


------------------------------------
DESKTOP-ABTUUDS, 04.09 2025 07:02:50
NULL pointer to instance
Class:      'PlagueHeart'
Entity id:1254752

Function: 'EEHealthLevelChanged'
Stack trace:
harksbloodplague/52dd pel/ 3gNP7Jlz/H5 ZtDem/﻿﻿﻿﻿/1ryCtG6A/e eAmJmt/X4cai9VJ.y iMKmui:185 Function EEHealthLevelChanged
$CurrentDir:mpmissions\empty.alteria\init.c:6 Function main

Runtime mode
CLI params: config serverDZ.cfg mod @AICFireplaceIndoor;@AimSounds;@AI War Zones;@Alteria;@AmmoStacks;@Basic Ear Plugs;@BetterSuppressors;@BoomLays Craftables;@CarVanillaPlus;@CF;@Code Lock;@Combinable RepairKits;@Coupled Mag Vanilla;@Dabs Framework;@DayZ-Dynamic-AI-Addon;@DayZ-Expansion-AI;@DayZ-Expansion-Core;@Forward Operator Gear;@GoreZ;@GSC Gameworld Assets;@InventoryInCar;@Inventory Move Sounds;@JunkYardDog;@LoftDModGR Clothes Pack;@LoftD_old_size;@Loot Barrel Transfer;@MagazineLoading;@More Durable Weapons;@Mounts Sights;@Nomadbackpack;@pvez test;@RaG_BaseItems;@RaG_Immersive_Vehicles;@RaG_Immersive_Wells;@Realistic Display Quantity;@RUSForma_vehicles;@SearchInventory;@SimpleLootChests;@StaminaRevised;@TerjeCompatibilityVPP;@TerjeCore;@Terje for FOG v2;@TerjeMedicine;@TerjePartyMod;@TerjeSkills;@TerjeSleepingBagAttach;@TerjeStartScreen;@Utopia Airdrop;@VPPAdminTools;@WindstridesClothingPack;@Utopia Animated Heli Crashs;@RaG_BaseBuilding;@No Build Zones;@Vanilla Suppressor Plus;@Harks Blood Plague;@HP Crafter Workbench;@Knock Knock Zombies;@GarbageSearch;@TWOC_CombineItems;@FC_Fish_Equip;@CookZ;@Territory Plus;@CBD Loot Rooms;@Ammo Making;@InediaTerjeCompatibility;@InediaInfectedAI;@PvZmoD_Spawn_System;@zHorde profiles profiles 


------------------------------------
DESKTOP-ABTUUDS, 04.09 2025 07:02:50
NULL pointer to instance
Class:      'PlagueHeart'
Entity id:1254766

Function: 'EEHealthLevelChanged'
Stack trace:
harksbloodplague/52dd pel/ 3gNP7Jlz/H5 ZtDem/﻿﻿﻿﻿/1ryCtG6A/e eAmJmt/X4cai9VJ.y iMKmui:159 Function EEHealthLevelChanged
$CurrentDir:mpmissions\empty.alteria\init.c:6 Function main

Runtime mode
CLI params: config serverDZ.cfg mod @AICFireplaceIndoor;@AimSounds;@AI War Zones;@Alteria;@AmmoStacks;@Basic Ear Plugs;@BetterSuppressors;@BoomLays Craftables;@CarVanillaPlus;@CF;@Code Lock;@Combinable RepairKits;@Coupled Mag Vanilla;@Dabs Framework;@DayZ-Dynamic-AI-Addon;@DayZ-Expansion-AI;@DayZ-Expansion-Core;@Forward Operator Gear;@GoreZ;@GSC Gameworld Assets;@InventoryInCar;@Inventory Move Sounds;@JunkYardDog;@LoftDModGR Clothes Pack;@LoftD_old_size;@Loot Barrel Transfer;@MagazineLoading;@More Durable Weapons;@Mounts Sights;@Nomadbackpack;@pvez test;@RaG_BaseItems;@RaG_Immersive_Vehicles;@RaG_Immersive_Wells;@Realistic Display Quantity;@RUSForma_vehicles;@SearchInventory;@SimpleLootChests;@StaminaRevised;@TerjeCompatibilityVPP;@TerjeCore;@Terje for FOG v2;@TerjeMedicine;@TerjePartyMod;@TerjeSkills;@TerjeSleepingBagAttach;@TerjeStartScreen;@Utopia Airdrop;@VPPAdminTools;@WindstridesClothingPack;@Utopia Animated Heli Crashs;@RaG_BaseBuilding;@No Build Zones;@Vanilla Suppressor Plus;@Harks Blood Plague;@HP Crafter Workbench;@Knock Knock Zombies;@GarbageSearch;@TWOC_CombineItems;@FC_Fish_Equip;@CookZ;@Territory Plus;@CBD Loot Rooms;@Ammo Making;@InediaTerjeCompatibility;@InediaInfectedAI;@PvZmoD_Spawn_System;@zHorde profiles profiles 


------------------------------------
DESKTOP-ABTUUDS, 04.09 2025 07:02:50
NULL pointer to instance
Class:      'PlagueHeart'
Entity id:1254782

Function: 'EEHealthLevelChanged'
Stack trace:
harksbloodplague/52dd pel/ 3gNP7Jlz/H5 ZtDem/﻿﻿﻿﻿/1ryCtG6A/e eAmJmt/X4cai9VJ.y iMKmui:172 Function EEHealthLevelChanged
$CurrentDir:mpmissions\empty.alteria\init.c:6 Function main

Runtime mode
CLI params: config serverDZ.cfg mod @AICFireplaceIndoor;@AimSounds;@AI War Zones;@Alteria;@AmmoStacks;@Basic Ear Plugs;@BetterSuppressors;@BoomLays Craftables;@CarVanillaPlus;@CF;@Code Lock;@Combinable RepairKits;@Coupled Mag Vanilla;@Dabs Framework;@DayZ-Dynamic-AI-Addon;@DayZ-Expansion-AI;@DayZ-Expansion-Core;@Forward Operator Gear;@GoreZ;@GSC Gameworld Assets;@InventoryInCar;@Inventory Move Sounds;@JunkYardDog;@LoftDModGR Clothes Pack;@LoftD_old_size;@Loot Barrel Transfer;@MagazineLoading;@More Durable Weapons;@Mounts Sights;@Nomadbackpack;@pvez test;@RaG_BaseItems;@RaG_Immersive_Vehicles;@RaG_Immersive_Wells;@Realistic Display Quantity;@RUSForma_vehicles;@SearchInventory;@SimpleLootChests;@StaminaRevised;@TerjeCompatibilityVPP;@TerjeCore;@Terje for FOG v2;@TerjeMedicine;@TerjePartyMod;@TerjeSkills;@TerjeSleepingBagAttach;@TerjeStartScreen;@Utopia Airdrop;@VPPAdminTools;@WindstridesClothingPack;@Utopia Animated Heli Crashs;@RaG_BaseBuilding;@No Build Zones;@Vanilla Suppressor Plus;@Harks Blood Plague;@HP Crafter Workbench;@Knock Knock Zombies;@GarbageSearch;@TWOC_CombineItems;@FC_Fish_Equip;@CookZ;@Territory Plus;@CBD Loot Rooms;@Ammo Making;@InediaTerjeCompatibility;@InediaInfectedAI;@PvZmoD_Spawn_System;@zHorde profiles profiles 


------------------------------------
DESKTOP-ABTUUDS, 04.09 2025 07:02:50
NULL pointer to instance
Class:      'PlagueHeart'
Entity id:1254790

Function: 'EEHealthLevelChanged'
Stack trace:
harksbloodplague/52dd pel/ 3gNP7Jlz/H5 ZtDem/﻿﻿﻿﻿/1ryCtG6A/e eAmJmt/X4cai9VJ.y iMKmui:172 Function EEHealthLevelChanged
$CurrentDir:mpmissions\empty.alteria\init.c:6 Function main

Runtime mode
CLI params: config serverDZ.cfg mod @AICFireplaceIndoor;@AimSounds;@AI War Zones;@Alteria;@AmmoStacks;@Basic Ear Plugs;@BetterSuppressors;@BoomLays Craftables;@CarVanillaPlus;@CF;@Code Lock;@Combinable RepairKits;@Coupled Mag Vanilla;@Dabs Framework;@DayZ-Dynamic-AI-Addon;@DayZ-Expansion-AI;@DayZ-Expansion-Core;@Forward Operator Gear;@GoreZ;@GSC Gameworld Assets;@InventoryInCar;@Inventory Move Sounds;@JunkYardDog;@LoftDModGR Clothes Pack;@LoftD_old_size;@Loot Barrel Transfer;@MagazineLoading;@More Durable Weapons;@Mounts Sights;@Nomadbackpack;@pvez test;@RaG_BaseItems;@RaG_Immersive_Vehicles;@RaG_Immersive_Wells;@Realistic Display Quantity;@RUSForma_vehicles;@SearchInventory;@SimpleLootChests;@StaminaRevised;@TerjeCompatibilityVPP;@TerjeCore;@Terje for FOG v2;@TerjeMedicine;@TerjePartyMod;@TerjeSkills;@TerjeSleepingBagAttach;@TerjeStartScreen;@Utopia Airdrop;@VPPAdminTools;@WindstridesClothingPack;@Utopia Animated Heli Crashs;@RaG_BaseBuilding;@No Build Zones;@Vanilla Suppressor Plus;@Harks Blood Plague;@HP Crafter Workbench;@Knock Knock Zombies;@GarbageSearch;@TWOC_CombineItems;@FC_Fish_Equip;@CookZ;@Territory Plus;@CBD Loot Rooms;@Ammo Making;@InediaTerjeCompatibility;@InediaInfectedAI;@PvZmoD_Spawn_System;@zHorde profiles profiles 


------------------------------------
DESKTOP-ABTUUDS, 04.09 2025 07:02:50
NULL pointer to instance
Class:      'PlagueHeart'
Entity id:1254797

Function: 'EEHealthLevelChanged'
Stack trace:
harksbloodplague/52dd pel/ 3gNP7Jlz/H5 ZtDem/﻿﻿﻿﻿/1ryCtG6A/e eAmJmt/X4cai9VJ.y iMKmui:159 Function EEHealthLevelChanged
$CurrentDir:mpmissions\empty.alteria\init.c:6 Function main

Runtime mode
CLI params: config serverDZ.cfg mod @AICFireplaceIndoor;@AimSounds;@AI War Zones;@Alteria;@AmmoStacks;@Basic Ear Plugs;@BetterSuppressors;@BoomLays Craftables;@CarVanillaPlus;@CF;@Code Lock;@Combinable RepairKits;@Coupled Mag Vanilla;@Dabs Framework;@DayZ-Dynamic-AI-Addon;@DayZ-Expansion-AI;@DayZ-Expansion-Core;@Forward Operator Gear;@GoreZ;@GSC Gameworld Assets;@InventoryInCar;@Inventory Move Sounds;@JunkYardDog;@LoftDModGR Clothes Pack;@LoftD_old_size;@Loot Barrel Transfer;@MagazineLoading;@More Durable Weapons;@Mounts Sights;@Nomadbackpack;@pvez test;@RaG_BaseItems;@RaG_Immersive_Vehicles;@RaG_Immersive_Wells;@Realistic Display Quantity;@RUSForma_vehicles;@SearchInventory;@SimpleLootChests;@StaminaRevised;@TerjeCompatibilityVPP;@TerjeCore;@Terje for FOG v2;@TerjeMedicine;@TerjePartyMod;@TerjeSkills;@TerjeSleepingBagAttach;@TerjeStartScreen;@Utopia Airdrop;@VPPAdminTools;@WindstridesClothingPack;@Utopia Animated Heli Crashs;@RaG_BaseBuilding;@No Build Zones;@Vanilla Suppressor Plus;@Harks Blood Plague;@HP Crafter Workbench;@Knock Knock Zombies;@GarbageSearch;@TWOC_CombineItems;@FC_Fish_Equip;@CookZ;@Territory Plus;@CBD Loot Rooms;@Ammo Making;@InediaTerjeCompatibility;@InediaInfectedAI;@PvZmoD_Spawn_System;@zHorde profiles profiles 


------------------------------------
DESKTOP-ABTUUDS, 04.09 2025 07:05:02
NULL pointer to instance
Class:      'Utopia_HeliCrashWreckBase'
Entity id:0

Function: 'EOnInit#1452516'
Stack trace:
utopia_patrol_helicopter_scripts/L4SbwPx4/ SuWu1KU /dntQGuBG/﻿﻿/L2ekv8u6/zZczjFyV/em9tiEfZ.x zUJN  :170 Function EOnInit#1452516
utopia_patrol_helicopter_scripts/L4SbwPx4/ SuWu1KU /dntQGuBG/﻿﻿/L2ekv8u6/zZczjFyV/em9tiEfZ.x zUJN  :152 Function Utopia_HeliCrashWreckBase@2904#315
utopia_patrol_helicopter_scripts/Cl Gtygh/ w0G dXkw/Y6Zo5Cqo/﻿/UwhiaPTs/L GbjNgl/xEVpKHFd.dcFNX  r:296 Function HeliExpl
utopia_patrol_helicopter_scripts/Cl Gtygh/ w0G dXkw/Y6Zo5Cqo/﻿/UwhiaPTs/L GbjNgl/xEVpKHFd.dcFNX  r:281 Function StartFall
scripts/3_Game/dayzgame.c:2919 Function OnUpdate
JM/CF/Scripts/3_Game/communityframework\game\dayzgame.c:46 Function OnUpdate
VPPAdminTools/3_Game/vppadmintools\vanillaplusplus.c:213 Function OnUpdate
DayZExpansion/Core/Scripts/3_Game/dayzexpansion_core\dayzgame.c:268 Function OnUpdate

Runtime mode
CLI params: config serverDZ.cfg mod @AICFireplaceIndoor;@AimSounds;@AI War Zones;@Alteria;@AmmoStacks;@Basic Ear Plugs;@BetterSuppressors;@BoomLays Craftables;@CarVanillaPlus;@CF;@Code Lock;@Combinable RepairKits;@Coupled Mag Vanilla;@Dabs Framework;@DayZ-Dynamic-AI-Addon;@DayZ-Expansion-AI;@DayZ-Expansion-Core;@Forward Operator Gear;@GoreZ;@GSC Gameworld Assets;@InventoryInCar;@Inventory Move Sounds;@JunkYardDog;@LoftDModGR Clothes Pack;@LoftD_old_size;@Loot Barrel Transfer;@MagazineLoading;@More Durable Weapons;@Mounts Sights;@Nomadbackpack;@pvez test;@RaG_BaseItems;@RaG_Immersive_Vehicles;@RaG_Immersive_Wells;@Realistic Display Quantity;@RUSForma_vehicles;@SearchInventory;@SimpleLootChests;@StaminaRevised;@TerjeCompatibilityVPP;@TerjeCore;@Terje for FOG v2;@TerjeMedicine;@TerjePartyMod;@TerjeSkills;@TerjeSleepingBagAttach;@TerjeStartScreen;@Utopia Airdrop;@VPPAdminTools;@WindstridesClothingPack;@Utopia Animated Heli Crashs;@RaG_BaseBuilding;@No Build Zones;@Vanilla Suppressor Plus;@Harks Blood Plague;@HP Crafter Workbench;@Knock Knock Zombies;@GarbageSearch;@TWOC_CombineItems;@FC_Fish_Equip;@CookZ;@Territory Plus;@CBD Loot Rooms;@Ammo Making;@InediaTerjeCompatibility;@InediaInfectedAI;@PvZmoD_Spawn_System;@zHorde profiles profiles 


------------------------------------
DESKTOP-ABTUUDS, 04.09 2025 07:08:17
NULL pointer to instance. Variable '(null)' during call 'array<Man>.Count'
Class:      'UtopiaAirdropModule'
Function: 'AirdropEventHandler'
Stack trace:
utopia_airdrop_public_scripts/zxE9wEIe/ SdgpBibw/OZs 5yxq/﻿﻿﻿﻿/SHTS1KtR/naLgkkHj/FgPCh7d7.SMzhWPjq:45 Function AirdropEventHandler
utopia_airdrop_public_scripts/zxE9wEIe/ SdgpBibw/OZs 5yxq/﻿﻿﻿﻿/SHTS1KtR/naLgkkHj/FgPCh7d7.SMzhWPjq:39 Function StartEventScheduler
scripts/3_Game/dayzgame.c:2919 Function OnUpdate
JM/CF/Scripts/3_Game/communityframework\game\dayzgame.c:46 Function OnUpdate
VPPAdminTools/3_Game/vppadmintools\vanillaplusplus.c:213 Function OnUpdate
DayZExpansion/Core/Scripts/3_Game/dayzexpansion_core\dayzgame.c:268 Function OnUpdate

Runtime mode
CLI params: config serverDZ.cfg mod @AICFireplaceIndoor;@AimSounds;@AI War Zones;@Alteria;@AmmoStacks;@Basic Ear Plugs;@BetterSuppressors;@BoomLays Craftables;@CarVanillaPlus;@CF;@Code Lock;@Combinable RepairKits;@Coupled Mag Vanilla;@Dabs Framework;@DayZ-Dynamic-AI-Addon;@DayZ-Expansion-AI;@DayZ-Expansion-Core;@Forward Operator Gear;@GoreZ;@GSC Gameworld Assets;@InventoryInCar;@Inventory Move Sounds;@JunkYardDog;@LoftDModGR Clothes Pack;@LoftD_old_size;@Loot Barrel Transfer;@MagazineLoading;@More Durable Weapons;@Mounts Sights;@Nomadbackpack;@pvez test;@RaG_BaseItems;@RaG_Immersive_Vehicles;@RaG_Immersive_Wells;@Realistic Display Quantity;@RUSForma_vehicles;@SearchInventory;@SimpleLootChests;@StaminaRevised;@TerjeCompatibilityVPP;@TerjeCore;@Terje for FOG v2;@TerjeMedicine;@TerjePartyMod;@TerjeSkills;@TerjeSleepingBagAttach;@TerjeStartScreen;@Utopia Airdrop;@VPPAdminTools;@WindstridesClothingPack;@Utopia Animated Heli Crashs;@RaG_BaseBuilding;@No Build Zones;@Vanilla Suppressor Plus;@Harks Blood Plague;@HP Crafter Workbench;@Knock Knock Zombies;@GarbageSearch;@TWOC_CombineItems;@FC_Fish_Equip;@CookZ;@Territory Plus;@CBD Loot Rooms;@Ammo Making;@InediaTerjeCompatibility;@InediaInfectedAI;@PvZmoD_Spawn_System;@zHorde profiles profiles 


------------------------------------
DESKTOP-ABTUUDS, 04.09 2025 07:38:17
NULL pointer to instance. Variable '(null)' during call 'array<Man>.Count'
Class:      'UtopiaAirdropModule'
Function: 'AirdropEventHandler'
Stack trace:
utopia_airdrop_public_scripts/zxE9wEIe/ SdgpBibw/OZs 5yxq/﻿﻿﻿﻿/SHTS1KtR/naLgkkHj/FgPCh7d7.SMzhWPjq:45 Function AirdropEventHandler
scripts/3_Game/dayzgame.c:2919 Function OnUpdate
JM/CF/Scripts/3_Game/communityframework\game\dayzgame.c:46 Function OnUpdate
VPPAdminTools/3_Game/vppadmintools\vanillaplusplus.c:213 Function OnUpdate
DayZExpansion/Core/Scripts/3_Game/dayzexpansion_core\dayzgame.c:268 Function OnUpdate

Runtime mode
CLI params: config serverDZ.cfg mod @AICFireplaceIndoor;@AimSounds;@AI War Zones;@Alteria;@AmmoStacks;@Basic Ear Plugs;@BetterSuppressors;@BoomLays Craftables;@CarVanillaPlus;@CF;@Code Lock;@Combinable RepairKits;@Coupled Mag Vanilla;@Dabs Framework;@DayZ-Dynamic-AI-Addon;@DayZ-Expansion-AI;@DayZ-Expansion-Core;@Forward Operator Gear;@GoreZ;@GSC Gameworld Assets;@InventoryInCar;@Inventory Move Sounds;@JunkYardDog;@LoftDModGR Clothes Pack;@LoftD_old_size;@Loot Barrel Transfer;@MagazineLoading;@More Durable Weapons;@Mounts Sights;@Nomadbackpack;@pvez test;@RaG_BaseItems;@RaG_Immersive_Vehicles;@RaG_Immersive_Wells;@Realistic Display Quantity;@RUSForma_vehicles;@SearchInventory;@SimpleLootChests;@StaminaRevised;@TerjeCompatibilityVPP;@TerjeCore;@Terje for FOG v2;@TerjeMedicine;@TerjePartyMod;@TerjeSkills;@TerjeSleepingBagAttach;@TerjeStartScreen;@Utopia Airdrop;@VPPAdminTools;@WindstridesClothingPack;@Utopia Animated Heli Crashs;@RaG_BaseBuilding;@No Build Zones;@Vanilla Suppressor Plus;@Harks Blood Plague;@HP Crafter Workbench;@Knock Knock Zombies;@GarbageSearch;@TWOC_CombineItems;@FC_Fish_Equip;@CookZ;@Territory Plus;@CBD Loot Rooms;@Ammo Making;@InediaTerjeCompatibility;@InediaInfectedAI;@PvZmoD_Spawn_System;@zHorde profiles profiles 


------------------------------------
DESKTOP-ABTUUDS, 04.09 2025 08:01:58
NULL pointer to instance
Class:      'TimerQueue'
Function: 'Tick'
Stack trace:
scripts/3_Game/tools\tools.c:417 Function Tick
scripts/3_Game/dayzgame.c:2921 Function OnUpdate
JM/CF/Scripts/3_Game/communityframework\game\dayzgame.c:46 Function OnUpdate
VPPAdminTools/3_Game/vppadmintools\vanillaplusplus.c:213 Function OnUpdate
DayZExpansion/Core/Scripts/3_Game/dayzexpansion_core\dayzgame.c:268 Function OnUpdate

Runtime mode
CLI params: config serverDZ.cfg mod @AICFireplaceIndoor;@AimSounds;@AI War Zones;@Alteria;@AmmoStacks;@Basic Ear Plugs;@BetterSuppressors;@BoomLays Craftables;@CarVanillaPlus;@CF;@Code Lock;@Combinable RepairKits;@Coupled Mag Vanilla;@Dabs Framework;@DayZ-Dynamic-AI-Addon;@DayZ-Expansion-AI;@DayZ-Expansion-Core;@Forward Operator Gear;@GoreZ;@GSC Gameworld Assets;@InventoryInCar;@Inventory Move Sounds;@JunkYardDog;@LoftDModGR Clothes Pack;@LoftD_old_size;@Loot Barrel Transfer;@MagazineLoading;@More Durable Weapons;@Mounts Sights;@Nomadbackpack;@pvez test;@RaG_BaseItems;@RaG_Immersive_Vehicles;@RaG_Immersive_Wells;@Realistic Display Quantity;@RUSForma_vehicles;@SearchInventory;@SimpleLootChests;@StaminaRevised;@TerjeCompatibilityVPP;@TerjeCore;@Terje for FOG v2;@TerjeMedicine;@TerjePartyMod;@TerjeSkills;@TerjeSleepingBagAttach;@TerjeStartScreen;@Utopia Airdrop;@VPPAdminTools;@WindstridesClothingPack;@Utopia Animated Heli Crashs;@RaG_BaseBuilding;@No Build Zones;@Vanilla Suppressor Plus;@Harks Blood Plague;@HP Crafter Workbench;@Knock Knock Zombies;@GarbageSearch;@TWOC_CombineItems;@FC_Fish_Equip;@CookZ;@Territory Plus;@CBD Loot Rooms;@Ammo Making;@InediaTerjeCompatibility;@InediaInfectedAI;@PvZmoD_Spawn_System;@zHorde profiles profiles 


------------------------------------
DESKTOP-ABTUUDS, 04.09 2025 08:08:17
NULL pointer to instance. Variable '(null)' during call 'array<Man>.Count'
Class:      'UtopiaAirdropModule'
Function: 'AirdropEventHandler'
Stack trace:
utopia_airdrop_public_scripts/zxE9wEIe/ SdgpBibw/OZs 5yxq/﻿﻿﻿﻿/SHTS1KtR/naLgkkHj/FgPCh7d7.SMzhWPjq:45 Function AirdropEventHandler
scripts/3_Game/dayzgame.c:2919 Function OnUpdate
JM/CF/Scripts/3_Game/communityframework\game\dayzgame.c:46 Function OnUpdate
VPPAdminTools/3_Game/vppadmintools\vanillaplusplus.c:213 Function OnUpdate
DayZExpansion/Core/Scripts/3_Game/dayzexpansion_core\dayzgame.c:268 Function OnUpdate

Runtime mode
CLI params: config serverDZ.cfg mod @AICFireplaceIndoor;@AimSounds;@AI War Zones;@Alteria;@AmmoStacks;@Basic Ear Plugs;@BetterSuppressors;@BoomLays Craftables;@CarVanillaPlus;@CF;@Code Lock;@Combinable RepairKits;@Coupled Mag Vanilla;@Dabs Framework;@DayZ-Dynamic-AI-Addon;@DayZ-Expansion-AI;@DayZ-Expansion-Core;@Forward Operator Gear;@GoreZ;@GSC Gameworld Assets;@InventoryInCar;@Inventory Move Sounds;@JunkYardDog;@LoftDModGR Clothes Pack;@LoftD_old_size;@Loot Barrel Transfer;@MagazineLoading;@More Durable Weapons;@Mounts Sights;@Nomadbackpack;@pvez test;@RaG_BaseItems;@RaG_Immersive_Vehicles;@RaG_Immersive_Wells;@Realistic Display Quantity;@RUSForma_vehicles;@SearchInventory;@SimpleLootChests;@StaminaRevised;@TerjeCompatibilityVPP;@TerjeCore;@Terje for FOG v2;@TerjeMedicine;@TerjePartyMod;@TerjeSkills;@TerjeSleepingBagAttach;@TerjeStartScreen;@Utopia Airdrop;@VPPAdminTools;@WindstridesClothingPack;@Utopia Animated Heli Crashs;@RaG_BaseBuilding;@No Build Zones;@Vanilla Suppressor Plus;@Harks Blood Plague;@HP Crafter Workbench;@Knock Knock Zombies;@GarbageSearch;@TWOC_CombineItems;@FC_Fish_Equip;@CookZ;@Territory Plus;@CBD Loot Rooms;@Ammo Making;@InediaTerjeCompatibility;@InediaInfectedAI;@PvZmoD_Spawn_System;@zHorde profiles profiles 


------------------------------------
DESKTOP-ABTUUDS, 04.09 2025 08:29:43
[wpnfsm] R12:8069 WeaponChambering DropBullet, error - cannot drop Bullet_12GaugePellets - lost)
Class:      'WeaponChambering_InternalMagazine_OnExit'
Function: 'Error'
Stack trace:
scripts/1_Core/proto\endebug.c:92 Function Error
scripts/4_World/entities\firearms\fsm\states\weaponchambering.c:155 Function DropBullet
scripts/4_World/entities\firearms\fsm\states\weaponchambering.c:280 Function OnAbort
scripts/3_Game/systems\hfsmbase.c:152 Function Abort
scripts/4_World/entities\firearms\fsm\states\weaponstatebase.c:134 Function OnAbort
scripts/4_World/entities\firearms\fsm\states\weaponchamberinglooped.c:754 Function OnAbort
scripts/4_World/entities\firearms\weaponfsm.c:181 Function ProcessAbortEvent
DayZExpansion/AI/Scripts/4_World/dayzexpansion_ai\entities\weapons\firearms\weapon_base.c:422 Function ProcessWeaponAbortEvent
scripts/4_World/systems\inventory\dayzplayerinventory.c:412 Function HandleWeaponEvents
DayZExpansion/AI/Scripts/4_World/dayzexpansion_ai\entities\ai\eaibase.c:8314 Function HandleWeapons
scripts/4_World/entities\dayzplayerimplement.c:2290 Function CommandHandler
DayZExpansion/Core/Scripts/4_World/dayzexpansion_core\entities\manbase\dayzplayerimplement.c:266 Function CommandHandler
scripts/4_World/entities\manbase\playerbase.c:2875 Function CommandHandler
DayZExpansion/AI/Scripts/4_World/dayzexpansion_ai\entities\ai\eaibase.c:6151 Function CommandHandler

Runtime mode
CLI params: config serverDZ.cfg mod @AICFireplaceIndoor;@AimSounds;@AI War Zones;@Alteria;@AmmoStacks;@Basic Ear Plugs;@BetterSuppressors;@BoomLays Craftables;@CarVanillaPlus;@CF;@Code Lock;@Combinable RepairKits;@Coupled Mag Vanilla;@Dabs Framework;@DayZ-Dynamic-AI-Addon;@DayZ-Expansion-AI;@DayZ-Expansion-Core;@Forward Operator Gear;@GoreZ;@GSC Gameworld Assets;@InventoryInCar;@Inventory Move Sounds;@JunkYardDog;@LoftDModGR Clothes Pack;@LoftD_old_size;@Loot Barrel Transfer;@MagazineLoading;@More Durable Weapons;@Mounts Sights;@Nomadbackpack;@pvez test;@RaG_BaseItems;@RaG_Immersive_Vehicles;@RaG_Immersive_Wells;@Realistic Display Quantity;@RUSForma_vehicles;@SearchInventory;@SimpleLootChests;@StaminaRevised;@TerjeCompatibilityVPP;@TerjeCore;@Terje for FOG v2;@TerjeMedicine;@TerjePartyMod;@TerjeSkills;@TerjeSleepingBagAttach;@TerjeStartScreen;@Utopia Airdrop;@VPPAdminTools;@WindstridesClothingPack;@Utopia Animated Heli Crashs;@RaG_BaseBuilding;@No Build Zones;@Vanilla Suppressor Plus;@Harks Blood Plague;@HP Crafter Workbench;@Knock Knock Zombies;@GarbageSearch;@TWOC_CombineItems;@FC_Fish_Equip;@CookZ;@Territory Plus;@CBD Loot Rooms;@Ammo Making;@InediaTerjeCompatibility;@InediaInfectedAI;@PvZmoD_Spawn_System;@zHorde profiles profiles 


------------------------------------
DESKTOP-ABTUUDS, 04.09 2025 08:29:53
[wpnfsm] R12:8069 WeaponChambering DropBullet, error - cannot drop Bullet_12GaugePellets - lost)
Class:      'WeaponChambering_Cartridge'
Function: 'Error'
Stack trace:
scripts/1_Core/proto\endebug.c:92 Function Error
scripts/4_World/entities\firearms\fsm\states\weaponchambering.c:155 Function DropBullet
scripts/4_World/entities\firearms\fsm\states\weaponchambering.c:280 Function OnAbort
scripts/3_Game/systems\hfsmbase.c:152 Function Abort
scripts/4_World/entities\firearms\fsm\states\weaponstatebase.c:134 Function OnAbort
scripts/4_World/entities\firearms\fsm\states\weaponchamberinglooped.c:754 Function OnAbort
scripts/4_World/entities\firearms\weaponfsm.c:181 Function ProcessAbortEvent
DayZExpansion/AI/Scripts/4_World/dayzexpansion_ai\entities\weapons\firearms\weapon_base.c:422 Function ProcessWeaponAbortEvent
scripts/4_World/systems\inventory\dayzplayerinventory.c:412 Function HandleWeaponEvents
DayZExpansion/AI/Scripts/4_World/dayzexpansion_ai\entities\ai\eaibase.c:8314 Function HandleWeapons
scripts/4_World/entities\dayzplayerimplement.c:2290 Function CommandHandler
DayZExpansion/Core/Scripts/4_World/dayzexpansion_core\entities\manbase\dayzplayerimplement.c:266 Function CommandHandler
scripts/4_World/entities\manbase\playerbase.c:2875 Function CommandHandler
DayZExpansion/AI/Scripts/4_World/dayzexpansion_ai\entities\ai\eaibase.c:6151 Function CommandHandler

Runtime mode
CLI params: config serverDZ.cfg mod @AICFireplaceIndoor;@AimSounds;@AI War Zones;@Alteria;@AmmoStacks;@Basic Ear Plugs;@BetterSuppressors;@BoomLays Craftables;@CarVanillaPlus;@CF;@Code Lock;@Combinable RepairKits;@Coupled Mag Vanilla;@Dabs Framework;@DayZ-Dynamic-AI-Addon;@DayZ-Expansion-AI;@DayZ-Expansion-Core;@Forward Operator Gear;@GoreZ;@GSC Gameworld Assets;@InventoryInCar;@Inventory Move Sounds;@JunkYardDog;@LoftDModGR Clothes Pack;@LoftD_old_size;@Loot Barrel Transfer;@MagazineLoading;@More Durable Weapons;@Mounts Sights;@Nomadbackpack;@pvez test;@RaG_BaseItems;@RaG_Immersive_Vehicles;@RaG_Immersive_Wells;@Realistic Display Quantity;@RUSForma_vehicles;@SearchInventory;@SimpleLootChests;@StaminaRevised;@TerjeCompatibilityVPP;@TerjeCore;@Terje for FOG v2;@TerjeMedicine;@TerjePartyMod;@TerjeSkills;@TerjeSleepingBagAttach;@TerjeStartScreen;@Utopia Airdrop;@VPPAdminTools;@WindstridesClothingPack;@Utopia Animated Heli Crashs;@RaG_BaseBuilding;@No Build Zones;@Vanilla Suppressor Plus;@Harks Blood Plague;@HP Crafter Workbench;@Knock Knock Zombies;@GarbageSearch;@TWOC_CombineItems;@FC_Fish_Equip;@CookZ;@Territory Plus;@CBD Loot Rooms;@Ammo Making;@InediaTerjeCompatibility;@InediaInfectedAI;@PvZmoD_Spawn_System;@zHorde profiles profiles 


------------------------------------
DESKTOP-ABTUUDS, 04.09 2025 08:30:18
[wpnfsm] R12:8069 WeaponChambering DropBullet, error - cannot drop Bullet_12GaugePellets - lost)
Class:      'WeaponChambering_Cartridge'
Function: 'Error'
Stack trace:
scripts/1_Core/proto\endebug.c:92 Function Error
scripts/4_World/entities\firearms\fsm\states\weaponchambering.c:155 Function DropBullet
scripts/4_World/entities\firearms\fsm\states\weaponchambering.c:280 Function OnAbort
scripts/3_Game/systems\hfsmbase.c:152 Function Abort
scripts/4_World/entities\firearms\fsm\states\weaponstatebase.c:134 Function OnAbort
scripts/4_World/entities\firearms\fsm\states\weaponchamberinglooped.c:754 Function OnAbort
scripts/4_World/entities\firearms\weaponfsm.c:181 Function ProcessAbortEvent
DayZExpansion/AI/Scripts/4_World/dayzexpansion_ai\entities\weapons\firearms\weapon_base.c:422 Function ProcessWeaponAbortEvent
scripts/4_World/systems\inventory\dayzplayerinventory.c:412 Function HandleWeaponEvents
DayZExpansion/AI/Scripts/4_World/dayzexpansion_ai\entities\ai\eaibase.c:8314 Function HandleWeapons
scripts/4_World/entities\dayzplayerimplement.c:2290 Function CommandHandler
DayZExpansion/Core/Scripts/4_World/dayzexpansion_core\entities\manbase\dayzplayerimplement.c:266 Function CommandHandler
scripts/4_World/entities\manbase\playerbase.c:2875 Function CommandHandler
DayZExpansion/AI/Scripts/4_World/dayzexpansion_ai\entities\ai\eaibase.c:6151 Function CommandHandler

Runtime mode
CLI params: config serverDZ.cfg mod @AICFireplaceIndoor;@AimSounds;@AI War Zones;@Alteria;@AmmoStacks;@Basic Ear Plugs;@BetterSuppressors;@BoomLays Craftables;@CarVanillaPlus;@CF;@Code Lock;@Combinable RepairKits;@Coupled Mag Vanilla;@Dabs Framework;@DayZ-Dynamic-AI-Addon;@DayZ-Expansion-AI;@DayZ-Expansion-Core;@Forward Operator Gear;@GoreZ;@GSC Gameworld Assets;@InventoryInCar;@Inventory Move Sounds;@JunkYardDog;@LoftDModGR Clothes Pack;@LoftD_old_size;@Loot Barrel Transfer;@MagazineLoading;@More Durable Weapons;@Mounts Sights;@Nomadbackpack;@pvez test;@RaG_BaseItems;@RaG_Immersive_Vehicles;@RaG_Immersive_Wells;@Realistic Display Quantity;@RUSForma_vehicles;@SearchInventory;@SimpleLootChests;@StaminaRevised;@TerjeCompatibilityVPP;@TerjeCore;@Terje for FOG v2;@TerjeMedicine;@TerjePartyMod;@TerjeSkills;@TerjeSleepingBagAttach;@TerjeStartScreen;@Utopia Airdrop;@VPPAdminTools;@WindstridesClothingPack;@Utopia Animated Heli Crashs;@RaG_BaseBuilding;@No Build Zones;@Vanilla Suppressor Plus;@Harks Blood Plague;@HP Crafter Workbench;@Knock Knock Zombies;@GarbageSearch;@TWOC_CombineItems;@FC_Fish_Equip;@CookZ;@Territory Plus;@CBD Loot Rooms;@Ammo Making;@InediaTerjeCompatibility;@InediaInfectedAI;@PvZmoD_Spawn_System;@zHorde profiles profiles 


------------------------------------
DESKTOP-ABTUUDS, 04.09 2025 08:31:00
[wpnfsm] Crossbow_Wood:6272 WeaponChambering DropBullet, error - cannot drop Bullet_HuntingBolt - lost)
Class:      'WeaponChambering_Cartridge'
Function: 'Error'
Stack trace:
scripts/1_Core/proto\endebug.c:92 Function Error
scripts/4_World/entities\firearms\fsm\states\weaponchambering.c:155 Function DropBullet
scripts/4_World/entities\firearms\fsm\states\weaponchambering.c:280 Function OnAbort
scripts/3_Game/systems\hfsmbase.c:152 Function Abort
scripts/4_World/entities\firearms\fsm\states\weaponstatebase.c:134 Function OnAbort
scripts/4_World/entities\firearms\fsm\states\weaponchambering.c:683 Function OnAbort
scripts/4_World/entities\firearms\weaponfsm.c:181 Function ProcessAbortEvent
DayZExpansion/AI/Scripts/4_World/dayzexpansion_ai\entities\weapons\firearms\weapon_base.c:422 Function ProcessWeaponAbortEvent
scripts/4_World/systems\inventory\dayzplayerinventory.c:412 Function HandleWeaponEvents
DayZExpansion/AI/Scripts/4_World/dayzexpansion_ai\entities\ai\eaibase.c:8314 Function HandleWeapons
scripts/4_World/entities\dayzplayerimplement.c:2290 Function CommandHandler
DayZExpansion/Core/Scripts/4_World/dayzexpansion_core\entities\manbase\dayzplayerimplement.c:266 Function CommandHandler
scripts/4_World/entities\manbase\playerbase.c:2875 Function CommandHandler
DayZExpansion/AI/Scripts/4_World/dayzexpansion_ai\entities\ai\eaibase.c:6151 Function CommandHandler

Runtime mode
CLI params: config serverDZ.cfg mod @AICFireplaceIndoor;@AimSounds;@AI War Zones;@Alteria;@AmmoStacks;@Basic Ear Plugs;@BetterSuppressors;@BoomLays Craftables;@CarVanillaPlus;@CF;@Code Lock;@Combinable RepairKits;@Coupled Mag Vanilla;@Dabs Framework;@DayZ-Dynamic-AI-Addon;@DayZ-Expansion-AI;@DayZ-Expansion-Core;@Forward Operator Gear;@GoreZ;@GSC Gameworld Assets;@InventoryInCar;@Inventory Move Sounds;@JunkYardDog;@LoftDModGR Clothes Pack;@LoftD_old_size;@Loot Barrel Transfer;@MagazineLoading;@More Durable Weapons;@Mounts Sights;@Nomadbackpack;@pvez test;@RaG_BaseItems;@RaG_Immersive_Vehicles;@RaG_Immersive_Wells;@Realistic Display Quantity;@RUSForma_vehicles;@SearchInventory;@SimpleLootChests;@StaminaRevised;@TerjeCompatibilityVPP;@TerjeCore;@Terje for FOG v2;@TerjeMedicine;@TerjePartyMod;@TerjeSkills;@TerjeSleepingBagAttach;@TerjeStartScreen;@Utopia Airdrop;@VPPAdminTools;@WindstridesClothingPack;@Utopia Animated Heli Crashs;@RaG_BaseBuilding;@No Build Zones;@Vanilla Suppressor Plus;@Harks Blood Plague;@HP Crafter Workbench;@Knock Knock Zombies;@GarbageSearch;@TWOC_CombineItems;@FC_Fish_Equip;@CookZ;@Territory Plus;@CBD Loot Rooms;@Ammo Making;@InediaTerjeCompatibility;@InediaInfectedAI;@PvZmoD_Spawn_System;@zHorde profiles profiles 


------------------------------------
DESKTOP-ABTUUDS, 04.09 2025 08:31:03
[wpnfsm] Crossbow_Wood:6272 WeaponChambering DropBullet, error - cannot drop Bullet_HuntingBolt - lost)
Class:      'WeaponChambering_Cartridge'
Function: 'Error'
Stack trace:
scripts/1_Core/proto\endebug.c:92 Function Error
scripts/4_World/entities\firearms\fsm\states\weaponchambering.c:155 Function DropBullet
scripts/4_World/entities\firearms\fsm\states\weaponchambering.c:280 Function OnAbort
scripts/3_Game/systems\hfsmbase.c:152 Function Abort
scripts/4_World/entities\firearms\fsm\states\weaponstatebase.c:134 Function OnAbort
scripts/4_World/entities\firearms\fsm\states\weaponchambering.c:683 Function OnAbort
scripts/4_World/entities\firearms\weaponfsm.c:181 Function ProcessAbortEvent
DayZExpansion/AI/Scripts/4_World/dayzexpansion_ai\entities\weapons\firearms\weapon_base.c:422 Function ProcessWeaponAbortEvent
scripts/4_World/systems\inventory\dayzplayerinventory.c:412 Function HandleWeaponEvents
DayZExpansion/AI/Scripts/4_World/dayzexpansion_ai\entities\ai\eaibase.c:8314 Function HandleWeapons
scripts/4_World/entities\dayzplayerimplement.c:2290 Function CommandHandler
DayZExpansion/Core/Scripts/4_World/dayzexpansion_core\entities\manbase\dayzplayerimplement.c:266 Function CommandHandler
scripts/4_World/entities\manbase\playerbase.c:2875 Function CommandHandler
DayZExpansion/AI/Scripts/4_World/dayzexpansion_ai\entities\ai\eaibase.c:6151 Function CommandHandler

Runtime mode
CLI params: config serverDZ.cfg mod @AICFireplaceIndoor;@AimSounds;@AI War Zones;@Alteria;@AmmoStacks;@Basic Ear Plugs;@BetterSuppressors;@BoomLays Craftables;@CarVanillaPlus;@CF;@Code Lock;@Combinable RepairKits;@Coupled Mag Vanilla;@Dabs Framework;@DayZ-Dynamic-AI-Addon;@DayZ-Expansion-AI;@DayZ-Expansion-Core;@Forward Operator Gear;@GoreZ;@GSC Gameworld Assets;@InventoryInCar;@Inventory Move Sounds;@JunkYardDog;@LoftDModGR Clothes Pack;@LoftD_old_size;@Loot Barrel Transfer;@MagazineLoading;@More Durable Weapons;@Mounts Sights;@Nomadbackpack;@pvez test;@RaG_BaseItems;@RaG_Immersive_Vehicles;@RaG_Immersive_Wells;@Realistic Display Quantity;@RUSForma_vehicles;@SearchInventory;@SimpleLootChests;@StaminaRevised;@TerjeCompatibilityVPP;@TerjeCore;@Terje for FOG v2;@TerjeMedicine;@TerjePartyMod;@TerjeSkills;@TerjeSleepingBagAttach;@TerjeStartScreen;@Utopia Airdrop;@VPPAdminTools;@WindstridesClothingPack;@Utopia Animated Heli Crashs;@RaG_BaseBuilding;@No Build Zones;@Vanilla Suppressor Plus;@Harks Blood Plague;@HP Crafter Workbench;@Knock Knock Zombies;@GarbageSearch;@TWOC_CombineItems;@FC_Fish_Equip;@CookZ;@Territory Plus;@CBD Loot Rooms;@Ammo Making;@InediaTerjeCompatibility;@InediaInfectedAI;@PvZmoD_Spawn_System;@zHorde profiles profiles 


------------------------------------
DESKTOP-ABTUUDS, 04.09 2025 08:38:17
NULL pointer to instance. Variable '(null)' during call 'array<Man>.Count'
Class:      'UtopiaAirdropModule'
Function: 'AirdropEventHandler'
Stack trace:
utopia_airdrop_public_scripts/zxE9wEIe/ SdgpBibw/OZs 5yxq/﻿﻿﻿﻿/SHTS1KtR/naLgkkHj/FgPCh7d7.SMzhWPjq:45 Function AirdropEventHandler
scripts/3_Game/dayzgame.c:2919 Function OnUpdate
JM/CF/Scripts/3_Game/communityframework\game\dayzgame.c:46 Function OnUpdate
VPPAdminTools/3_Game/vppadmintools\vanillaplusplus.c:213 Function OnUpdate
DayZExpansion/Core/Scripts/3_Game/dayzexpansion_core\dayzgame.c:268 Function OnUpdate

Runtime mode
CLI params: config serverDZ.cfg mod @AICFireplaceIndoor;@AimSounds;@AI War Zones;@Alteria;@AmmoStacks;@Basic Ear Plugs;@BetterSuppressors;@BoomLays Craftables;@CarVanillaPlus;@CF;@Code Lock;@Combinable RepairKits;@Coupled Mag Vanilla;@Dabs Framework;@DayZ-Dynamic-AI-Addon;@DayZ-Expansion-AI;@DayZ-Expansion-Core;@Forward Operator Gear;@GoreZ;@GSC Gameworld Assets;@InventoryInCar;@Inventory Move Sounds;@JunkYardDog;@LoftDModGR Clothes Pack;@LoftD_old_size;@Loot Barrel Transfer;@MagazineLoading;@More Durable Weapons;@Mounts Sights;@Nomadbackpack;@pvez test;@RaG_BaseItems;@RaG_Immersive_Vehicles;@RaG_Immersive_Wells;@Realistic Display Quantity;@RUSForma_vehicles;@SearchInventory;@SimpleLootChests;@StaminaRevised;@TerjeCompatibilityVPP;@TerjeCore;@Terje for FOG v2;@TerjeMedicine;@TerjePartyMod;@TerjeSkills;@TerjeSleepingBagAttach;@TerjeStartScreen;@Utopia Airdrop;@VPPAdminTools;@WindstridesClothingPack;@Utopia Animated Heli Crashs;@RaG_BaseBuilding;@No Build Zones;@Vanilla Suppressor Plus;@Harks Blood Plague;@HP Crafter Workbench;@Knock Knock Zombies;@GarbageSearch;@TWOC_CombineItems;@FC_Fish_Equip;@CookZ;@Territory Plus;@CBD Loot Rooms;@Ammo Making;@InediaTerjeCompatibility;@InediaInfectedAI;@PvZmoD_Spawn_System;@zHorde profiles profiles 


------------------------------------
DESKTOP-ABTUUDS, 04.09 2025 08:50:29
Unhandled exception

Program: G:\SteamLibrary\steamapps\common\DayZServer\DayZServer_x64.exe
Reason: Access violation. Illegal read by 0x7ff616a52064 at 0x0

SymGetSymFromAddr:487, addr:0x7ff616a52064
SymGetSymFromAddr:487, addr:0x7ff616a51eb1
SymGetSymFromAddr:487, addr:0x7ff616a51e44
SymGetSymFromAddr:487, addr:0x7ff616d06858
SymGetSymFromAddr:487, addr:0x7ff616d0d5ae
SymGetSymFromAddr:487, addr:0x7ff616cf0851
SymGetSymFromAddr:487, addr:0x7ff616ceda52
SymGetSymFromAddr:487, addr:0x7ff616ce8814
SymGetSymFromAddr:487, addr:0x7ff616b1fdfa
SymGetSymFromAddr:487, addr:0x7ff616b841ad
SymGetSymFromAddr:487, addr:0x7ff616b8465e
SymGetSymFromAddr:487, addr:0x7ff616b9109e
SymGetSymFromAddr:487, addr:0x7ff616de0152
[CDPCreateServer]: ??? addr:0x7ff617237df1
[CDPCreateServer]: ??? addr:0x7ff617237b0d
SymGetSymFromAddr:487, addr:0x7ff616c8b77b
[CDPCreateServer]: ??? addr:0x7ff617239ea8
SymGetSymFromAddr:487, addr:0x7ff616c8b6cf
[CDPCreateServer]: ??? addr:0x7ff61723a7cd
SymGetSymFromAddr:487, addr:0x7ff616db6d4e
[CDPCreateServer]: ??? addr:0x7ff6173990ce
[BaseThreadInitThunk]: ??? addr:0x7ffe86217374
[RtlUserThreadStart]: ??? addr:0x7ffe86ddcc91
[RtlUserThreadStart]: ??? addr:0x7ffe86ddcc91



Runtime mode
CLI params: config serverDZ.cfg mod @AICFireplaceIndoor;@AimSounds;@AI War Zones;@Alteria;@AmmoStacks;@Basic Ear Plugs;@BetterSuppressors;@BoomLays Craftables;@CarVanillaPlus;@CF;@Code Lock;@Combinable RepairKits;@Coupled Mag Vanilla;@Dabs Framework;@DayZ-Dynamic-AI-Addon;@DayZ-Expansion-AI;@DayZ-Expansion-Core;@Forward Operator Gear;@GoreZ;@GSC Gameworld Assets;@InventoryInCar;@Inventory Move Sounds;@JunkYardDog;@LoftDModGR Clothes Pack;@LoftD_old_size;@Loot Barrel Transfer;@MagazineLoading;@More Durable Weapons;@Mounts Sights;@Nomadbackpack;@pvez test;@RaG_BaseItems;@RaG_Immersive_Vehicles;@RaG_Immersive_Wells;@Realistic Display Quantity;@RUSForma_vehicles;@SearchInventory;@SimpleLootChests;@StaminaRevised;@TerjeCompatibilityVPP;@TerjeCore;@Terje for FOG v2;@TerjeMedicine;@TerjePartyMod;@TerjeSkills;@TerjeSleepingBagAttach;@TerjeStartScreen;@Utopia Airdrop;@VPPAdminTools;@WindstridesClothingPack;@Utopia Animated Heli Crashs;@RaG_BaseBuilding;@No Build Zones;@Vanilla Suppressor Plus;@Harks Blood Plague;@HP Crafter Workbench;@Knock Knock Zombies;@GarbageSearch;@TWOC_CombineItems;@FC_Fish_Equip;@CookZ;@Territory Plus;@CBD Loot Rooms;@Ammo Making;@InediaTerjeCompatibility;@InediaInfectedAI;@PvZmoD_Spawn_System;@zHorde profiles profiles 
