=====================================================================
== G:\SteamLibrary\steamapps\common\DayZServer\DayZServer_x64.exe
== G:\SteamLibrary\steamapps\common\DayZServer\DayZServer_x64.exe -config=serverDZ.cfg "-mod=@AICFireplaceIndoor;@AimSounds;@AI War Zones;@Alteria;@AmmoStacks;@Basic Ear Plugs;@BetterSuppressors;@BoomLays Craftables;@CarVanillaPlus;@CF;@Code Lock;@Combinable RepairKits;@Coupled Mag Vanilla;@Dabs Framework;@DayZ-Dynamic-AI-Addon;@DayZ-Expansion-AI;@DayZ-Expansion-Core;@Forward Operator Gear;@GoreZ;@GSC Gameworld Assets;@InventoryInCar;@Inventory Move Sounds;@JunkYardDog;@LoftDModGR Clothes Pack;@LoftD_old_size;@Loot Barrel Transfer;@MagazineLoading;@More Durable Weapons;@Mounts Sights;@Nomadbackpack;@pvez test;@RaG_BaseItems;@RaG_Immersive_Vehicles;@RaG_Immersive_Wells;@Realistic Display Quantity;@RUSForma_vehicles;@SearchInventory;@SimpleLootChests;@StaminaRevised;@TerjeCompatibilityVPP;@TerjeCore;@Terje for FOG v2;@TerjeMedicine;@TerjePartyMod;@TerjeSkills;@TerjeSleepingBagAttach;@TerjeStartScreen;@Utopia Airdrop;@VPPAdminTools;@WindstridesClothingPack;@Utopia Animated Heli Crashs;@RaG_BaseBuilding;@No Build Zones;@Vanilla Suppressor Plus;@Harks Blood Plague;@HP Crafter Workbench;@Knock Knock Zombies;@GarbageSearch;@TWOC_CombineItems;@FC_Fish_Equip;@CookZ;@Territory Plus;@CBD Loot Rooms;@Ammo Making;@InediaTerjeCompatibility;@InediaInfectedAI;@PvZmoD_Spawn_System;@zHorde" -profiles=profiles
=====================================================================
Exe timestamp: 2025/08/07 20:07:14
Current time:  2025/09/03 09:06:28
Version 1.28.160123
=====================================================================

 9:06:28.243 [Inputs] Loading inputs default "bin/constants.xml"
 9:06:28.255 [Inputs] Loading inputs default "bin/specific.xml"
 9:06:28.256 [Inputs] Loading inputs default "EarPlugs\data\inputs.xml"
 9:06:28.256 [Inputs] Loading inputs default "InventoryMoveSounds/Scripts/Data/Inputs.xml"
 9:06:28.256 [Inputs] Loading inputs default "LIVEN/PvZmoD_Spawn_System/inputs.xml"
 9:06:28.256 [Inputs] Loading inputs default "PVEZ/data/inputs.xml"
 9:06:28.256 [Inputs] Loading inputs default "SearchInventory/Scripts/Data/inputs.xml"
 9:06:28.256 [Inputs] Loading inputs default "VPPAdminTools/data/modded_Inputs.xml"
 9:06:28.271 [Inputs] Loading inputs default "WindstrideClothing/Inputs.xml"
 9:06:28.284 !!! [Inputs] Cannot load inputs default "", file does not exist
 9:06:28.284 !!! [Inputs] Failed to load MODDED inputs - file name/ path invalid?
 9:06:28.284 [Inputs] Loading inputs default "FOG_MOD/Scripts/Data/inputs.xml"
 9:06:28.284 [Inputs] Loading inputs default "rag/rag_immersive_vehicles/scripts/4_world/rag_immersive_vehicles/actions/inputs/inputs.xml"
 9:06:28.284 [Inputs] Loading inputs default "RaG_BaseBuilding/Data/inputs/Inputs.xml"
 9:06:28.297 [Inputs] Loading inputs default "DayZExpansion/AI/Scripts/inputs.xml"
 9:06:28.308 [Inputs] Loading inputs cfg "profiles\Users\Survivor\Server.core.xml"
 9:06:28.308 !!! [Inputs] Cannot read inputs cfg "profiles\Users\Survivor\Server.core.xml", parser error
 9:06:28.308 [Inputs] Loading inputs cfg "bin/core.xml"
 9:06:28.308 !!! [Inputs] Cannot load input preset "#STR_USER", file does not exist
 9:06:28.309 [Inputs] Exporting inputs cfg "profiles\Users\Survivor\Server.core.xml"
 9:07:00.471 Hostname of server: "[AU]Project Genesis|Alteria|PVE|AI|Skills|Hardcore Survival"
 9:08:45.992 [CE][Hive] :: Initializing OFFLINE
 9:08:45.992 [StorageDirs] :: Selected storage directory: G:\SteamLibrary\steamapps\common\DayZServer\mpmissions\empty.alteria\storage_380881\
 9:08:45.992 [CE][Hive] :: Loading core data ... 
 9:08:46.09 [CE][CoreData] :: 7 root classes, 19 defaults, 0 updaters...
 9:09:10.726 [CE] :: WARNING :: Preset (attachments) with name 'SantaHat' was not found.
 9:09:10.727 [CE] :: WARNING :: Preset (cargo) with name 'optics' was not found.
 9:09:10.727 [CE] :: WARNING :: Preset (cargo) with name 'optics' was not found.
 9:09:10.727 [CE][TypeSetup] :: 491 classes setuped...
 9:09:10.749 [CE][TypeSetup] :: 122 classes setuped...
 9:09:14.321 [CE][RegisterBind] :: 0 classes binded...
 9:09:14.321 [CE][RegisterConfig] :: 20307 config classes registered, 0 sub-counters...
 9:09:14.321 [CE][Hive] :: Loading map data ... 
 9:09:14.322 [CE][IgnoreList] "cfgignorelist.xml" :: loaded 1 types
 9:09:14.430 [CE][LoadPrototype] :: loaded 573 prototypes
 9:09:14.430   1113 containers, 11353 points
 9:09:14.430   43 dispatches, 188 proxies
 9:09:14.430 !!! [CE][LoadPrototype] 43 groups have no points...
 9:09:14.430 !!! [CE][LoadPrototype] 3 groups have wrong points...
 9:09:14.430 [CE][LoadPrototype] :: last group name: Land_Jupiter_Building_5...
 9:09:14.453 [CE][LoadPrototype] :: loaded 0 prototypes
 9:09:14.453   55 containers, 232 points
 9:09:14.453   0 dispatches, 0 proxies
 9:09:14.453 [CE][LoadPrototype] :: last group name: Rail9...
 9:09:14.893 [CE][LoadMap] "Group" :: loaded 5607 groups, groups failed: 0, largest group range: 34.1
 9:09:14.895 [CE][LoadMap] "Dirt" :: loaded 0 groups, groups failed: 0, largest group range: 34.1
 9:09:14.970 [CE][Links] found 1048 total links between groups, of 5607
 9:09:14.970 [CE][LoadClusters] "Cluster" :: Loading files...
 9:09:15.143 [CE][LoadClusters] :: file: "mapgroupcluster.xml", 9 types, 36307 instances
 9:09:15.178 [CE][Storage] ver:21 stamp:2003, valid:yes, name:"G:\SteamLibrary\steamapps\common\DayZServer\mpmissions\empty.alteria\storage_380881\data\types.bin"
 9:09:15.196 [CE][Storage] ver:21 stamp:2000, valid:yes, name:"G:\SteamLibrary\steamapps\common\DayZServer\mpmissions\empty.alteria\storage_380881\data\types.001"
 9:09:15.212 [CE][Storage] ver:21 stamp:2001, valid:yes, name:"G:\SteamLibrary\steamapps\common\DayZServer\mpmissions\empty.alteria\storage_380881\data\types.002"
 9:09:15.212 [CE][Storage] Restoring file "G:\SteamLibrary\steamapps\common\DayZServer\mpmissions\empty.alteria\storage_380881\data\types.bin".
 9:09:15.631 !!! [CE][offlineDB] :: No Shutdown message present.
 9:09:15.660 [CE][offlineDB] :: Loaded 32 dynamic events 205 total types.
 9:09:15.784 !!! [CE] :: Unknown value: 'Unique'.
 9:09:15.785 !!! [CE] :: Unknown value: 'Unique'.
 9:09:15.785 !!! [CE] :: Unknown value: 'Unique'.
 9:09:15.785 !!! [CE] :: Unknown value: 'Unique'.
 9:09:15.785 !!! [CE] :: Unknown value: 'Unique'.
 9:09:15.921 !!! [CE] :: Unknown tag: 'hunting'.
 9:09:15.921 !!! [CE] :: Unknown tag: 'farm'.
 9:09:15.921 !!! [CE] :: Unknown tag: 'fishing'.
 9:09:15.921 !!! [CE] :: Unknown usage: 'Tenement'.
 9:09:15.982 !!! [CE][offlineDB] :: Type 'Loftd_hijab' will be ignored. (Type does not exist. (Typo?))
 9:09:15.982 !!! [CE][offlineDB] :: Type 'Loftd_hijab_black' will be ignored. (Type does not exist. (Typo?))
 9:09:15.982 !!! [CE][offlineDB] :: Type 'Loftd_hijab_bordo' will be ignored. (Type does not exist. (Typo?))
 9:09:15.982 !!! [CE][offlineDB] :: Type 'Loftd_hijab_green' will be ignored. (Type does not exist. (Typo?))
 9:09:15.982 !!! [CE][offlineDB] :: Type 'Loftd_hijab_home' will be ignored. (Type does not exist. (Typo?))
 9:09:15.982 !!! [CE][offlineDB] :: Type 'Loftd_hijab_kletka' will be ignored. (Type does not exist. (Typo?))
 9:09:15.982 !!! [CE][offlineDB] :: Type 'Loftd_hijab_red' will be ignored. (Type does not exist. (Typo?))
 9:09:15.982 !!! [CE][offlineDB] :: Type 'Loftd_hijab_stars' will be ignored. (Type does not exist. (Typo?))
 9:09:15.982 !!! [CE][offlineDB] :: Type 'Loftd_leatherHat' will be ignored. (Type does not exist. (Typo?))
 9:09:15.982 !!! [CE][offlineDB] :: Type 'Loftd_TiiliaksienHat' will be ignored. (Type does not exist. (Typo?))
 9:09:15.982 !!! [CE][offlineDB] :: Type 'Loftd_TropicalBag' will be ignored. (Type does not exist. (Typo?))
 9:09:15.982 !!! [CE][offlineDB] :: Type 'Loftd_campingbackpack' will be ignored. (Type does not exist. (Typo?))
 9:09:15.982 !!! [CE][offlineDB] :: Type 'Loftd_campingbackpack_green' will be ignored. (Type does not exist. (Typo?))
 9:09:15.982 !!! [CE][offlineDB] :: Type 'Loftd_oldbackpack' will be ignored. (Type does not exist. (Typo?))
 9:09:15.982 !!! [CE][offlineDB] :: Type 'Loftd_uniform_gloves' will be ignored. (Type does not exist. (Typo?))
 9:09:15.982 !!! [CE][offlineDB] :: Type 'Loftd_uniform_gloves_GR' will be ignored. (Type does not exist. (Typo?))
 9:09:15.982 !!! [CE][offlineDB] :: Type 'Loftd_uniform_gloves_WR' will be ignored. (Type does not exist. (Typo?))
 9:09:15.982 !!! [CE][offlineDB] :: Type 'Loftd_ghostmask' will be ignored. (Type does not exist. (Typo?))
 9:09:15.982 !!! [CE][offlineDB] :: Type 'Loftd_ghostpants' will be ignored. (Type does not exist. (Typo?))
 9:09:15.982 !!! [CE][offlineDB] :: Type 'Loftd_ghostpants_city' will be ignored. (Type does not exist. (Typo?))
 9:09:15.982 !!! [CE][offlineDB] :: Type 'Loftd_uniform_pants' will be ignored. (Type does not exist. (Typo?))
 9:09:15.982 !!! [CE][offlineDB] :: Type 'Loftd_uniform_pants_GR' will be ignored. (Type does not exist. (Typo?))
 9:09:15.982 !!! [CE][offlineDB] :: Type 'Loftd_uniform_pants_WR' will be ignored. (Type does not exist. (Typo?))
 9:09:15.982 !!! [CE][offlineDB] :: Type 'Loftd_pantalonvaron_ver1' will be ignored. (Type does not exist. (Typo?))
 9:09:15.982 !!! [CE][offlineDB] :: Type 'Loftd_pantalonvaron_ver2' will be ignored. (Type does not exist. (Typo?))
 9:09:15.982 !!! [CE][offlineDB] :: Type 'Loftd_pantalonvaron_ver3' will be ignored. (Type does not exist. (Typo?))
 9:09:15.982 !!! [CE][offlineDB] :: Type 'Loftd_uniform_boots' will be ignored. (Type does not exist. (Typo?))
 9:09:15.982 !!! [CE][offlineDB] :: Type 'Loftd_uniform_boots_GR' will be ignored. (Type does not exist. (Typo?))
 9:09:15.982 !!! [CE][offlineDB] :: Type 'Loftd_uniform_boots_WR' will be ignored. (Type does not exist. (Typo?))
 9:09:15.982 !!! [CE][offlineDB] :: Type 'Loftd_crosslander_blu' will be ignored. (Type does not exist. (Typo?))
 9:09:15.982 !!! [CE][offlineDB] :: Type 'Loftd_crosslander_green' will be ignored. (Type does not exist. (Typo?))
 9:09:15.982 !!! [CE][offlineDB] :: Type 'Loftd_crosslander_red' will be ignored. (Type does not exist. (Typo?))
 9:09:15.982 !!! [CE][offlineDB] :: Type 'Loftd_hikingboots_dirty' will be ignored. (Type does not exist. (Typo?))
 9:09:15.982 !!! [CE][offlineDB] :: Type 'Loftd_BunnySlippers' will be ignored. (Type does not exist. (Typo?))
 9:09:15.982 !!! [CE][offlineDB] :: Type 'Loftd_FuzzySlippers' will be ignored. (Type does not exist. (Typo?))
 9:09:15.982 !!! [CE][offlineDB] :: Type 'Loftd_houseslippers' will be ignored. (Type does not exist. (Typo?))
 9:09:15.982 !!! [CE][offlineDB] :: Type 'Loftd_NifflerSlippers' will be ignored. (Type does not exist. (Typo?))
 9:09:15.982 !!! [CE][offlineDB] :: Type 'Loftd_PigSlipper' will be ignored. (Type does not exist. (Typo?))
 9:09:15.982 !!! [CE][offlineDB] :: Type 'Loftd_leatherboots_dirty' will be ignored. (Type does not exist. (Typo?))
 9:09:15.983 !!! [CE][offlineDB] :: Type 'Loftd_ghostjacket' will be ignored. (Type does not exist. (Typo?))
 9:09:15.983 !!! [CE][offlineDB] :: Type 'Loftd_ghostjacket_city' will be ignored. (Type does not exist. (Typo?))
 9:09:15.983 !!! [CE][offlineDB] :: Type 'Loftd_uniform_jacket' will be ignored. (Type does not exist. (Typo?))
 9:09:15.983 !!! [CE][offlineDB] :: Type 'Loftd_uniform_jacket_GR' will be ignored. (Type does not exist. (Typo?))
 9:09:15.983 !!! [CE][offlineDB] :: Type 'Loftd_uniform_jacket_WR' will be ignored. (Type does not exist. (Typo?))
 9:09:15.983 !!! [CE][offlineDB] :: Type 'Loftd_Mjjacket_red' will be ignored. (Type does not exist. (Typo?))
 9:09:15.983 !!! [CE][offlineDB] :: Type 'Loftd_Mjjacket_black' will be ignored. (Type does not exist. (Typo?))
 9:09:15.983 !!! [CE][offlineDB] :: Type 'Loftd_Wrfemalejacket' will be ignored. (Type does not exist. (Typo?))
 9:09:15.983 !!! [CE][offlineDB] :: Type 'Loftd_huntercoat_camo' will be ignored. (Type does not exist. (Typo?))
 9:09:15.983 !!! [CE][offlineDB] :: Type 'Loftd_huntercoat_dubok' will be ignored. (Type does not exist. (Typo?))
 9:09:15.983 !!! [CE][offlineDB] :: Type 'Loftd_huntercoat_flora' will be ignored. (Type does not exist. (Typo?))
 9:09:15.983 !!! [CE][offlineDB] :: Type 'Loftd_ghostvest' will be ignored. (Type does not exist. (Typo?))
 9:09:15.983 !!! [CE][offlineDB] :: Type 'Loftd_ghostvest_city' will be ignored. (Type does not exist. (Typo?))
 9:09:15.983 !!! [CE][offlineDB] :: Type 'Loftd_knifeholster' will be ignored. (Not spawnable. (Scope is not public?))
 9:09:15.983 !!! [CE][offlineDB] :: Type 'Loftd_tropicalbag_pouch' will be ignored. (Type does not exist. (Typo?))
 9:09:15.983 !!! [CE][offlineDB] :: Type 'Loftd_tropicalbag_shovelpouch' will be ignored. (Type does not exist. (Typo?))
 9:09:15.983 !!! [CE][offlineDB] :: Type 'Loftd_tropicalbag_canteen' will be ignored. (Type does not exist. (Typo?))
 9:09:15.983 !!! [CE][offlineDB] :: Type 'Loftd_tropicalbag_spalnikpouch' will be ignored. (Type does not exist. (Typo?))
 9:09:15.983 !!! [CE][offlineDB] :: Type 'Loftd_militarybeltCIRAS_black (craft)' will be ignored. (Type does not exist. (Typo?))
 9:09:15.983 !!! [CE][offlineDB] :: Type 'Loftd_militarybeltCIRAS_dubok (craft)' will be ignored. (Type does not exist. (Typo?))
 9:09:15.983 !!! [CE][offlineDB] :: Type 'Loftd_militarybeltCIRAS_winter (craft)' will be ignored. (Type does not exist. (Typo?))
 9:09:15.983 !!! [CE][offlineDB] :: Type 'Loftd_uniform_belt' will be ignored. (Type does not exist. (Typo?))
 9:09:15.983 !!! [CE][offlineDB] :: Type 'Loftd_uniform_belt_GR' will be ignored. (Type does not exist. (Typo?))
 9:09:15.983 !!! [CE][offlineDB] :: Type 'Loftd_uniform_belt_WR' will be ignored. (Type does not exist. (Typo?))
 9:09:15.983 !!! [CE][offlineDB] :: Type 'Loftd_ghostponcho' will be ignored. (Type does not exist. (Typo?))
 9:09:15.983 !!! [CE][offlineDB] :: Type 'Loftd_ghostponcho_city' will be ignored. (Type does not exist. (Typo?))
 9:09:15.983 !!! [CE][offlineDB] :: Type 'Loftd_fabricscarf ' will be ignored. (Type does not exist. (Typo?))
 9:09:15.983 !!! [CE][offlineDB] :: Type 'Loftd_SleepingBagPacked_black' will be ignored. (Type does not exist. (Typo?))
 9:09:15.983 !!! [CE][offlineDB] :: Type 'Loftd_SleepingBagPacked_blue' will be ignored. (Type does not exist. (Typo?))
 9:09:15.983 !!! [CE][offlineDB] :: Type 'Loftd_SleepingBagPacked_green' will be ignored. (Type does not exist. (Typo?))
 9:09:15.983 !!! [CE][offlineDB] :: Type 'Loftd_SleepingBagPacked_red' will be ignored. (Type does not exist. (Typo?))
 9:09:15.983 !!! [CE][offlineDB] :: Type 'Loftd_SleepingBag_black' will be ignored. (Type does not exist. (Typo?))
 9:09:15.983 !!! [CE][offlineDB] :: Type 'Loftd_SleepingBag_blue' will be ignored. (Type does not exist. (Typo?))
 9:09:15.983 !!! [CE][offlineDB] :: Type 'Loftd_SleepingBag_green' will be ignored. (Type does not exist. (Typo?))
 9:09:15.983 !!! [CE][offlineDB] :: Type 'Loftd_SleepingBag_red' will be ignored. (Type does not exist. (Typo?))
 9:09:15.983 !!! [CE][offlineDB] :: Type 'Ririteo_razor' will be ignored. (Type does not exist. (Typo?))
 9:09:15.983 !!! [CE][offlineDB] :: Type 'Loftd_woodenbabycrib' will be ignored. (Type does not exist. (Typo?))
 9:09:15.983 !!! [CE][offlineDB] :: Type 'Loftd_totem_lada' will be ignored. (Type does not exist. (Typo?))
 9:09:15.983 !!! [CE][offlineDB] :: Type 'Loftd_totem_mara' will be ignored. (Type does not exist. (Typo?))
 9:09:15.983 !!! [CE][offlineDB] :: Type 'Loftd_totem_chur' will be ignored. (Type does not exist. (Typo?))
 9:09:15.983 !!! [CE][offlineDB] :: Type 'Loftd_totem_kashchei' will be ignored. (Type does not exist. (Typo?))
 9:09:15.983 !!! [CE][offlineDB] :: Type 'Loftd_totem_perun' will be ignored. (Type does not exist. (Typo?))
 9:09:15.983 !!! [CE][offlineDB] :: Type 'Loftd_totem_rod' will be ignored. (Type does not exist. (Typo?))
 9:09:15.983 !!! [CE][offlineDB] :: Type 'Loftd_totem_svarog' will be ignored. (Type does not exist. (Typo?))
 9:09:15.983 !!! [CE][offlineDB] :: Type 'Loftd_totem_veles' will be ignored. (Type does not exist. (Typo?))
 9:09:15.983 !!! [CE][offlineDB] :: Type 'Loftd_babyBandage' will be ignored. (Type does not exist. (Typo?))
 9:09:15.983 !!! [CE][offlineDB] :: Type 'Loftd_baby' will be ignored. (Type does not exist. (Typo?))
 9:09:15.983 !!! [CE][offlineDB] :: Type 'Loftd_huggers' will be ignored. (Type does not exist. (Typo?))
 9:09:16.00 !!! [CE][offlineDB] :: Type 'SA_Loot_Case' will be ignored. (Not spawnable. (Scope is not public?))
 9:09:16.107 !!! [CE][offlineDB] :: Type 'UAZ_3163_MCHS' will be ignored. (Type does not exist. (Typo?))
 9:09:16.107 !!! [CE][offlineDB] :: Type 'UAZ_3163_VP' will be ignored. (Type does not exist. (Typo?))
 9:09:16.108 !!! [CE][offlineDB] :: Type 'UAZ_3163_emergency_service' will be ignored. (Type does not exist. (Typo?))
 9:09:16.108 !!! [CE][offlineDB] :: Type 'opel_blitz' will be ignored. (Type does not exist. (Typo?))
 9:09:16.108 !!! [CE][offlineDB] :: Type 'dodge_power_wagonrus_doors_cargo3		' will be ignored. (Type does not exist. (Typo?))
 9:09:16.109 !!! [CE][offlineDB] :: Type 'dodge_power_wagonrus_doors_cargo3_yellow		' will be ignored. (Type does not exist. (Typo?))
 9:09:16.109 !!! [CE][offlineDB] :: Type 'dodge_power_wagonrus_doors_cargo3_white		' will be ignored. (Type does not exist. (Typo?))
 9:09:16.109 !!! [CE][offlineDB] :: Type 'dodge_power_wagonrus_doors_cargo3_black		' will be ignored. (Type does not exist. (Typo?))
 9:09:16.109 !!! [CE][offlineDB] :: Type 'dodge_power_wagonrus_doors_cargo3_red		' will be ignored. (Type does not exist. (Typo?))
 9:09:16.109 !!! [CE][offlineDB] :: Type 'UAZ_3163_doors_driver_MCHS' will be ignored. (Type does not exist. (Typo?))
 9:09:16.110 !!! [CE][offlineDB] :: Type 'UAZ_3163_doors_codriver_MCHS' will be ignored. (Type does not exist. (Typo?))
 9:09:16.110 !!! [CE][offlineDB] :: Type 'UAZ_3163_doors_cargo1_MCHS' will be ignored. (Type does not exist. (Typo?))
 9:09:16.110 !!! [CE][offlineDB] :: Type 'UAZ_3163_doors_cargo2_MCHS' will be ignored. (Type does not exist. (Typo?))
 9:09:16.110 !!! [CE][offlineDB] :: Type 'UAZ_3163_doors_hood_MCHS' will be ignored. (Type does not exist. (Typo?))
 9:09:16.110 !!! [CE][offlineDB] :: Type 'UAZ_3163_doors_trunk_MCHS' will be ignored. (Type does not exist. (Typo?))
 9:09:16.110 !!! [CE][offlineDB] :: Type 'UAZ_3163_doors_driver_VP' will be ignored. (Type does not exist. (Typo?))
 9:09:16.110 !!! [CE][offlineDB] :: Type 'UAZ_3163_doors_codriver_VP' will be ignored. (Type does not exist. (Typo?))
 9:09:16.111 !!! [CE][offlineDB] :: Type 'UAZ_3163_doors_cargo1_VP' will be ignored. (Type does not exist. (Typo?))
 9:09:16.111 !!! [CE][offlineDB] :: Type 'UAZ_3163_doors_cargo2_VP' will be ignored. (Type does not exist. (Typo?))
 9:09:16.111 !!! [CE][offlineDB] :: Type 'UAZ_3163_doors_hood_VP' will be ignored. (Type does not exist. (Typo?))
 9:09:16.111 !!! [CE][offlineDB] :: Type 'UAZ_3163_doors_trunk_VP' will be ignored. (Type does not exist. (Typo?))
 9:09:16.111 !!! [CE][offlineDB] :: Type 'UAZ_3163_doors_driver_emergency_service' will be ignored. (Type does not exist. (Typo?))
 9:09:16.111 !!! [CE][offlineDB] :: Type 'UAZ_3163_doors_codriver_emergency_service' will be ignored. (Type does not exist. (Typo?))
 9:09:16.111 !!! [CE][offlineDB] :: Type 'UAZ_3163_doors_cargo1_emergency_service' will be ignored. (Type does not exist. (Typo?))
 9:09:16.111 !!! [CE][offlineDB] :: Type 'UAZ_3163_doors_cargo2_emergency_service' will be ignored. (Type does not exist. (Typo?))
 9:09:16.111 !!! [CE][offlineDB] :: Type 'UAZ_3163_doors_hood_emergency_service' will be ignored. (Type does not exist. (Typo?))
 9:09:16.111 !!! [CE][offlineDB] :: Type 'UAZ_3163_doors_trunk_emergency_service' will be ignored. (Type does not exist. (Typo?))
 9:09:16.112 !!! [CE][offlineDB] :: Type 'UAZ_469_milicia_wheel ' will be ignored. (Type does not exist. (Typo?))
 9:09:16.112 !!! [CE][offlineDB] :: Type 'UAZ_469_milicia_doors_cargo1	' will be ignored. (Type does not exist. (Typo?))
 9:09:16.112 !!! [CE][offlineDB] :: Type 'UAZ_27722_mchs_doors_cargo2_ambulancia' will be ignored. (Type does not exist. (Typo?))
 9:09:16.112 !!! [CE][offlineDB] :: Type 'IJ_2125_Kombi_wheel ' will be ignored. (Type does not exist. (Typo?))
 9:09:16.144 !!! [CE][offlineDB] :: Type 'RubberBox_380ACP' will be ignored. (Type does not exist. (Typo?))
 9:09:16.144 !!! [CE][offlineDB] :: Type 'RubberBox_45ACP' will be ignored. (Type does not exist. (Typo?))
 9:09:16.144 !!! [CE][offlineDB] :: Type 'RubberBox_9x19' will be ignored. (Type does not exist. (Typo?))
 9:09:16.144 !!! [CE][offlineDB] :: Type 'Ammo_45ACPRubber' will be ignored. (Type does not exist. (Typo?))
 9:09:16.144 !!! [CE][offlineDB] :: Type 'Ammo_9x19Rubber' will be ignored. (Type does not exist. (Typo?))
 9:09:16.144 !!! [CE][offlineDB] :: Type 'Ammo_380Rubber' will be ignored. (Type does not exist. (Typo?))
 9:09:16.144 !!! [CE][offlineDB] :: Type 'ScrapRubber' will be ignored. (Type does not exist. (Typo?))
 9:09:16.144 !!! [CE][offlineDB] :: Type 'PressWdie' will be ignored. (Type does not exist. (Typo?))
 9:09:16.144 !!! [CE][offlineDB] :: Type 'PressWdieWattachmentplate' will be ignored. (Type does not exist. (Typo?))
 9:09:16.145 !!! [CE][offlineDB] :: Type 'Presswdiemechismhandle' will be ignored. (Type does not exist. (Typo?))
 9:09:16.145 !!! [CE][offlineDB] :: Type 'PresswithAttachmentplate' will be ignored. (Type does not exist. (Typo?))
 9:09:16.145 !!! [CE][offlineDB] :: Type 'PresswithMechanism' will be ignored. (Type does not exist. (Typo?))
 9:09:16.145 !!! [CE][offlineDB] :: Type 'PresswithMechanismhandle' will be ignored. (Type does not exist. (Typo?))
 9:09:16.145 !!! [CE][offlineDB] :: Type 'CrucibleOreLead' will be ignored. (Type does not exist. (Typo?))
 9:09:16.256 [CE][DE][SPAWNS] :: Total positions: 146
 9:09:16.256 [CE][DE][GROUPS] :: Total eventgroups defined: 83, Eventgroups in use: 0
 9:09:16.262 [CE][Storage] ver:25 stamp:2003, valid:yes, name:"G:\SteamLibrary\steamapps\common\DayZServer\mpmissions\empty.alteria\storage_380881\data\events.bin"
 9:09:16.274 [CE][Storage] ver:25 stamp:2000, valid:yes, name:"G:\SteamLibrary\steamapps\common\DayZServer\mpmissions\empty.alteria\storage_380881\data\events.001"
 9:09:16.297 [CE][Storage] ver:25 stamp:2001, valid:yes, name:"G:\SteamLibrary\steamapps\common\DayZServer\mpmissions\empty.alteria\storage_380881\data\events.002"
 9:09:16.297 [CE][Storage] Restoring file "G:\SteamLibrary\steamapps\common\DayZServer\mpmissions\empty.alteria\storage_380881\data\events.bin".
 9:09:16.297 [CE][DynamicEvent] Load  Events:[33] Primary spawners: 32 Secondary spawners: 1
 9:09:16.297 [CE][InfectedRespawner] (PRIArmy) :: Zones:0 Respawner Function DISABLED !!!
 9:09:16.297 [CE][InfectedRespawner] (PRIArmyHard) :: Status
 9:09:16.297   Zones:56, Unpopulated:0
 9:09:16.297   SMin:249, SMax:383
 9:09:16.297   DMin:249, DMax:385
 9:09:16.297 [CE][InfectedRespawner] (PRICity) :: Status
 9:09:16.297   Zones:26, Unpopulated:0
 9:09:16.297   SMin:88, SMax:170
 9:09:16.297   DMin:175, DMax:290
 9:09:16.297 [CE][InfectedRespawner] (PRIFirefighter) :: Status
 9:09:16.297   Zones:6, Unpopulated:0
 9:09:16.297   SMin:11, SMax:17
 9:09:16.297   DMin:17, DMax:29
 9:09:16.297 [CE][InfectedRespawner] (PRIIndustrial) :: Status
 9:09:16.297   Zones:52, Unpopulated:0
 9:09:16.297   SMin:123, SMax:176
 9:09:16.297   DMin:204, DMax:334
 9:09:16.297 [CE][InfectedRespawner] (PRIMedic) :: Status
 9:09:16.297   Zones:16, Unpopulated:0
 9:09:16.297   SMin:24, SMax:40
 9:09:16.297   DMin:41, DMax:71
 9:09:16.297 [CE][InfectedRespawner] (PRINBC) :: Zones:0 Respawner Function DISABLED !!!
 9:09:16.297 [CE][InfectedRespawner] (PRINBCYellow) :: Status
 9:09:16.297   Zones:1, Unpopulated:0
 9:09:16.297   SMin:2, SMax:3
 9:09:16.297   DMin:30, DMax:40
 9:09:16.297 [CE][InfectedRespawner] (PRIPolice) :: Status
 9:09:16.297   Zones:4, Unpopulated:0
 9:09:16.297   SMin:8, SMax:12
 9:09:16.297   DMin:10, DMax:18
 9:09:16.297 [CE][InfectedRespawner] (PRIPoliceHard) :: Zones:0 Respawner Function DISABLED !!!
 9:09:16.297 [CE][InfectedRespawner] (PRIPrisoner) :: Status
 9:09:16.297   Zones:9, Unpopulated:0
 9:09:16.297   SMin:36, SMax:72
 9:09:16.297   DMin:36, DMax:72
 9:09:16.297 [CE][InfectedRespawner] (PRIReligious) :: Status
 9:09:16.297   Zones:5, Unpopulated:0
 9:09:16.297   SMin:10, SMax:15
 9:09:16.297   DMin:5, DMax:15
 9:09:16.297 [CE][InfectedRespawner] (PRISolitude) :: Status
 9:09:16.297   Zones:138, Unpopulated:0
 9:09:16.297   SMin:291, SMax:478
 9:09:16.297   DMin:559, DMax:976
 9:09:16.297 [CE][InfectedRespawner] (PRIVillage) :: Status
 9:09:16.297   Zones:16, Unpopulated:0
 9:09:16.297   SMin:39, SMax:55
 9:09:16.297   DMin:46, DMax:90
 9:09:16.297 [CE][InfectedRespawner] (SECPoliceHard) :: Zones:0 Respawner Function DISABLED !!!
 9:09:16.321 [CE][Storage] ver:25 stamp:2003, valid:yes, name:"G:\SteamLibrary\steamapps\common\DayZServer\mpmissions\empty.alteria\storage_380881\data\dynamic_000.bin"
 9:09:16.333 [CE][Storage] ver:25 stamp:2000, valid:yes, name:"G:\SteamLibrary\steamapps\common\DayZServer\mpmissions\empty.alteria\storage_380881\data\dynamic_000.001"
 9:09:16.347 [CE][Storage] ver:25 stamp:2001, valid:yes, name:"G:\SteamLibrary\steamapps\common\DayZServer\mpmissions\empty.alteria\storage_380881\data\dynamic_000.002"
 9:09:16.347 [CE][Storage] Restoring file "G:\SteamLibrary\steamapps\common\DayZServer\mpmissions\empty.alteria\storage_380881\data\dynamic_000.bin" 135 items.
 9:09:17.171   135 items loaded. (0 failed)
 9:09:17.195 [CE][Storage] ver:25 stamp:2003, valid:yes, name:"G:\SteamLibrary\steamapps\common\DayZServer\mpmissions\empty.alteria\storage_380881\data\dynamic_001.bin"
 9:09:17.203 [CE][Storage] ver:25 stamp:2000, valid:yes, name:"G:\SteamLibrary\steamapps\common\DayZServer\mpmissions\empty.alteria\storage_380881\data\dynamic_001.001"
 9:09:17.212 [CE][Storage] ver:25 stamp:2001, valid:yes, name:"G:\SteamLibrary\steamapps\common\DayZServer\mpmissions\empty.alteria\storage_380881\data\dynamic_001.002"
 9:09:17.212 [CE][Storage] Restoring file "G:\SteamLibrary\steamapps\common\DayZServer\mpmissions\empty.alteria\storage_380881\data\dynamic_001.bin" 545 items.
 9:09:21.435   545 items loaded. (0 failed)
 9:09:21.455 [CE][Storage] ver:25 stamp:2003, valid:yes, name:"G:\SteamLibrary\steamapps\common\DayZServer\mpmissions\empty.alteria\storage_380881\data\dynamic_002.bin"
 9:09:21.473 [CE][Storage] ver:25 stamp:2000, valid:yes, name:"G:\SteamLibrary\steamapps\common\DayZServer\mpmissions\empty.alteria\storage_380881\data\dynamic_002.001"
 9:09:21.488 [CE][Storage] ver:25 stamp:2001, valid:yes, name:"G:\SteamLibrary\steamapps\common\DayZServer\mpmissions\empty.alteria\storage_380881\data\dynamic_002.002"
 9:09:21.488 [CE][Storage] Restoring file "G:\SteamLibrary\steamapps\common\DayZServer\mpmissions\empty.alteria\storage_380881\data\dynamic_002.bin" 1344 items.
 9:09:25.272   1344 items loaded. (0 failed)
 9:09:25.300 [CE][Storage] ver:25 stamp:2003, valid:yes, name:"G:\SteamLibrary\steamapps\common\DayZServer\mpmissions\empty.alteria\storage_380881\data\dynamic_003.bin"
 9:09:25.319 [CE][Storage] ver:25 stamp:2000, valid:yes, name:"G:\SteamLibrary\steamapps\common\DayZServer\mpmissions\empty.alteria\storage_380881\data\dynamic_003.001"
 9:09:25.334 [CE][Storage] ver:25 stamp:2001, valid:yes, name:"G:\SteamLibrary\steamapps\common\DayZServer\mpmissions\empty.alteria\storage_380881\data\dynamic_003.002"
 9:09:25.334 [CE][Storage] Restoring file "G:\SteamLibrary\steamapps\common\DayZServer\mpmissions\empty.alteria\storage_380881\data\dynamic_003.bin" 1385 items.
 9:09:25.416 !!! Serious stream damage detected during load, file offset: 1247
 9:09:25.889 !!! Serious stream damage detected during load, file offset: a629
 9:09:26.139 !!! Serious stream damage detected during load, file offset: 1325a
 9:09:26.231 !!! Serious stream damage detected during load, file offset: 17a13
 9:09:26.297 !!! Serious stream damage detected during load, file offset: 1a67b
 9:09:26.530 !!! Serious stream damage detected during load, file offset: 226b9
 9:09:26.880 !!! Serious stream damage detected during load, file offset: 3102f
 9:09:27.360 !!! Serious stream damage detected during load, file offset: 4d0cd
 9:09:27.361   1377 items loaded. (8 failed)
 9:09:27.398 [CE][Storage] ver:25 stamp:2003, valid:yes, name:"G:\SteamLibrary\steamapps\common\DayZServer\mpmissions\empty.alteria\storage_380881\data\dynamic_004.bin"
 9:09:27.406 [CE][Storage] ver:25 stamp:2000, valid:yes, name:"G:\SteamLibrary\steamapps\common\DayZServer\mpmissions\empty.alteria\storage_380881\data\dynamic_004.001"
 9:09:27.423 [CE][Storage] ver:25 stamp:2001, valid:yes, name:"G:\SteamLibrary\steamapps\common\DayZServer\mpmissions\empty.alteria\storage_380881\data\dynamic_004.002"
 9:09:27.423 [CE][Storage] Restoring file "G:\SteamLibrary\steamapps\common\DayZServer\mpmissions\empty.alteria\storage_380881\data\dynamic_004.bin" 635 items.
 9:09:28.284   635 items loaded. (0 failed)
 9:09:28.304 [CE][Storage] ver:25 stamp:2003, valid:yes, name:"G:\SteamLibrary\steamapps\common\DayZServer\mpmissions\empty.alteria\storage_380881\data\dynamic_005.bin"
 9:09:28.312 [CE][Storage] ver:25 stamp:2000, valid:yes, name:"G:\SteamLibrary\steamapps\common\DayZServer\mpmissions\empty.alteria\storage_380881\data\dynamic_005.001"
 9:09:28.329 [CE][Storage] ver:25 stamp:2001, valid:yes, name:"G:\SteamLibrary\steamapps\common\DayZServer\mpmissions\empty.alteria\storage_380881\data\dynamic_005.002"
 9:09:28.329 [CE][Storage] Restoring file "G:\SteamLibrary\steamapps\common\DayZServer\mpmissions\empty.alteria\storage_380881\data\dynamic_005.bin" 750 items.
 9:09:28.350 !!! Serious stream damage detected during load, file offset: 1d21
 9:09:28.366 !!! Serious stream damage detected during load, file offset: 3590
 9:09:28.494 !!! Serious stream damage detected during load, file offset: cdac
 9:09:28.848 !!! Serious stream damage detected during load, file offset: 1d052
 9:09:28.868 !!! Serious stream damage detected during load, file offset: 1ed34
 9:09:28.935 !!! Serious stream damage detected during load, file offset: 23e07
 9:09:28.940 !!! Serious stream damage detected during load, file offset: 24522
 9:09:28.951 !!! Serious stream damage detected during load, file offset: 25930
 9:09:28.957 !!! Serious stream damage detected during load, file offset: 2619a
 9:09:29.38   741 items loaded. (9 failed)
 9:09:29.69 [CE][Storage] ver:25 stamp:2003, valid:yes, name:"G:\SteamLibrary\steamapps\common\DayZServer\mpmissions\empty.alteria\storage_380881\data\dynamic_006.bin"
 9:09:29.87 [CE][Storage] ver:25 stamp:2000, valid:yes, name:"G:\SteamLibrary\steamapps\common\DayZServer\mpmissions\empty.alteria\storage_380881\data\dynamic_006.001"
 9:09:29.103 [CE][Storage] ver:25 stamp:2001, valid:yes, name:"G:\SteamLibrary\steamapps\common\DayZServer\mpmissions\empty.alteria\storage_380881\data\dynamic_006.002"
 9:09:29.103 [CE][Storage] Restoring file "G:\SteamLibrary\steamapps\common\DayZServer\mpmissions\empty.alteria\storage_380881\data\dynamic_006.bin" 1348 items.
 9:09:30.304   1348 items loaded. (0 failed)
 9:09:30.332 [CE][Storage] ver:25 stamp:2003, valid:yes, name:"G:\SteamLibrary\steamapps\common\DayZServer\mpmissions\empty.alteria\storage_380881\data\dynamic_007.bin"
 9:09:30.341 [CE][Storage] ver:25 stamp:2000, valid:yes, name:"G:\SteamLibrary\steamapps\common\DayZServer\mpmissions\empty.alteria\storage_380881\data\dynamic_007.001"
 9:09:30.366 [CE][Storage] ver:25 stamp:2001, valid:yes, name:"G:\SteamLibrary\steamapps\common\DayZServer\mpmissions\empty.alteria\storage_380881\data\dynamic_007.002"
 9:09:30.366 [CE][Storage] Restoring file "G:\SteamLibrary\steamapps\common\DayZServer\mpmissions\empty.alteria\storage_380881\data\dynamic_007.bin" 537 items.
 9:09:30.799   537 items loaded. (0 failed)
 9:09:30.823 [CE][Storage] ver:25 stamp:2003, valid:yes, name:"G:\SteamLibrary\steamapps\common\DayZServer\mpmissions\empty.alteria\storage_380881\data\dynamic_008.bin"
 9:09:30.832 [CE][Storage] ver:25 stamp:2000, valid:yes, name:"G:\SteamLibrary\steamapps\common\DayZServer\mpmissions\empty.alteria\storage_380881\data\dynamic_008.001"
 9:09:30.840 [CE][Storage] ver:25 stamp:2001, valid:yes, name:"G:\SteamLibrary\steamapps\common\DayZServer\mpmissions\empty.alteria\storage_380881\data\dynamic_008.002"
 9:09:30.840 [CE][Storage] Restoring file "G:\SteamLibrary\steamapps\common\DayZServer\mpmissions\empty.alteria\storage_380881\data\dynamic_008.bin" 497 items.
 9:09:31.242   497 items loaded. (0 failed)
 9:09:31.271 [CE][Storage] ver:25 stamp:2003, valid:yes, name:"G:\SteamLibrary\steamapps\common\DayZServer\mpmissions\empty.alteria\storage_380881\data\dynamic_009.bin"
 9:09:31.281 [CE][Storage] ver:25 stamp:2000, valid:yes, name:"G:\SteamLibrary\steamapps\common\DayZServer\mpmissions\empty.alteria\storage_380881\data\dynamic_009.001"
 9:09:31.299 [CE][Storage] ver:25 stamp:2001, valid:yes, name:"G:\SteamLibrary\steamapps\common\DayZServer\mpmissions\empty.alteria\storage_380881\data\dynamic_009.002"
 9:09:31.299 [CE][Storage] Restoring file "G:\SteamLibrary\steamapps\common\DayZServer\mpmissions\empty.alteria\storage_380881\data\dynamic_009.bin" 880 items.
 9:09:31.998   880 items loaded. (0 failed)
 9:09:32.19 [CE][Storage] ver:25 stamp:2003, valid:yes, name:"G:\SteamLibrary\steamapps\common\DayZServer\mpmissions\empty.alteria\storage_380881\data\dynamic_010.bin"
 9:09:32.37 [CE][Storage] ver:25 stamp:2000, valid:yes, name:"G:\SteamLibrary\steamapps\common\DayZServer\mpmissions\empty.alteria\storage_380881\data\dynamic_010.001"
 9:09:32.55 [CE][Storage] ver:25 stamp:2001, valid:yes, name:"G:\SteamLibrary\steamapps\common\DayZServer\mpmissions\empty.alteria\storage_380881\data\dynamic_010.002"
 9:09:32.55 [CE][Storage] Restoring file "G:\SteamLibrary\steamapps\common\DayZServer\mpmissions\empty.alteria\storage_380881\data\dynamic_010.bin" 774 items.
 9:09:32.119 !!! Serious stream damage detected during load, file offset: 8a34
 9:09:32.152 !!! Serious stream damage detected during load, file offset: b2eb
 9:09:32.155 !!! Serious stream damage detected during load, file offset: b7e9
 9:09:32.232 !!! Serious stream damage detected during load, file offset: 135b3
 9:09:32.241 !!! Serious stream damage detected during load, file offset: 14319
 9:09:32.243 !!! Serious stream damage detected during load, file offset: 146bb
 9:09:32.283 !!! Serious stream damage detected during load, file offset: 17d43
 9:09:32.483 !!! Serious stream damage detected during load, file offset: 2d542
 9:09:32.521   766 items loaded. (8 failed)
 9:09:32.540 [CE][Storage] ver:25 stamp:2003, valid:yes, name:"G:\SteamLibrary\steamapps\common\DayZServer\mpmissions\empty.alteria\storage_380881\data\dynamic_011.bin"
 9:09:32.545 [CE][Storage] ver:25 stamp:2000, valid:yes, name:"G:\SteamLibrary\steamapps\common\DayZServer\mpmissions\empty.alteria\storage_380881\data\dynamic_011.001"
 9:09:32.551 [CE][Storage] ver:25 stamp:2001, valid:yes, name:"G:\SteamLibrary\steamapps\common\DayZServer\mpmissions\empty.alteria\storage_380881\data\dynamic_011.002"
 9:09:32.551 [CE][Storage] Restoring file "G:\SteamLibrary\steamapps\common\DayZServer\mpmissions\empty.alteria\storage_380881\data\dynamic_011.bin" 393 items.
 9:09:32.882   393 items loaded. (0 failed)
 9:09:32.883 [CE][Storage] ver:26 stamp:2003, valid:yes, name:"G:\SteamLibrary\steamapps\common\DayZServer\mpmissions\empty.alteria\storage_380881\data\building.bin"
 9:09:32.887 [CE][Storage] ver:26 stamp:2000, valid:yes, name:"G:\SteamLibrary\steamapps\common\DayZServer\mpmissions\empty.alteria\storage_380881\data\building.001"
 9:09:32.892 [CE][Storage] ver:26 stamp:2001, valid:yes, name:"G:\SteamLibrary\steamapps\common\DayZServer\mpmissions\empty.alteria\storage_380881\data\building.002"
 9:09:32.892 [CE][Storage] Restoring file "G:\SteamLibrary\steamapps\common\DayZServer\mpmissions\empty.alteria\storage_380881\data\building.bin" 2 items.
 9:09:32.892   2 items loaded. (0 failed)
 9:09:32.917 [CE][Storage] ver:25 stamp:2003, valid:yes, name:"G:\SteamLibrary\steamapps\common\DayZServer\mpmissions\empty.alteria\storage_380881\data\vehicles.bin"
 9:09:32.926 [CE][Storage] ver:25 stamp:2000, valid:yes, name:"G:\SteamLibrary\steamapps\common\DayZServer\mpmissions\empty.alteria\storage_380881\data\vehicles.001"
 9:09:32.933 [CE][Storage] ver:25 stamp:2001, valid:yes, name:"G:\SteamLibrary\steamapps\common\DayZServer\mpmissions\empty.alteria\storage_380881\data\vehicles.002"
 9:09:32.933 [CE][Storage] Restoring file "G:\SteamLibrary\steamapps\common\DayZServer\mpmissions\empty.alteria\storage_380881\data\vehicles.bin" 35 items.
 9:09:33.977 !!! Serious stream damage detected during load, file offset: 274cd
 9:09:33.977 !!! Serious stream damage detected during load, file offset: 275c0
 9:09:33.977 !!! Serious stream damage detected during load, file offset: 276b3
 9:09:33.977   32 items loaded. (3 failed)
 9:09:33.982 [CE][Hive] :: Storage load took:17.69 seconds, recovery stamp:2003
 9:09:33.982   entity: 11915, building: 2
 9:09:33.982   skipped: 28
 9:09:33.982   pathgraph's: 302
 9:09:33.982 [CE][Hive] :: Initializing ... 
 9:09:33.982 [CE][OnInit]
 9:09:33.982   static groups: 5607
 9:09:33.982   containers: 9811
 9:09:33.982   points: 86046
 9:09:33.982   proxies: 2050
 9:09:33.982   linked groups: 803, points: 0
 9:09:33.982   abandoned groups: 0, points: 0
 9:09:33.982   dynamic groups: 0
 9:09:34.10 [CE][InitializeMap] :: initialized: 1
 9:09:34.10 [CE][Hive] :: Initializing spawners ... 
 9:09:34.98 [CE][InfectedRespawner] (PRIArmy) :: Initial Spawn: 0
 9:09:34.98 [CE][InfectedRespawner] (PRIArmyHard) :: Initial Spawn: 0
 9:09:34.98 [CE][InfectedRespawner] (PRICity) :: Initial Spawn: 0
 9:09:34.98 [CE][InfectedRespawner] (PRIFirefighter) :: Initial Spawn: 0
 9:09:34.98 [CE][InfectedRespawner] (PRIIndustrial) :: Initial Spawn: 0
 9:09:34.98 [CE][InfectedRespawner] (PRIMedic) :: Initial Spawn: 0
 9:09:34.98 [CE][InfectedRespawner] (PRINBC) :: Initial Spawn: 0
 9:09:34.98 [CE][InfectedRespawner] (PRINBCYellow) :: Initial Spawn: 0
 9:09:34.98 [CE][InfectedRespawner] (PRIPolice) :: Initial Spawn: 0
 9:09:34.98 [CE][InfectedRespawner] (PRIPoliceHard) :: Initial Spawn: 0
 9:09:34.98 [CE][InfectedRespawner] (PRIPrisoner) :: Initial Spawn: 0
 9:09:34.98 [CE][InfectedRespawner] (PRIReligious) :: Initial Spawn: 0
 9:09:34.98 [CE][InfectedRespawner] (PRISolitude) :: Initial Spawn: 0
 9:09:34.98 [CE][InfectedRespawner] (PRIVillage) :: Initial Spawn: 0
 9:09:34.98 [CE][LootRespawner] (PRIDummy) :: Initially (re)spawned:0, Nominal:14361, Total in Map: 10360 at 0 (sec)
 9:09:34.98   tests:0, repeats:0 fails:0, overtime:0
 9:09:34.99 [CE][InfectedRespawner] (SECPoliceHard) :: Initial Spawn: 0
 9:09:34.99 [CE][DynEvent] :: 32 types
 9:09:34.99 [00] AmbientHen
 9:09:34.99   Primary Spawner: "Ambient", active: yes, repeat: 1
 9:09:34.99 [01] AmbientBear
 9:09:34.99   Primary Spawner: "Ambient", active: yes, repeat: 1
 9:09:34.99 [02] AnimalCow
 9:09:34.99   Primary Spawner: "Animal", active: yes, repeat: 1
 9:09:34.99 [03] AnimalDeer
 9:09:34.99   Primary Spawner: "Animal", active: yes, repeat: 1
 9:09:34.99 [04] AmbientGoat
 9:09:34.99   Primary Spawner: "Ambient", active: yes, repeat: 1
 9:09:34.99 [05] AmbientPig
 9:09:34.99   Primary Spawner: "Ambient", active: yes, repeat: 1
 9:09:34.99 [06] AnimalRoeDeer
 9:09:34.99   Primary Spawner: "Animal", active: yes, repeat: 1
 9:09:34.99 [07] AnimalSheep
 9:09:34.99   Primary Spawner: "Animal", active: yes, repeat: 1
 9:09:34.99 [08] AnimalWildBoar
 9:09:34.99   Primary Spawner: "Animal", active: yes, repeat: 1
 9:09:34.99 [09] AnimalWolf
 9:09:34.99   Primary Spawner: "Animal", active: yes, repeat: 1
 9:09:34.99 [10] InfectedArmy
 9:09:34.99   Primary Spawner: "Infected", active: yes, repeat: 1
 9:09:34.99 [11] InfectedArmyHard
 9:09:34.99   Primary Spawner: "Infected", active: yes, repeat: 1
 9:09:34.99 [12] InfectedCity
 9:09:34.99   Primary Spawner: "Infected", active: yes, repeat: 1
 9:09:34.99 [13] InfectedFirefighter
 9:09:34.99   Primary Spawner: "Infected", active: yes, repeat: 1
 9:09:34.99 [14] InfectedIndustrial
 9:09:34.99   Primary Spawner: "Infected", active: yes, repeat: 1
 9:09:34.99 [15] InfectedMedic
 9:09:34.99   Primary Spawner: "Infected", active: yes, repeat: 1
 9:09:34.99 [16] InfectedNBC
 9:09:34.99   Primary Spawner: "Infected", active: yes, repeat: 1
 9:09:34.99 [17] InfectedNBCYellow
 9:09:34.99   Primary Spawner: "Infected", active: yes, repeat: 1
 9:09:34.99 [18] InfectedPolice
 9:09:34.99   Primary Spawner: "Infected", active: yes, repeat: 1
 9:09:34.99 [19] InfectedPoliceHard
 9:09:34.99   Primary Spawner: "Infected", active: yes, repeat: 1
 9:09:34.99 [20] InfectedPrisoner
 9:09:34.99   Primary Spawner: "Infected", active: yes, repeat: 1
 9:09:34.99 [21] InfectedReligious
 9:09:34.99   Primary Spawner: "Infected", active: yes, repeat: 1
 9:09:34.99 [22] InfectedSolitude
 9:09:34.99   Primary Spawner: "Infected", active: yes, repeat: 1
 9:09:34.100 [23] InfectedVillage
 9:09:34.100   Primary Spawner: "Infected", active: yes, repeat: 1
 9:09:34.100 [24] Loot
 9:09:34.100   Primary Spawner: "Loot", active: yes, repeat: 2
 9:09:34.100 [25] StaticPoliceCar
 9:09:34.100   Primary Spawner: "Static", active: yes, repeat: 1
 9:09:34.100   Secondary Spawner: "Infected", active: yes, repeat: 1
 9:09:34.100 [26] TrajectoryApple
 9:09:34.100   Primary Spawner: "Trajectory", active: yes, repeat: 1
 9:09:34.100 [27] TrajectoryConiferous
 9:09:34.100   Primary Spawner: "Trajectory", active: yes, repeat: 1
 9:09:34.100 [28] TrajectoryDeciduous
 9:09:34.100   Primary Spawner: "Trajectory", active: yes, repeat: 1
 9:09:34.100 [29] TrajectoryHumus
 9:09:34.100   Primary Spawner: "Trajectory", active: yes, repeat: 1
 9:09:34.100 [30] TrajectoryPear
 9:09:34.100   Primary Spawner: "Trajectory", active: yes, repeat: 1
 9:09:34.100 [31] TrajectoryPlum
 9:09:34.100   Primary Spawner: "Trajectory", active: yes, repeat: 1
 9:09:34.100 [CE][Hive] :: Initializing of spawners done.
 9:09:34.103 [CE][Hive] :: Init sequence finished.
 9:09:34.103 Player connect enabled
 9:09:54.571 [CE][LootRespawner] (PRIDummy) :: Item [0] causing search overtime: "HipPack_Party"
 9:09:54.705 !!! [CE][Point] Removing 4508.803223, 7303.729004 from Land_Shed_M1
 9:09:55.273 [CE][LootRespawner] (PRIDummy) :: Item [0] is hard to place, performance drops: "AK74_Green"
 9:09:55.273 [CE][LootRespawner] (PRIDummy) :: Item [1] is hard to place, performance drops: "AK74_Green"
 9:09:55.273 [CE][LootRespawner] (PRIDummy) :: Item [2] is hard to place, performance drops: "AK74_Green"
 9:09:55.273 [CE][LootRespawner] (PRIDummy) :: Item [3] is hard to place, performance drops: "AK74_Green"
 9:09:55.273 [CE][LootRespawner] (PRIDummy) :: Item [4] is hard to place, performance drops: "AK74_Green"
 9:09:55.273 [CE][LootRespawner] (PRIDummy) :: Item [5] is hard to place, performance drops: "AK74_Green"
 9:09:55.273 [CE][LootRespawner] (PRIDummy) :: Item [6] is hard to place, performance drops: "AK74_Green"
 9:09:55.274 [CE][LootRespawner] (PRIDummy) :: Item [7] is hard to place, performance drops: "AK74_Green"
 9:09:55.274 [CE][LootRespawner] (PRIDummy) :: Item [8] is hard to place, performance drops: "AK74_Green"
 9:09:55.274 [CE][LootRespawner] (PRIDummy) :: Item [9] is hard to place, performance drops: "AK74_Green"
 9:09:55.275 [CE][LootRespawner] (PRIDummy) :: Item [1] causing search overtime: "AK74_Green"
 9:09:55.372 [CE][LootRespawner] (PRIDummy) :: Item [10] is hard to place, performance drops: "AK74_Black"
 9:09:55.372 [CE][LootRespawner] (PRIDummy) :: Item [11] is hard to place, performance drops: "AK74_Black"
 9:09:55.373 [CE][LootRespawner] (PRIDummy) :: Item [12] is hard to place, performance drops: "AK74_Black"
 9:09:55.373 [CE][LootRespawner] (PRIDummy) :: Item [13] is hard to place, performance drops: "AK74_Black"
 9:09:55.373 [CE][LootRespawner] (PRIDummy) :: Item [14] is hard to place, performance drops: "AK74_Black"
 9:09:55.373 [CE][LootRespawner] (PRIDummy) :: Item [15] is hard to place, performance drops: "AK74_Black"
 9:09:55.373 [CE][LootRespawner] (PRIDummy) :: Item [16] is hard to place, performance drops: "AK74_Black"
 9:09:55.373 [CE][LootRespawner] (PRIDummy) :: Item [17] is hard to place, performance drops: "AK74_Black"
 9:09:55.373 [CE][LootRespawner] (PRIDummy) :: Item [18] is hard to place, performance drops: "AK74_Black"
 9:09:55.373 [CE][LootRespawner] (PRIDummy) :: Item [19] is hard to place, performance drops: "AK74_Black"
 9:09:55.373 [CE][LootRespawner] (PRIDummy) :: Item [2] causing search overtime: "AK74_Black"
 9:09:55.475 [CE][LootRespawner] (PRIDummy) :: Item [20] is hard to place, performance drops: "AKS74U_Black"
 9:09:55.475 [CE][LootRespawner] (PRIDummy) :: Item [21] is hard to place, performance drops: "AKS74U_Black"
 9:09:55.475 [CE][LootRespawner] (PRIDummy) :: Item [22] is hard to place, performance drops: "AKS74U_Black"
 9:09:55.479 [CE][LootRespawner] (PRIDummy) :: Item [23] is hard to place, performance drops: "AKS74U_Black"
 9:09:55.480 [CE][LootRespawner] (PRIDummy) :: Item [24] is hard to place, performance drops: "AKS74U_Black"
 9:09:55.482 [CE][LootRespawner] (PRIDummy) :: Item [25] is hard to place, performance drops: "AKS74U_Black"
 9:09:55.573 [CE][LootRespawner] (PRIDummy) :: Item [3] causing search overtime: "STAG_Clothing_MountainBag"
 9:09:55.673 [CE][LootRespawner] (PRIDummy) :: Item [26] is hard to place, performance drops: "TerjeAmpouleMetralindole"
 9:09:55.673 [CE][LootRespawner] (PRIDummy) :: Item [27] is hard to place, performance drops: "TerjeAmpouleMetralindole"
 9:09:55.873 [CE][LootRespawner] (PRIDummy) :: Item [28] is hard to place, performance drops: "STAG_Clothing_PlateCarrier"
 9:09:55.873 [CE][LootRespawner] (PRIDummy) :: Item [29] is hard to place, performance drops: "STAG_Clothing_PlateCarrier"
 9:09:55.873 [CE][LootRespawner] (PRIDummy) :: Item [30] is hard to place, performance drops: "STAG_Clothing_PlateCarrier"
 9:09:55.873 [CE][LootRespawner] (PRIDummy) :: Item [31] is hard to place, performance drops: "STAG_Clothing_PlateCarrier"
 9:09:55.873 [CE][LootRespawner] (PRIDummy) :: Item [32] is hard to place, performance drops: "STAG_Clothing_PlateCarrier"
 9:09:55.873 [CE][LootRespawner] (PRIDummy) :: Item [33] is hard to place, performance drops: "STAG_Clothing_PlateCarrier"
 9:09:55.873 [CE][LootRespawner] (PRIDummy) :: Item [34] is hard to place, performance drops: "STAG_Clothing_PlateCarrier"
 9:09:55.873 [CE][LootRespawner] (PRIDummy) :: Item [35] is hard to place, performance drops: "STAG_Clothing_PlateCarrier"
 9:09:55.873 [CE][LootRespawner] (PRIDummy) :: Item [4] causing search overtime: "STAG_Clothing_PlateCarrier"
 9:09:56.104 [CE][LootRespawner] (PRIDummy) :: Item [5] causing search overtime: "MimeMask_Female"
 9:09:56.201 [CE][LootRespawner] (PRIDummy) :: Item [6] causing search overtime: "EyeMask_Black"
 9:09:56.301 [CE][LootRespawner] (PRIDummy) :: Item [7] causing search overtime: "EyeMask_Yellow"
 9:09:56.401 [CE][LootRespawner] (PRIDummy) :: Item [8] causing search overtime: "MimeMask_Male"
 9:10:22.101 [CE][LootRespawner] (PRIDummy) :: Item [9] causing search overtime: "MimeMask_Male"
 9:10:22.202 [CE][LootRespawner] (PRIDummy) :: Item [10] causing search overtime: "EyeMask_Blue"
 9:10:22.301 [CE][LootRespawner] (PRIDummy) :: Item [11] causing search overtime: "EyeMask_Red"
 9:10:22.401 [CE][LootRespawner] (PRIDummy) :: Item [12] causing search overtime: "Chestplate"
 9:10:22.501 [CE][LootRespawner] (PRIDummy) :: Item [13] causing search overtime: "GreatHelm"
 9:10:22.601 [CE][LootRespawner] (PRIDummy) :: Item [14] causing search overtime: "WoolGlovesFingerless_ChristmasBlue"
 9:10:22.701 [CE][LootRespawner] (PRIDummy) :: Item [15] causing search overtime: "Sword"
 9:10:22.801 [CE][LootRespawner] (PRIDummy) :: Item [16] causing search overtime: "Chainmail_Leggings"
 9:10:22.900 [CE][LootRespawner] (PRIDummy) :: Item [17] causing search overtime: "WoolGloves_ChristmasBlue"
 9:10:23.01 [CE][LootRespawner] (PRIDummy) :: Item [18] causing search overtime: "Chainmail_Coif"
 9:10:23.101 [CE][LootRespawner] (PRIDummy) :: Item [19] causing search overtime: "MedievalBoots"
 9:10:23.301 [CE][LootRespawner] (PRIDummy) :: Item [20] causing search overtime: "Mace"
 9:10:23.401 [CE][LootRespawner] (PRIDummy) :: Item [21] causing search overtime: "Chainmail"
 9:10:23.501 [CE][LootRespawner] (PRIDummy) :: Item [22] causing search overtime: "WoolGlovesFingerless_ChristmasRed"
 9:10:23.600 [CE][LootRespawner] (PRIDummy) :: Item [23] causing search overtime: "WoolGloves_ChristmasRed"
 9:10:24.00 [CE][LootRespawner] (PRIDummy) :: Item [24] causing search overtime: "HipPack_Party"
 9:10:24.101 !!! [CE][Spawn] Character "ZmbM_PatrolNormal_Summer" at 1793.640503, 4977.881348
 9:10:24.103 !!! [CE][Spawn] Character "ZmbM_SoldierNormal" at 1733.066284, 4976.500977
 9:10:24.103 !!! [CE][Spawn] Character "ZmbM_SoldierNormal" at 1683.654663, 5035.906738
 9:10:24.104 !!! [CE][Spawn] Character "ZmbM_PatrolNormal_Summer" at 1761.530396, 5055.762695
 9:10:24.104 !!! [CE][Spawn] Character "ZmbM_usSoldier_normal_Woodland" at 1717.317261, 6530.852051
 9:10:24.105 !!! [CE][Spawn] Character "ZmbM_SoldierNormal" at 1781.758789, 6553.764648
 9:10:24.105 !!! [CE][Spawn] Character "ZmbM_usSoldier_Heavy_Woodland" at 1818.126465, 6597.079102
 9:10:24.106 !!! [CE][Spawn] Character "ZmbM_usSoldier_normal_Desert" at 1863.628540, 6554.361328
 9:10:24.106 !!! [CE][Spawn] Character "ZmbM_PatrolNormal_PautRev" at 1819.960815, 6516.517090
 9:10:24.106 !!! [CE][Spawn] Character "ZmbM_PatrolNormal_Summer" at 1798.401611, 6503.770996
 9:10:24.107 !!! [CE][Spawn] Character "ZmbM_PatrolNormal_PautRev" at 1741.626831, 6489.804199
 9:10:24.107 !!! [CE][Spawn] Character "ZmbM_usSoldier_Heavy_Woodland" at 1726.155029, 6554.218750
 9:10:24.108 !!! [CE][Spawn] Character "ZmbM_usSoldier_normal_Woodland" at 1767.660278, 6621.044922
 9:10:24.109 !!! [CE][Spawn] Character "ZmbM_PatrolNormal_Autumn" at 1813.191406, 6553.547363
 9:10:24.109 !!! [CE][Spawn] Character "ZmbM_PatrolNormal_Summer" at 2572.368652, 5840.279297
 9:10:24.110 !!! [CE][Spawn] Character "ZmbM_PatrolNormal_Flat" at 2583.509521, 5851.100586
 9:10:24.110 !!! [CE][Spawn] Character "ZmbM_usSoldier_normal_Desert" at 1617.800049, 2562.500000
 9:10:24.110 !!! [CE][Spawn] Character "ZmbM_usSoldier_normal_Desert" at 1595.599976, 2605.100098
 9:10:24.110 !!! [CE][Spawn] Character "ZmbM_SoldierNormal" at 1611.470703, 2648.373047
 9:10:24.110 !!! [CE][Spawn] Character "ZmbM_SoldierNormal" at 1657.816040, 2684.489746
 9:10:24.111 !!! [CE][Spawn] Character "ZmbF_BlueCollarFat_White" at 2617.457031, 5774.706055
 9:10:24.112 !!! [CE][Spawn] Character "ZmbF_SkaterYoung_Brown" at 2654.997803, 5757.871094
 9:10:24.112 !!! [CE][Spawn] Character "ZmbF_JournalistNormal_Red" at 2185.423828, 3012.173096
 9:10:24.112 !!! [CE][Spawn] Character "ZmbM_CommercialPilotOld_Blue" at 2291.568359, 3099.104248
 9:10:24.113 !!! [CE][Spawn] Character "ZmbF_ShortSkirt_grey" at 2019.517456, 3088.160645
 9:10:24.113 !!! [CE][Spawn] Character "ZmbF_SurvivorNormal_Blue" at 2212.123047, 3201.096436
 9:10:24.114 !!! [CE][Spawn] Character "ZmbF_Clerk_Normal_Blue" at 2479.311035, 3064.357422
 9:10:24.114 !!! [CE][Spawn] Character "ZmbF_CitizenBSkinny" at 2334.171387, 3115.116455
 9:10:24.114 !!! [CE][Spawn] Character "ZmbF_CitizenANormal_Blue" at 6692.349121, 3716.679443
 9:10:24.115 !!! [CE][Spawn] Character "ZmbF_BlueCollarFat_White" at 6737.069824, 3737.291260
 9:10:24.115 !!! [CE][Spawn] Character "ZmbM_JournalistSkinny" at 6750.729004, 3690.996094
 9:10:24.115 !!! [CE][Spawn] Character "ZmbM_MotobikerFat_Beige" at 6789.602539, 3629.730469
 9:10:24.116 !!! [CE][Spawn] Character "ZmbM_JournalistSkinny" at 6719.300781, 3615.766357
 9:10:24.116 !!! [CE][Spawn] Character "ZmbF_CitizenBSkinny" at 6690.038086, 3659.233887
 9:10:24.117 !!! [CE][Spawn] Character "ZmbF_CitizenANormal_Beige" at 6673.502441, 3694.975098
 9:10:24.117 !!! [CE][Spawn] Character "ZmbF_ShortSkirt_checks" at 6696.123047, 3749.460449
 9:10:24.117 !!! [CE][Spawn] Character "ZmbF_ShortSkirt_green" at 6766.154297, 3746.196533
 9:10:24.118 !!! [CE][Spawn] Character "ZmbM_SkaterYoung_Grey" at 6518.295898, 3574.012939
 9:10:24.119 !!! [CE][Spawn] Character "ZmbM_MotobikerFat_Beige" at 6454.452637, 3554.717041
 9:10:24.119 !!! [CE][Spawn] Character "ZmbM_ClerkFat_White" at 4344.813477, 7798.032715
 9:10:24.121 !!! [CE][Spawn] Character "ZmbM_FirefighterNormal" at 2078.625732, 3040.010986
 9:10:24.122 !!! [CE][Spawn] Character "ZmbM_FirefighterNormal" at 2107.370605, 3015.591797
 9:10:24.123 !!! [CE][Spawn] Character "ZmbM_FirefighterNormal" at 6886.804199, 3858.540527
 9:10:24.124 !!! [CE][Spawn] Character "ZmbM_OffshoreWorker_Yellow" at 2019.607300, 5377.224121
 9:10:24.125 !!! [CE][Spawn] Character "ZmbM_MechanicSkinny_Blue" at 1988.321045, 5417.143555
 9:10:24.126 !!! [CE][Spawn] Character "ZmbM_OffshoreWorker_Green" at 1573.994873, 5582.976563
 9:10:24.127 !!! [CE][Spawn] Character "ZmbF_BlueCollarFat_White" at 1492.080933, 5573.197754
 9:10:24.128 !!! [CE][Spawn] Character "ZmbF_MechanicNormal_Green" at 2192.886963, 6293.480957
 9:10:24.128 !!! [CE][Spawn] Character "ZmbM_HandymanNormal_Green" at 2220.040283, 6340.473633
 9:10:24.129 !!! [CE][Spawn] Character "ZmbM_MechanicSkinny_Green" at 2837.614746, 6008.312012
 9:10:24.130 !!! [CE][Spawn] Character "ZmbF_MechanicNormal_Grey" at 2870.366211, 5986.603027
 9:10:24.130 !!! [CE][Spawn] Character "ZmbM_MechanicSkinny_Red" at 2761.272217, 5889.903809
 9:10:24.131 !!! [CE][Spawn] Character "ZmbM_OffshoreWorker_Red" at 2757.064453, 5864.200195
 9:10:24.132 !!! [CE][Spawn] Character "ZmbM_MechanicSkinny_Blue" at 2685.867188, 5935.705566
 9:10:24.132 !!! [CE][Spawn] Character "ZmbM_HeavyIndustryWorker" at 2661.385742, 5964.819336
 9:10:24.133 !!! [CE][Spawn] Character "ZmbM_HandymanNormal_Beige" at 1232.990723, 3034.314453
 9:10:24.135 !!! [CE][Spawn] Character "ZmbF_BlueCollarFat_Red" at 1179.598267, 3040.459229
 9:10:24.136 !!! [CE][Spawn] Character "ZmbM_ConstrWorkerNormal_Beige" at 793.665955, 3360.728271
 9:10:24.136 !!! [CE][Spawn] Character "ZmbM_HandymanNormal_Green" at 810.265808, 3437.980713
 9:10:24.137 !!! [CE][Spawn] Character "ZmbM_ConstrWorkerNormal_Green" at 871.614990, 3391.147705
 9:10:24.137 !!! [CE][Spawn] Character "ZmbF_BlueCollarFat_Green" at 912.439514, 3432.392090
 9:10:24.138 !!! [CE][Spawn] Character "ZmbF_MechanicNormal_Beige" at 899.046875, 3504.209473
 9:10:24.139 !!! [CE][Spawn] Character "ZmbM_ConstrWorkerNormal_Black" at 915.470337, 3542.275146
 9:10:24.140 !!! [CE][Spawn] Character "ZmbM_PatientSkinny" at 4057.633301, 7057.925781
 9:10:24.140 !!! [CE][Spawn] Character "ZmbM_ParamedicNormal_Blue" at 4040.280762, 7095.671387
 9:10:24.142 !!! [CE][Spawn] Character "ZmbF_DoctorSkinny" at 1819.023071, 1869.048828
 9:10:24.143 !!! [CE][Spawn] Character "ZmbF_PatientOld" at 913.298523, 3394.358887
 9:10:24.143 !!! [CE][Spawn] Character "ZmbF_ParamedicNormal_Green" at 923.089539, 3375.207275
 9:10:24.145 !!! [CE][Spawn] Character "ZmbM_DoctorFat" at 6939.345215, 2327.475342
 9:10:24.146 !!! [CE][Spawn] Character "ZmbF_NurseFat" at 7003.000488, 2272.068115
 9:10:24.147 !!! [CE][Spawn] Character "ZmbM_NBC_Yellow" at 6994.197266, 2366.681641
 9:10:24.147 !!! [CE][Spawn] Character "ZmbM_ParamedicNormal_Green" at 6958.574219, 6102.653320
 9:10:24.147 !!! [CE][Spawn] Character "ZmbM_NBC_Yellow" at 7745.934570, 6700.058594
 9:10:24.147 !!! [CE][Spawn] Character "ZmbM_NBC_Yellow" at 7587.073730, 6783.453613
 9:10:24.148 !!! [CE][Spawn] Character "ZmbM_PolicemanFat" at 6511.921387, 3749.999023
 9:10:24.148 !!! [CE][Spawn] Character "ZmbF_PoliceWomanNormal" at 6498.893555, 3779.366211
 9:10:24.149 !!! [CE][Spawn] Character "ZmbM_PrisonerSkinny" at 6882.775879, 6734.213867
 9:10:24.149 !!! [CE][Spawn] Character "ZmbM_PrisonerSkinny" at 6867.240723, 6706.823242
 9:10:24.150 !!! [CE][Spawn] Character "ZmbM_PrisonerSkinny" at 6850.416504, 6733.145996
 9:10:24.151 !!! [CE][Spawn] Character "ZmbM_PrisonerSkinny" at 6845.804688, 6753.097656
 9:10:24.151 !!! [CE][Spawn] Character "ZmbM_PrisonerSkinny" at 6860.616211, 6769.745117
 9:10:24.151 !!! [CE][Spawn] Character "ZmbM_PrisonerSkinny" at 6895.798340, 6782.119629
 9:10:24.151 !!! [CE][Spawn] Character "ZmbM_PrisonerSkinny" at 6881.074219, 6745.142578
 9:10:24.152 !!! [CE][Spawn] Character "ZmbM_PrisonerSkinny" at 6858.638672, 6876.179688
 9:10:24.152 !!! [CE][Spawn] Character "ZmbM_PrisonerSkinny" at 6858.143555, 6838.699219
 9:10:24.154 !!! [CE][Spawn] Character "ZmbM_priestPopSkinny" at 4290.745605, 7398.418945
 9:10:24.154 !!! [CE][Spawn] Character "ZmbM_HermitSkinny_Black" at 1844.800293, 6206.216309
 9:10:24.154 !!! [CE][Spawn] Character "ZmbM_HermitSkinny_Black" at 1933.398560, 6313.970703
 9:10:24.155 !!! [CE][Spawn] Character "ZmbM_HermitSkinny_Green" at 914.756958, 6094.873047
 9:10:24.155 !!! [CE][Spawn] Character "ZmbM_FishermanOld_Blue" at 968.128479, 6226.759766
 9:10:24.155 !!! [CE][Spawn] Character "ZmbM_FishermanOld_Blue" at 1228.701660, 7277.040527
 9:10:24.156 !!! [CE][Spawn] Character "ZmbM_HikerSkinny_Blue" at 1249.658081, 7138.232910
 9:10:24.157 !!! [CE][Spawn] Character "ZmbM_HermitSkinny_Green" at 2463.730713, 6671.688477
 9:10:24.157 !!! [CE][Spawn] Character "ZmbM_HermitSkinny_Red" at 2598.700928, 6636.053223
 9:10:24.157 !!! [CE][Spawn] Character "ZmbM_FishermanOld_Blue" at 2037.967529, 7012.922852
 9:10:24.157 !!! [CE][Spawn] Character "ZmbF_HikerSkinny_Red" at 1971.597778, 7166.315430
 9:10:24.157 !!! [CE][Spawn] Character "ZmbM_FishermanOld_Green" at 2034.294678, 5898.983398
 9:10:24.158 !!! [CE][Spawn] Character "ZmbM_HunterOld_Autumn" at 2172.341797, 5823.249512
 9:10:24.158 !!! [CE][Spawn] Character "ZmbM_HunterOld_Summer" at 1593.223511, 5286.689941
 9:10:24.159 !!! [CE][Spawn] Character "ZmbM_HunterOld_Summer" at 1561.225586, 5162.983887
 9:10:24.159 !!! [CE][Spawn] Character "ZmbM_HermitSkinny_Green" at 1502.665161, 6780.422852
 9:10:24.159 !!! [CE][Spawn] Character "ZmbF_HikerSkinny_Red" at 1395.132446, 6809.767090
 9:10:24.160 !!! [CE][Spawn] Character "ZmbM_HikerSkinny_Yellow" at 1453.786499, 7456.668945
 9:10:24.160 !!! [CE][Spawn] Character "ZmbF_HikerSkinny_Grey" at 1543.826416, 7389.317383
 9:10:24.160 !!! [CE][Spawn] Character "ZmbM_HikerSkinny_Blue" at 2356.763916, 7443.192383
 9:10:24.161 !!! [CE][Spawn] Character "ZmbM_HunterOld_Winter" at 2431.518799, 7409.741699
 9:10:24.162 !!! [CE][Spawn] Character "ZmbF_VillagerOld_White" at 2656.170654, 5620.857422
 9:10:24.163 !!! [CE][Spawn] Character "ZmbF_MilkMaidOld_Black" at 2683.273926, 5666.244141
 9:10:24.164 !!! [CE][Spawn] Character "ZmbM_Jacket_brown" at 2393.204590, 5766.121582
 9:10:24.166 !!! [CE][Spawn] Character "ZmbM_Jacket_khaki" at 2407.552979, 5710.416504
 9:10:24.166 !!! [CE][Spawn] Character "ZmbF_JoggerSkinny_Blue" at 2005.072876, 7847.052734
 9:10:24.166 !!! [CE][Spawn] Character "ZmbM_JoggerSkinny_Green" at 1972.950684, 7806.774414
 9:10:24.167 !!! [CE][Spawn] Character "ZmbM_Jacket_black" at 2503.866455, 7643.994141
 9:10:24.167 !!! [CE][Spawn] Character "ZmbF_JoggerSkinny_Green" at 2555.688477, 7678.638672
 9:10:24.168 !!! [CE][Spawn] Character "ZmbM_Jacket_grey" at 1683.628174, 7430.431641
 9:10:24.169 !!! [CE][Spawn] Character "ZmbM_Jacket_beige" at 1730.417114, 7443.536621
 9:10:24.169 !!! [CE][Spawn] Character "ZmbM_JoggerSkinny_Blue" at 1699.616333, 7649.106934
 9:10:24.322 [CE][DE] [StaticPoliceCar] Spawning: EventID:[25] CurrentID:[436] at [4028.0,-1.0,6658.3] a: -1.000
 9:10:24.322 [CE][Links] found 0 total links between groups, of 1
 9:10:24.322 [CE][SpawnRandomLoot] (StaticPoliceCar) :: Type: Land_Wreck_sed01_aban2_police, lootmin: 3, lootmax: 5, wanted: 4, deloot: 6, containermaxsum: 6
 9:10:24.327 [CE][SpawnRandomLoot] (StaticPoliceCar) :: EventID:[25] CurrentID[436] at [4028.09,6658.39]: 4 items added :: DELoot(3) other(1)
 9:10:24.327   1 DELoot not placed because (count >= nominal)
 9:10:24.327 	!!! (child) Land_Wreck_sed01_aban2_police spawns loot or dispatch but can not be saved because of non-saveable StorageCategory.
 9:10:24.327   Infected Zone for DynamicEvent "StaticPoliceCar" ID[436] at [4028.09,6658.39]...
 9:10:24.327 	(child) Spawned Land_Wreck_sed01_aban2_police EventID:[25] CurrentID:[436] at [4028.1,16.4,6658.4] a: 67.282
 9:10:24.327 [CE][DE] [StaticPoliceCar] Spawning: EventID:[25] CurrentID:[437] at [2760.7,-1.0,623.6] a: -1.000
 9:10:24.328 [CE][Links] found 0 total links between groups, of 2
 9:10:24.328 [CE][SpawnRandomLoot] (StaticPoliceCar) :: Type: Land_Wreck_sed01_aban1_police, lootmin: 3, lootmax: 5, wanted: 3, deloot: 6, containermaxsum: 6
 9:10:24.329 [CE][SpawnRandomLoot] (StaticPoliceCar) :: EventID:[25] CurrentID[437] at [2760.81,623.66]: 3 items added :: DELoot(3) other(0)
 9:10:24.329 	!!! (child) Land_Wreck_sed01_aban1_police spawns loot or dispatch but can not be saved because of non-saveable StorageCategory.
 9:10:24.329   Infected Zone for DynamicEvent "StaticPoliceCar" ID[437] at [2760.81,623.66]...
 9:10:24.329 	(child) Spawned Land_Wreck_sed01_aban1_police EventID:[25] CurrentID:[437] at [2760.8,7.8,623.7] a: 18.155
 9:10:24.329 [CE][DE] [StaticPoliceCar] Spawning: EventID:[25] CurrentID:[438] at [3126.9,-1.0,760.6] a: -1.000
 9:10:24.330 [CE][Links] found 0 total links between groups, of 3
 9:10:24.330 [CE][SpawnRandomLoot] (StaticPoliceCar) :: Type: Land_Wreck_sed01_aban2_police, lootmin: 3, lootmax: 5, wanted: 3, deloot: 6, containermaxsum: 6
 9:10:24.331 [CE][SpawnRandomLoot] (StaticPoliceCar) :: EventID:[25] CurrentID[438] at [3126.88,760.65]: 3 items added :: DELoot(0) other(3)
 9:10:24.331   3 DELoot not placed because (count >= nominal)
 9:10:24.331 	!!! (child) Land_Wreck_sed01_aban2_police spawns loot or dispatch but can not be saved because of non-saveable StorageCategory.
 9:10:24.331   Infected Zone for DynamicEvent "StaticPoliceCar" ID[438] at [3126.88,760.65]...
 9:10:24.331 	(child) Spawned Land_Wreck_sed01_aban2_police EventID:[25] CurrentID:[438] at [3126.9,7.3,760.6] a: 245.023
 9:10:24.331 [CE][DE] [StaticPoliceCar] Spawning: EventID:[25] CurrentID:[439] at [1878.8,-1.0,1622.5] a: -1.000
 9:10:24.332 [CE][Links] found 0 total links between groups, of 4
 9:10:24.332 [CE][SpawnRandomLoot] (StaticPoliceCar) :: Type: Land_Wreck_sed01_aban2_police, lootmin: 3, lootmax: 5, wanted: 3, deloot: 6, containermaxsum: 6
 9:10:24.334 [CE][SpawnRandomLoot] (StaticPoliceCar) :: EventID:[25] CurrentID[439] at [1878.67,1622.48]: 3 items added :: DELoot(2) other(1)
 9:10:24.334   1 DELoot not placed because (count >= nominal)
 9:10:24.334 	!!! (child) Land_Wreck_sed01_aban2_police spawns loot or dispatch but can not be saved because of non-saveable StorageCategory.
 9:10:24.334   Infected Zone for DynamicEvent "StaticPoliceCar" ID[439] at [1878.67,1622.48]...
 9:10:24.334 	(child) Spawned Land_Wreck_sed01_aban2_police EventID:[25] CurrentID:[439] at [1878.7,39.4,1622.5] a: 196.547
 9:10:24.334 [CE][DE] [StaticPoliceCar] Spawning: EventID:[25] CurrentID:[440] at [3232.7,-1.0,3795.3] a: -1.000
 9:10:24.335 [CE][Links] found 0 total links between groups, of 5
 9:10:24.335 [CE][SpawnRandomLoot] (StaticPoliceCar) :: Type: Land_Wreck_sed01_aban1_police, lootmin: 3, lootmax: 5, wanted: 4, deloot: 6, containermaxsum: 6
 9:10:24.336 [CE][SpawnRandomLoot] (StaticPoliceCar) :: EventID:[25] CurrentID[440] at [3232.81,3795.26]: 4 items added :: DELoot(1) other(3)
 9:10:24.336   3 DELoot not placed because (count >= nominal)
 9:10:24.336 	!!! (child) Land_Wreck_sed01_aban1_police spawns loot or dispatch but can not be saved because of non-saveable StorageCategory.
 9:10:24.336   Infected Zone for DynamicEvent "StaticPoliceCar" ID[440] at [3232.81,3795.26]...
 9:10:24.336 	(child) Spawned Land_Wreck_sed01_aban1_police EventID:[25] CurrentID:[440] at [3232.8,11.1,3795.3] a: 49.837
 9:10:24.336 [CE][DE] [StaticPoliceCar] Spawning: EventID:[25] CurrentID:[441] at [2913.7,-1.0,2400.2] a: -1.000
 9:10:24.337 [CE][Links] found 0 total links between groups, of 6
 9:10:24.337 [CE][SpawnRandomLoot] (StaticPoliceCar) :: Type: Land_Wreck_sed01_aban2_police, lootmin: 3, lootmax: 5, wanted: 3, deloot: 6, containermaxsum: 6
 9:10:24.338 [CE][SpawnRandomLoot] (StaticPoliceCar) :: EventID:[25] CurrentID[441] at [2913.78,2400.16]: 3 items added :: DELoot(1) other(2)
 9:10:24.338   2 DELoot not placed because (count >= nominal)
 9:10:24.338 	!!! (child) Land_Wreck_sed01_aban2_police spawns loot or dispatch but can not be saved because of non-saveable StorageCategory.
 9:10:24.338   Infected Zone for DynamicEvent "StaticPoliceCar" ID[441] at [2913.78,2400.16]...
 9:10:24.338 	(child) Spawned Land_Wreck_sed01_aban2_police EventID:[25] CurrentID:[441] at [2913.8,115.4,2400.2] a: 11.320
 9:10:24.338 [CE][DE] [StaticPoliceCar] Spawning: EventID:[25] CurrentID:[442] at [3126.9,-1.0,760.6] a: -1.000
 9:10:24.338 	spawn refused... too close to another one.
 9:10:24.338 [CE][DE] [StaticPoliceCar] Spawning: EventID:[25] CurrentID:[442] at [1321.7,-1.0,2890.3] a: -1.000
 9:10:24.353 [CE][Links] found 0 total links between groups, of 7
 9:10:24.353 [CE][SpawnRandomLoot] (StaticPoliceCar) :: Type: Land_Wreck_sed01_aban1_police, lootmin: 3, lootmax: 5, wanted: 4, deloot: 6, containermaxsum: 6
 9:10:24.354 [CE][SpawnRandomLoot] (StaticPoliceCar) :: EventID:[25] CurrentID[442] at [1321.62,2890.47]: 4 items added :: DELoot(0) other(4)
 9:10:24.354   4 DELoot not placed because (count >= nominal)
 9:10:24.354 	!!! (child) Land_Wreck_sed01_aban1_police spawns loot or dispatch but can not be saved because of non-saveable StorageCategory.
 9:10:24.354   Infected Zone for DynamicEvent "StaticPoliceCar" ID[442] at [1321.62,2890.47]...
 9:10:24.354 	(child) Spawned Land_Wreck_sed01_aban1_police EventID:[25] CurrentID:[442] at [1321.6,27.9,2890.5] a: 237.869
 9:10:24.354 [CE][DE] [StaticPoliceCar] Spawning: EventID:[25] CurrentID:[443] at [3678.4,-1.0,4657.4] a: -1.000
 9:10:24.357 [CE][Links] found 0 total links between groups, of 8
 9:10:24.357 [CE][SpawnRandomLoot] (StaticPoliceCar) :: Type: Land_Wreck_sed01_aban1_police, lootmin: 3, lootmax: 5, wanted: 4, deloot: 6, containermaxsum: 6
 9:10:24.360 [CE][SpawnRandomLoot] (StaticPoliceCar) :: EventID:[25] CurrentID[443] at [3678.22,4657.39]: 4 items added :: DELoot(1) other(3)
 9:10:24.360   3 DELoot not placed because (count >= nominal)
 9:10:24.360 	!!! (child) Land_Wreck_sed01_aban1_police spawns loot or dispatch but can not be saved because of non-saveable StorageCategory.
 9:10:24.360   Infected Zone for DynamicEvent "StaticPoliceCar" ID[443] at [3678.22,4657.39]...
 9:10:24.360 	(child) Spawned Land_Wreck_sed01_aban1_police EventID:[25] CurrentID:[443] at [3678.2,6.2,4657.4] a: 180.982
 9:10:24.360 !!! [CE][Spawn] Character "ZmbM_PolicemanSpecForce_Heavy" at 2743.981201, 625.778076
 9:10:24.361 !!! [CE][Spawn] Character "ZmbM_PolicemanSpecForce_Heavy" at 3135.590088, 777.761597
 9:10:24.361 !!! [CE][Spawn] Character "ZmbM_PolicemanSpecForce_Heavy" at 1884.562500, 1661.863647
 9:10:49.375 [CE][LootRespawner] (PRIDummy) :: Item [25] causing search overtime: "HipPack_Party"
 9:10:49.474 [CE][LootRespawner] (PRIDummy) :: Item [36] is hard to place, performance drops: "AK74_Black"
 9:10:49.474 [CE][LootRespawner] (PRIDummy) :: Item [37] is hard to place, performance drops: "AK74_Black"
 9:10:49.474 [CE][LootRespawner] (PRIDummy) :: Item [38] is hard to place, performance drops: "AK74_Black"
 9:10:49.474 [CE][LootRespawner] (PRIDummy) :: Item [39] is hard to place, performance drops: "AK74_Black"
 9:10:49.474 [CE][LootRespawner] (PRIDummy) :: Item [40] is hard to place, performance drops: "AK74_Black"
 9:10:49.474 [CE][LootRespawner] (PRIDummy) :: Item [41] is hard to place, performance drops: "AK74_Black"
 9:10:49.474 [CE][LootRespawner] (PRIDummy) :: Item [42] is hard to place, performance drops: "AK74_Black"
 9:10:49.477 [CE][LootRespawner] (PRIDummy) :: Item [43] is hard to place, performance drops: "AK74_Black"
 9:10:49.477 [CE][LootRespawner] (PRIDummy) :: Item [44] is hard to place, performance drops: "AK74_Black"
 9:10:49.477 [CE][LootRespawner] (PRIDummy) :: Item [45] is hard to place, performance drops: "AK74_Black"
 9:10:49.477 [CE][LootRespawner] (PRIDummy) :: Item [26] causing search overtime: "AK74_Black"
 9:10:49.675 [CE][LootRespawner] (PRIDummy) :: Item [27] causing search overtime: "STAG_Clothing_MountainBag"
 9:10:49.775 [CE][LootRespawner] (PRIDummy) :: Item [46] is hard to place, performance drops: "AK74_Green"
 9:10:49.775 [CE][LootRespawner] (PRIDummy) :: Item [47] is hard to place, performance drops: "AK74_Green"
 9:10:49.775 [CE][LootRespawner] (PRIDummy) :: Item [48] is hard to place, performance drops: "AK74_Green"
 9:10:49.775 [CE][LootRespawner] (PRIDummy) :: Item [49] is hard to place, performance drops: "AK74_Green"
 9:10:49.775 [CE][LootRespawner] (PRIDummy) :: Item [50] is hard to place, performance drops: "AK74_Green"
 9:10:49.775 [CE][LootRespawner] (PRIDummy) :: Item [51] is hard to place, performance drops: "AK74_Green"
 9:10:49.775 [CE][LootRespawner] (PRIDummy) :: Item [52] is hard to place, performance drops: "AK74_Green"
 9:10:49.775 [CE][LootRespawner] (PRIDummy) :: Item [53] is hard to place, performance drops: "AK74_Green"
 9:10:49.775 [CE][LootRespawner] (PRIDummy) :: Item [54] is hard to place, performance drops: "AK74_Green"
 9:10:49.775 [CE][LootRespawner] (PRIDummy) :: Item [55] is hard to place, performance drops: "AK74_Green"
 9:10:49.775 [CE][LootRespawner] (PRIDummy) :: Item [28] causing search overtime: "AK74_Green"
 9:10:50.75 [CE][LootRespawner] (PRIDummy) :: Item [29] causing search overtime: "MimeMask_Female"
 9:10:50.174 [CE][LootRespawner] (PRIDummy) :: Item [30] causing search overtime: "EyeMask_Black"
 9:10:50.275 [CE][LootRespawner] (PRIDummy) :: Item [31] causing search overtime: "EyeMask_Yellow"
 9:10:50.475 [CE][LootRespawner] (PRIDummy) :: Item [56] is hard to place, performance drops: "STAG_Clothing_PlateCarrier"
 9:10:50.475 [CE][LootRespawner] (PRIDummy) :: Item [57] is hard to place, performance drops: "STAG_Clothing_PlateCarrier"
 9:10:50.475 [CE][LootRespawner] (PRIDummy) :: Item [58] is hard to place, performance drops: "STAG_Clothing_PlateCarrier"
 9:10:50.475 [CE][LootRespawner] (PRIDummy) :: Item [59] is hard to place, performance drops: "STAG_Clothing_PlateCarrier"
 9:10:50.475 [CE][LootRespawner] (PRIDummy) :: Item [60] is hard to place, performance drops: "STAG_Clothing_PlateCarrier"
 9:10:50.475 [CE][LootRespawner] (PRIDummy) :: Item [61] is hard to place, performance drops: "STAG_Clothing_PlateCarrier"
 9:10:50.475 [CE][LootRespawner] (PRIDummy) :: Item [62] is hard to place, performance drops: "STAG_Clothing_PlateCarrier"
 9:10:50.475 [CE][LootRespawner] (PRIDummy) :: Item [63] is hard to place, performance drops: "STAG_Clothing_PlateCarrier"
 9:10:50.475 [CE][LootRespawner] (PRIDummy) :: Item [32] causing search overtime: "STAG_Clothing_PlateCarrier"
 9:10:50.974 [CE][LootRespawner] (PRIDummy) :: Item [33] causing search overtime: "MimeMask_Male"
 9:10:51.74 [CE][LootRespawner] (PRIDummy) :: Item [34] causing search overtime: "EyeMask_Blue"
 9:10:51.175 [CE][LootRespawner] (PRIDummy) :: Item [35] causing search overtime: "EyeMask_Red"
 9:10:51.275 [CE][LootRespawner] (PRIDummy) :: Item [36] causing search overtime: "Chestplate"
 9:10:51.375 !!! [CE][Spawn] Character "ZmbM_PatrolNormal_Summer" at 7742.422363, 1482.839355
 9:10:51.378 !!! [CE][Spawn] Character "ZmbM_usSoldier_Officer_Desert" at 7663.562988, 1455.476929
 9:10:51.378 !!! [CE][Spawn] Character "ZmbM_PatrolNormal_PautRev" at 7617.704102, 1501.820679
 9:10:51.378 !!! [CE][Spawn] Character "ZmbM_PatrolNormal_Flat" at 7596.785156, 1550.831177
 9:10:51.378 !!! [CE][Spawn] Character "ZmbM_PatrolNormal_Flat" at 7643.354004, 1571.674683
 9:10:51.379 !!! [CE][Spawn] Character "ZmbM_usSoldier_Officer_Desert" at 7673.584473, 1560.650391
 9:10:51.380 !!! [CE][Spawn] Character "ZmbM_PatrolNormal_PautRev" at 7702.064941, 1538.696777
 9:10:51.381 !!! [CE][Spawn] Character "ZmbM_PatrolNormal_Summer" at 7682.626953, 1506.194336
 9:10:51.381 !!! [CE][Spawn] Character "ZmbM_PatrolNormal_PautRev" at 7642.962402, 1475.462402
 9:10:51.382 !!! [CE][Spawn] Character "ZmbM_usSoldier_Heavy_Woodland" at 7607.949219, 1515.387573
 9:10:51.383 !!! [CE][Spawn] Character "ZmbM_SoldierNormal" at 6478.070801, 1983.914063
 9:10:51.383 !!! [CE][Spawn] Character "ZmbM_usSoldier_normal_Woodland" at 6456.157227, 2029.468018
 9:10:51.384 !!! [CE][Spawn] Character "ZmbM_PatrolNormal_PautRev" at 6608.660156, 2101.143799
 9:10:51.384 !!! [CE][Spawn] Character "ZmbM_usSoldier_normal_Desert" at 6608.896484, 2211.702393
 9:10:51.385 !!! [CE][Spawn] Character "ZmbM_SoldierNormal" at 6667.175293, 2296.921387
 9:10:51.386 !!! [CE][Spawn] Character "ZmbM_PatrolNormal_Autumn" at 6810.026367, 2339.199951
 9:10:51.414 !!! [CE][Spawn] Character "ZmbM_usSoldier_Heavy_Woodland" at 6861.856934, 2193.940186
 9:10:51.415 !!! [CE][Spawn] Character "ZmbM_PatrolNormal_PautRev" at 6835.858398, 2032.805420
 9:10:51.415 !!! [CE][Spawn] Character "ZmbM_PatrolNormal_Autumn" at 6666.941895, 2016.541382
 9:10:51.416 !!! [CE][Spawn] Character "ZmbM_PatrolNormal_Flat" at 6536.316895, 2116.740479
 9:10:51.416 !!! [CE][Spawn] Character "ZmbF_SkaterYoung_Brown" at 3513.669434, 6306.226074
 9:10:51.433 !!! [CE][Spawn] Character "ZmbF_SurvivorNormal_Red" at 3457.251709, 6364.966309
 9:10:51.435 !!! [CE][Spawn] Character "ZmbF_ShortSkirt_checks" at 3801.849365, 6480.351074
 9:10:51.435 !!! [CE][Spawn] Character "ZmbM_CitizenASkinny_Blue" at 3748.511719, 6434.955566
 9:10:51.436 !!! [CE][Spawn] Character "ZmbF_ShortSkirt_green" at 3862.723389, 6596.113281
 9:10:51.437 !!! [CE][Spawn] Character "ZmbM_CitizenBFat_Green" at 3848.867188, 6667.021484
 9:10:51.437 !!! [CE][Spawn] Character "ZmbF_Clerk_Normal_Red" at 4444.029785, 7756.666992
 9:10:51.437 !!! [CE][Spawn] Character "ZmbM_MotobikerFat_Beige" at 4519.338867, 7731.522461
 9:10:51.438 !!! [CE][Spawn] Character "ZmbM_SkaterYoung_Brown" at 4539.672363, 7673.674805
 9:10:51.439 !!! [CE][Spawn] Character "ZmbF_JournalistNormal_Red" at 4542.140625, 7599.067871
 9:10:51.440 !!! [CE][Spawn] Character "ZmbF_ShortSkirt_grey" at 4466.021484, 7604.068848
 9:10:51.440 !!! [CE][Spawn] Character "ZmbM_CitizenBFat_Red" at 4258.848145, 7701.524902
 9:10:51.441 !!! [CE][Spawn] Character "ZmbF_Clerk_Normal_Blue" at 4282.976074, 7768.229980
 9:10:51.441 !!! [CE][Spawn] Character "ZmbM_JournalistSkinny" at 4309.767578, 7794.206543
 9:10:51.442 !!! [CE][Spawn] Character "ZmbF_ShortSkirt_yellow" at 4370.644531, 7834.020508
 9:10:51.442 !!! [CE][Spawn] Character "ZmbF_Clerk_Normal_White" at 4381.107910, 7763.102051
 9:10:51.443 !!! [CE][Spawn] Character "ZmbF_CitizenBSkinny" at 4344.890625, 7735.103027
 9:10:51.443 !!! [CE][Spawn] Character "ZmbF_BlueCollarFat_White" at 4303.377441, 7667.253418
 9:10:51.444 !!! [CE][Spawn] Character "ZmbF_CitizenANormal_Blue" at 4295.096680, 7745.929688
 9:10:51.444 !!! [CE][Spawn] Character "ZmbM_CitizenASkinny_Red" at 4628.126953, 7440.068359
 9:10:51.445 !!! [CE][Spawn] Character "ZmbM_FirefighterNormal" at 6882.166016, 3842.012695
 9:10:51.445 !!! [CE][Spawn] Character "ZmbM_FirefighterNormal" at 4085.364746, 6678.652832
 9:10:51.446 !!! [CE][Spawn] Character "ZmbM_FirefighterNormal" at 4051.363525, 6657.592773
 9:10:51.446 !!! [CE][Spawn] Character "ZmbF_MechanicNormal_Beige" at 1141.777710, 2907.270264
 9:10:51.446 !!! [CE][Spawn] Character "ZmbM_ConstrWorkerNormal_Green" at 1143.159546, 2934.364746
 9:10:51.447 !!! [CE][Spawn] Character "ZmbF_BlueCollarFat_White" at 976.111206, 3086.610840
 9:10:51.448 !!! [CE][Spawn] Character "ZmbM_HandymanNormal_Beige" at 870.043762, 3165.478027
 9:10:51.448 !!! [CE][Spawn] Character "ZmbM_OffshoreWorker_Yellow" at 1324.989868, 3572.300781
 9:10:51.449 !!! [CE][Spawn] Character "ZmbF_BlueCollarFat_Red" at 2853.755859, 3220.213379
 9:10:51.449 !!! [CE][Spawn] Character "ZmbF_BlueCollarFat_Green" at 2159.607910, 2886.002930
 9:10:51.450 !!! [CE][Spawn] Character "ZmbM_OffshoreWorker_Green" at 1928.406982, 2897.796143
 9:10:51.450 !!! [CE][Spawn] Character "ZmbM_ConstrWorkerNormal_Beige" at 2705.423096, 4231.258789
 9:10:51.450 !!! [CE][Spawn] Character "ZmbF_MechanicNormal_Beige" at 2591.091064, 4209.774414
 9:11:00.763 [IdleMode] Entering IN - save processed
 9:17:05.714 [Login]: Adding player LEE (115622261) to login queue at position 0
 9:17:05.714 [LoginMachine]: Add player LEE (115622261 192.168.1.4:61143)
 9:17:05.714 [StateMachine]: Player LEE (dpnid 115622261 uid ) Entering AuthPlayerLoginState
 9:17:06.924 [StateMachine]: Player LEE (dpnid 115622261 uid ) Entering WaitAuthPlayerLoginState
 9:17:09.566 [IdleMode] Leaving OUT
 9:17:09.691 Player LEE (id=R5KkZb3Ywicboa8ntCzbBJK6WLpakj_6yA-ghmDo4lw=) has connected.
 9:17:09.691 Player "LEE"(steamID=76561198413928129) is connected
 9:17:09.691 [StateMachine]: Player LEE (dpnid 115622261 uid ) Entering WaitPlayerAssignedLoginState
 9:17:10.748 [StateMachine]: Player LEE (dpnid 115622261 uid ) Entering PlayerAssignedLoginState
 9:17:10.763 [StateMachine]: Player LEE (dpnid 115622261 uid R5KkZb3Ywicboa8ntCzbBJK6WLpakj_6yA-ghmDo4lw=) Entering DBGetLoginTimeLoginState
 9:17:10.765 [StateMachine]: Player LEE (dpnid 115622261 uid R5KkZb3Ywicboa8ntCzbBJK6WLpakj_6yA-ghmDo4lw=) Entering DBWaitLoginTimeLoginState
 9:17:13.764 [StateMachine]: Player LEE (dpnid 115622261 uid R5KkZb3Ywicboa8ntCzbBJK6WLpakj_6yA-ghmDo4lw=) Entering DBGetCharacterLoginState
 9:17:13.765 [StateMachine]: Player LEE (dpnid 115622261 uid R5KkZb3Ywicboa8ntCzbBJK6WLpakj_6yA-ghmDo4lw=) Entering CreateNetObjectsLoginState
 9:17:13.768 [StateMachine]: Player LEE (dpnid 115622261 uid R5KkZb3Ywicboa8ntCzbBJK6WLpakj_6yA-ghmDo4lw=) Entering PreloadCamLoginState
 9:17:13.768 [StateMachine]: Player LEE (dpnid 115622261 uid R5KkZb3Ywicboa8ntCzbBJK6WLpakj_6yA-ghmDo4lw=) Entering WaitPreloadCamLoginState
 9:17:31.568 [CE][LootRespawner] (PRIDummy) :: Item [64] is hard to place, performance drops: "Mag_FNX45_15Rnd"
