---------------------------------------------
Log error_2025-09-06_11-56-27.log started at 2025-09-06 11:57:12



------------------------------------
DESKTOP-ABTUUDS, 2025-09-06 11:57:12

MARKET CONFIGURATION ERROR: Item kavz685_rf_wheel (ID 1456) in category Vehicle_Parts (ID 62) was already added in category Vehicle_Parts (ID 62) as kavz685_rf_wheel (ID 1455)
Use https://github.com/lava76/check_expansion_market_variants/releases to fix


------------------------------------
DESKTOP-ABTUUDS, 2025-09-06 11:57:12

MARKET CONFIGURATION ERROR: Item kavz685_rf_wheeldouble (ID 1458) in category Vehicle_Parts (ID 62) was already added in category Vehicle_Parts (ID 62) as kavz685_rf_wheeldouble (ID 1457)
Use https://github.com/lava76/check_expansion_market_variants/releases to fix


------------------------------------
DESKTOP-ABTUUDS, 2025-09-06 11:57:12

MARKET CONFIGURATION ERROR: Item kavz685_rf_wheel (ID 1463) in category Vehicle_Parts (ID 62) was already added in category Vehicle_Parts (ID 62) as kavz685_rf_wheel (ID 1455)
Use https://github.com/lava76/check_expansion_market_variants/releases to fix


------------------------------------
DESKTOP-ABTUUDS, 2025-09-06 11:57:12

MARKET CONFIGURATION ERROR: Item kavz685_rf_wheel (ID 1464) in category Vehicle_Parts (ID 62) was already added in category Vehicle_Parts (ID 62) as kavz685_rf_wheel (ID 1455)
Use https://github.com/lava76/check_expansion_market_variants/releases to fix


------------------------------------
DESKTOP-ABTUUDS, 2025-09-06 11:57:12

MARKET CONFIGURATION ERROR: Item kavz685_rf_wheeldouble (ID 1465) in category Vehicle_Parts (ID 62) was already added in category Vehicle_Parts (ID 62) as kavz685_rf_wheeldouble (ID 1457)
Use https://github.com/lava76/check_expansion_market_variants/releases to fix


------------------------------------
DESKTOP-ABTUUDS, 2025-09-06 11:57:12

MARKET CONFIGURATION ERROR: Item kavz685_rf_wheeldouble (ID 1466) in category Vehicle_Parts (ID 62) was already added in category Vehicle_Parts (ID 62) as kavz685_rf_wheeldouble (ID 1457)
Use https://github.com/lava76/check_expansion_market_variants/releases to fix


------------------------------------
DESKTOP-ABTUUDS, 2025-09-06 11:57:12

MARKET CONFIGURATION ERROR: Item kavz685_rf_wheel (ID 1471) in category Vehicle_Parts (ID 62) was already added in category Vehicle_Parts (ID 62) as kavz685_rf_wheel (ID 1455)
Use https://github.com/lava76/check_expansion_market_variants/releases to fix


------------------------------------
DESKTOP-ABTUUDS, 2025-09-06 11:57:12

MARKET CONFIGURATION ERROR: Item kavz685_rf_wheel (ID 1472) in category Vehicle_Parts (ID 62) was already added in category Vehicle_Parts (ID 62) as kavz685_rf_wheel (ID 1455)
Use https://github.com/lava76/check_expansion_market_variants/releases to fix


------------------------------------
DESKTOP-ABTUUDS, 2025-09-06 11:57:12

MARKET CONFIGURATION ERROR: Item kavz685_rf_wheeldouble (ID 1473) in category Vehicle_Parts (ID 62) was already added in category Vehicle_Parts (ID 62) as kavz685_rf_wheeldouble (ID 1457)
Use https://github.com/lava76/check_expansion_market_variants/releases to fix


------------------------------------
DESKTOP-ABTUUDS, 2025-09-06 11:57:12

MARKET CONFIGURATION ERROR: Item kavz685_rf_wheeldouble (ID 1474) in category Vehicle_Parts (ID 62) was already added in category Vehicle_Parts (ID 62) as kavz685_rf_wheeldouble (ID 1457)
Use https://github.com/lava76/check_expansion_market_variants/releases to fix


------------------------------------
DESKTOP-ABTUUDS, 2025-09-06 11:57:12

MARKET CONFIGURATION ERROR: Item kavz685_rf_wheel (ID 1479) in category Vehicle_Parts (ID 62) was already added in category Vehicle_Parts (ID 62) as kavz685_rf_wheel (ID 1455)
Use https://github.com/lava76/check_expansion_market_variants/releases to fix


------------------------------------
DESKTOP-ABTUUDS, 2025-09-06 11:57:12

MARKET CONFIGURATION ERROR: Item kavz685_rf_wheel (ID 1480) in category Vehicle_Parts (ID 62) was already added in category Vehicle_Parts (ID 62) as kavz685_rf_wheel (ID 1455)
Use https://github.com/lava76/check_expansion_market_variants/releases to fix


------------------------------------
DESKTOP-ABTUUDS, 2025-09-06 11:57:12

MARKET CONFIGURATION ERROR: Item kavz685_rf_wheeldouble (ID 1481) in category Vehicle_Parts (ID 62) was already added in category Vehicle_Parts (ID 62) as kavz685_rf_wheeldouble (ID 1457)
Use https://github.com/lava76/check_expansion_market_variants/releases to fix


------------------------------------
DESKTOP-ABTUUDS, 2025-09-06 11:57:12

MARKET CONFIGURATION ERROR: Item kavz685_rf_wheeldouble (ID 1482) in category Vehicle_Parts (ID 62) was already added in category Vehicle_Parts (ID 62) as kavz685_rf_wheeldouble (ID 1457)
Use https://github.com/lava76/check_expansion_market_variants/releases to fix


------------------------------------
DESKTOP-ABTUUDS, 2025-09-06 11:57:12

MARKET CONFIGURATION ERROR: Item vbl_wheel (ID 1488) in category Vehicle_Parts (ID 62) was already added in category Vehicle_Parts (ID 62) as vbl_wheel (ID 1487)
Use https://github.com/lava76/check_expansion_market_variants/releases to fix


------------------------------------
DESKTOP-ABTUUDS, 2025-09-06 11:57:12

MARKET CONFIGURATION ERROR: Item vbl_wheel (ID 1489) in category Vehicle_Parts (ID 62) was already added in category Vehicle_Parts (ID 62) as vbl_wheel (ID 1487)
Use https://github.com/lava76/check_expansion_market_variants/releases to fix


------------------------------------
DESKTOP-ABTUUDS, 2025-09-06 11:57:12

MARKET CONFIGURATION ERROR: Item vbl_wheel (ID 1490) in category Vehicle_Parts (ID 62) was already added in category Vehicle_Parts (ID 62) as vbl_wheel (ID 1487)
Use https://github.com/lava76/check_expansion_market_variants/releases to fix


------------------------------------
DESKTOP-ABTUUDS, 2025-09-06 11:57:12

MARKET CONFIGURATION ERROR: Item ij_2715_rf_wheel (ID 1496) in category Vehicle_Parts (ID 62) was already added in category Vehicle_Parts (ID 62) as ij_2715_rf_wheel (ID 1495)
Use https://github.com/lava76/check_expansion_market_variants/releases to fix


------------------------------------
DESKTOP-ABTUUDS, 2025-09-06 11:57:12

MARKET CONFIGURATION ERROR: Item ij_2715_rf_wheel (ID 1497) in category Vehicle_Parts (ID 62) was already added in category Vehicle_Parts (ID 62) as ij_2715_rf_wheel (ID 1495)
Use https://github.com/lava76/check_expansion_market_variants/releases to fix


------------------------------------
DESKTOP-ABTUUDS, 2025-09-06 11:57:12

MARKET CONFIGURATION ERROR: Item ij_2715_rf_wheel (ID 1498) in category Vehicle_Parts (ID 62) was already added in category Vehicle_Parts (ID 62) as ij_2715_rf_wheel (ID 1495)
Use https://github.com/lava76/check_expansion_market_variants/releases to fix


------------------------------------
DESKTOP-ABTUUDS, 2025-09-06 11:57:12

MARKET CONFIGURATION ERROR: Item ij_2715_rf_wheel (ID 1504) in category Vehicle_Parts (ID 62) was already added in category Vehicle_Parts (ID 62) as ij_2715_rf_wheel (ID 1495)
Use https://github.com/lava76/check_expansion_market_variants/releases to fix


------------------------------------
DESKTOP-ABTUUDS, 2025-09-06 11:57:12

MARKET CONFIGURATION ERROR: Item ij_2715_rf_wheel (ID 1505) in category Vehicle_Parts (ID 62) was already added in category Vehicle_Parts (ID 62) as ij_2715_rf_wheel (ID 1495)
Use https://github.com/lava76/check_expansion_market_variants/releases to fix


------------------------------------
DESKTOP-ABTUUDS, 2025-09-06 11:57:12

MARKET CONFIGURATION ERROR: Item ij_2715_rf_wheel (ID 1506) in category Vehicle_Parts (ID 62) was already added in category Vehicle_Parts (ID 62) as ij_2715_rf_wheel (ID 1495)
Use https://github.com/lava76/check_expansion_market_variants/releases to fix


------------------------------------
DESKTOP-ABTUUDS, 2025-09-06 11:57:12

MARKET CONFIGURATION ERROR: Item ij_2715_rf_wheel (ID 1507) in category Vehicle_Parts (ID 62) was already added in category Vehicle_Parts (ID 62) as ij_2715_rf_wheel (ID 1495)
Use https://github.com/lava76/check_expansion_market_variants/releases to fix


------------------------------------
DESKTOP-ABTUUDS, 2025-09-06 11:57:12

MARKET CONFIGURATION ERROR: Item ij_2715_rf_wheel (ID 1513) in category Vehicle_Parts (ID 62) was already added in category Vehicle_Parts (ID 62) as ij_2715_rf_wheel (ID 1495)
Use https://github.com/lava76/check_expansion_market_variants/releases to fix


------------------------------------
DESKTOP-ABTUUDS, 2025-09-06 11:57:12

MARKET CONFIGURATION ERROR: Item ij_2715_rf_wheel (ID 1514) in category Vehicle_Parts (ID 62) was already added in category Vehicle_Parts (ID 62) as ij_2715_rf_wheel (ID 1495)
Use https://github.com/lava76/check_expansion_market_variants/releases to fix


------------------------------------
DESKTOP-ABTUUDS, 2025-09-06 11:57:12

MARKET CONFIGURATION ERROR: Item ij_2715_rf_wheel (ID 1515) in category Vehicle_Parts (ID 62) was already added in category Vehicle_Parts (ID 62) as ij_2715_rf_wheel (ID 1495)
Use https://github.com/lava76/check_expansion_market_variants/releases to fix


------------------------------------
DESKTOP-ABTUUDS, 2025-09-06 11:57:12

MARKET CONFIGURATION ERROR: Item ij_2715_rf_wheel (ID 1516) in category Vehicle_Parts (ID 62) was already added in category Vehicle_Parts (ID 62) as ij_2715_rf_wheel (ID 1495)
Use https://github.com/lava76/check_expansion_market_variants/releases to fix


------------------------------------
DESKTOP-ABTUUDS, 2025-09-06 11:57:12

MARKET CONFIGURATION ERROR: Item ij_2715_rf_wheel (ID 1522) in category Vehicle_Parts (ID 62) was already added in category Vehicle_Parts (ID 62) as ij_2715_rf_wheel (ID 1495)
Use https://github.com/lava76/check_expansion_market_variants/releases to fix


------------------------------------
DESKTOP-ABTUUDS, 2025-09-06 11:57:12

MARKET CONFIGURATION ERROR: Item ij_2715_rf_wheel (ID 1523) in category Vehicle_Parts (ID 62) was already added in category Vehicle_Parts (ID 62) as ij_2715_rf_wheel (ID 1495)
Use https://github.com/lava76/check_expansion_market_variants/releases to fix


------------------------------------
DESKTOP-ABTUUDS, 2025-09-06 11:57:12

MARKET CONFIGURATION ERROR: Item ij_2715_rf_wheel (ID 1524) in category Vehicle_Parts (ID 62) was already added in category Vehicle_Parts (ID 62) as ij_2715_rf_wheel (ID 1495)
Use https://github.com/lava76/check_expansion_market_variants/releases to fix


------------------------------------
DESKTOP-ABTUUDS, 2025-09-06 11:57:12

MARKET CONFIGURATION ERROR: Item ij_2715_rf_wheel (ID 1525) in category Vehicle_Parts (ID 62) was already added in category Vehicle_Parts (ID 62) as ij_2715_rf_wheel (ID 1495)
Use https://github.com/lava76/check_expansion_market_variants/releases to fix


------------------------------------
DESKTOP-ABTUUDS, 2025-09-06 11:57:12

MARKET CONFIGURATION ERROR: Item btr_80_wheel (ID 1532) in category Vehicle_Parts (ID 62) was already added in category Vehicle_Parts (ID 62) as btr_80_wheel (ID 1531)
Use https://github.com/lava76/check_expansion_market_variants/releases to fix


------------------------------------
DESKTOP-ABTUUDS, 2025-09-06 11:57:12

MARKET CONFIGURATION ERROR: Item btr_80_wheel (ID 1533) in category Vehicle_Parts (ID 62) was already added in category Vehicle_Parts (ID 62) as btr_80_wheel (ID 1531)
Use https://github.com/lava76/check_expansion_market_variants/releases to fix


------------------------------------
DESKTOP-ABTUUDS, 2025-09-06 11:57:12

MARKET CONFIGURATION ERROR: Item btr_80_wheel (ID 1534) in category Vehicle_Parts (ID 62) was already added in category Vehicle_Parts (ID 62) as btr_80_wheel (ID 1531)
Use https://github.com/lava76/check_expansion_market_variants/releases to fix


------------------------------------
DESKTOP-ABTUUDS, 2025-09-06 11:57:12

MARKET CONFIGURATION ERROR: Item btr_80_wheel (ID 1535) in category Vehicle_Parts (ID 62) was already added in category Vehicle_Parts (ID 62) as btr_80_wheel (ID 1531)
Use https://github.com/lava76/check_expansion_market_variants/releases to fix


------------------------------------
DESKTOP-ABTUUDS, 2025-09-06 11:57:12

MARKET CONFIGURATION ERROR: Item btr_80_wheel (ID 1536) in category Vehicle_Parts (ID 62) was already added in category Vehicle_Parts (ID 62) as btr_80_wheel (ID 1531)
Use https://github.com/lava76/check_expansion_market_variants/releases to fix


------------------------------------
DESKTOP-ABTUUDS, 2025-09-06 11:57:12

MARKET CONFIGURATION ERROR: Item btr_80_wheel (ID 1537) in category Vehicle_Parts (ID 62) was already added in category Vehicle_Parts (ID 62) as btr_80_wheel (ID 1531)
Use https://github.com/lava76/check_expansion_market_variants/releases to fix


------------------------------------
DESKTOP-ABTUUDS, 2025-09-06 11:57:12

MARKET CONFIGURATION ERROR: Item btr_80_wheel (ID 1538) in category Vehicle_Parts (ID 62) was already added in category Vehicle_Parts (ID 62) as btr_80_wheel (ID 1531)
Use https://github.com/lava76/check_expansion_market_variants/releases to fix


------------------------------------
DESKTOP-ABTUUDS, 2025-09-06 11:57:12

MARKET CONFIGURATION ERROR: Item btr_80_wheel (ID 1539) in category Vehicle_Parts (ID 62) was already added in category Vehicle_Parts (ID 62) as btr_80_wheel (ID 1531)
Use https://github.com/lava76/check_expansion_market_variants/releases to fix


------------------------------------
DESKTOP-ABTUUDS, 2025-09-06 11:57:12

MARKET CONFIGURATION ERROR: Item btr_80_wheel (ID 1546) in category Vehicle_Parts (ID 62) was already added in category Vehicle_Parts (ID 62) as btr_80_wheel (ID 1531)
Use https://github.com/lava76/check_expansion_market_variants/releases to fix


------------------------------------
DESKTOP-ABTUUDS, 2025-09-06 11:57:12

MARKET CONFIGURATION ERROR: Item btr_80_wheel (ID 1547) in category Vehicle_Parts (ID 62) was already added in category Vehicle_Parts (ID 62) as btr_80_wheel (ID 1531)
Use https://github.com/lava76/check_expansion_market_variants/releases to fix


------------------------------------
DESKTOP-ABTUUDS, 2025-09-06 11:57:12

MARKET CONFIGURATION ERROR: Item btr_80_wheel (ID 1548) in category Vehicle_Parts (ID 62) was already added in category Vehicle_Parts (ID 62) as btr_80_wheel (ID 1531)
Use https://github.com/lava76/check_expansion_market_variants/releases to fix


------------------------------------
DESKTOP-ABTUUDS, 2025-09-06 11:57:12

MARKET CONFIGURATION ERROR: Item btr_80_wheel (ID 1549) in category Vehicle_Parts (ID 62) was already added in category Vehicle_Parts (ID 62) as btr_80_wheel (ID 1531)
Use https://github.com/lava76/check_expansion_market_variants/releases to fix


------------------------------------
DESKTOP-ABTUUDS, 2025-09-06 11:57:12

MARKET CONFIGURATION ERROR: Item btr_80_wheel (ID 1550) in category Vehicle_Parts (ID 62) was already added in category Vehicle_Parts (ID 62) as btr_80_wheel (ID 1531)
Use https://github.com/lava76/check_expansion_market_variants/releases to fix


------------------------------------
DESKTOP-ABTUUDS, 2025-09-06 11:57:12

MARKET CONFIGURATION ERROR: Item btr_80_wheel (ID 1551) in category Vehicle_Parts (ID 62) was already added in category Vehicle_Parts (ID 62) as btr_80_wheel (ID 1531)
Use https://github.com/lava76/check_expansion_market_variants/releases to fix


------------------------------------
DESKTOP-ABTUUDS, 2025-09-06 11:57:12

MARKET CONFIGURATION ERROR: Item btr_80_wheel (ID 1552) in category Vehicle_Parts (ID 62) was already added in category Vehicle_Parts (ID 62) as btr_80_wheel (ID 1531)
Use https://github.com/lava76/check_expansion_market_variants/releases to fix


------------------------------------
DESKTOP-ABTUUDS, 2025-09-06 11:57:12

MARKET CONFIGURATION ERROR: Item btr_80_wheel (ID 1553) in category Vehicle_Parts (ID 62) was already added in category Vehicle_Parts (ID 62) as btr_80_wheel (ID 1531)
Use https://github.com/lava76/check_expansion_market_variants/releases to fix


------------------------------------
DESKTOP-ABTUUDS, 2025-09-06 11:57:12

MARKET CONFIGURATION ERROR: Item btr_80_wheel (ID 1554) in category Vehicle_Parts (ID 62) was already added in category Vehicle_Parts (ID 62) as btr_80_wheel (ID 1531)
Use https://github.com/lava76/check_expansion_market_variants/releases to fix


------------------------------------
DESKTOP-ABTUUDS, 2025-09-06 11:57:12

MARKET CONFIGURATION ERROR: Item paz_672_wheel (ID 1562) in category Vehicle_Parts (ID 62) was already added in category Vehicle_Parts (ID 62) as paz_672_wheel (ID 1561)
Use https://github.com/lava76/check_expansion_market_variants/releases to fix


------------------------------------
DESKTOP-ABTUUDS, 2025-09-06 11:57:12

MARKET CONFIGURATION ERROR: Item paz_672_wheel (ID 1563) in category Vehicle_Parts (ID 62) was already added in category Vehicle_Parts (ID 62) as paz_672_wheel (ID 1561)
Use https://github.com/lava76/check_expansion_market_variants/releases to fix


------------------------------------
DESKTOP-ABTUUDS, 2025-09-06 11:57:12

MARKET CONFIGURATION ERROR: Item paz_672_wheeldouble (ID 1565) in category Vehicle_Parts (ID 62) was already added in category Vehicle_Parts (ID 62) as paz_672_wheeldouble (ID 1564)
Use https://github.com/lava76/check_expansion_market_variants/releases to fix


------------------------------------
DESKTOP-ABTUUDS, 2025-09-06 11:57:12

MARKET CONFIGURATION ERROR: Item gaz_66_wheel (ID 1570) in category Vehicle_Parts (ID 62) was already added in category Vehicle_Parts (ID 62) as gaz_66_wheel (ID 1569)
Use https://github.com/lava76/check_expansion_market_variants/releases to fix


------------------------------------
DESKTOP-ABTUUDS, 2025-09-06 11:57:12

MARKET CONFIGURATION ERROR: Item gaz_66_wheel (ID 1571) in category Vehicle_Parts (ID 62) was already added in category Vehicle_Parts (ID 62) as gaz_66_wheel (ID 1569)
Use https://github.com/lava76/check_expansion_market_variants/releases to fix


------------------------------------
DESKTOP-ABTUUDS, 2025-09-06 11:57:12

MARKET CONFIGURATION ERROR: Item gaz_66_wheel (ID 1572) in category Vehicle_Parts (ID 62) was already added in category Vehicle_Parts (ID 62) as gaz_66_wheel (ID 1569)
Use https://github.com/lava76/check_expansion_market_variants/releases to fix


------------------------------------
DESKTOP-ABTUUDS, 2025-09-06 11:57:12

MARKET CONFIGURATION ERROR: Item gaz_66_wheel (ID 1573) in category Vehicle_Parts (ID 62) was already added in category Vehicle_Parts (ID 62) as gaz_66_wheel (ID 1569)
Use https://github.com/lava76/check_expansion_market_variants/releases to fix


------------------------------------
DESKTOP-ABTUUDS, 2025-09-06 11:57:12

MARKET CONFIGURATION ERROR: Item gaz_66_wheel (ID 1577) in category Vehicle_Parts (ID 62) was already added in category Vehicle_Parts (ID 62) as gaz_66_wheel (ID 1569)
Use https://github.com/lava76/check_expansion_market_variants/releases to fix


------------------------------------
DESKTOP-ABTUUDS, 2025-09-06 11:57:12

MARKET CONFIGURATION ERROR: Item gaz_66_wheel (ID 1578) in category Vehicle_Parts (ID 62) was already added in category Vehicle_Parts (ID 62) as gaz_66_wheel (ID 1569)
Use https://github.com/lava76/check_expansion_market_variants/releases to fix


------------------------------------
DESKTOP-ABTUUDS, 2025-09-06 11:57:12

MARKET CONFIGURATION ERROR: Item gaz_66_wheel (ID 1579) in category Vehicle_Parts (ID 62) was already added in category Vehicle_Parts (ID 62) as gaz_66_wheel (ID 1569)
Use https://github.com/lava76/check_expansion_market_variants/releases to fix


------------------------------------
DESKTOP-ABTUUDS, 2025-09-06 11:57:12

MARKET CONFIGURATION ERROR: Item gaz_66_wheel (ID 1580) in category Vehicle_Parts (ID 62) was already added in category Vehicle_Parts (ID 62) as gaz_66_wheel (ID 1569)
Use https://github.com/lava76/check_expansion_market_variants/releases to fix


------------------------------------
DESKTOP-ABTUUDS, 2025-09-06 11:57:12

MARKET CONFIGURATION ERROR: Item gaz_66_wheel (ID 1581) in category Vehicle_Parts (ID 62) was already added in category Vehicle_Parts (ID 62) as gaz_66_wheel (ID 1569)
Use https://github.com/lava76/check_expansion_market_variants/releases to fix


------------------------------------
DESKTOP-ABTUUDS, 2025-09-06 11:57:12

MARKET CONFIGURATION ERROR: Item gaz_66_doors_driver (ID 1582) in category Vehicle_Parts (ID 62) was already added in category Vehicle_Parts (ID 62) as gaz_66_doors_driver (ID 1574)
Use https://github.com/lava76/check_expansion_market_variants/releases to fix


------------------------------------
DESKTOP-ABTUUDS, 2025-09-06 11:57:12

MARKET CONFIGURATION ERROR: Item gaz_66_doors_codriver (ID 1583) in category Vehicle_Parts (ID 62) was already added in category Vehicle_Parts (ID 62) as gaz_66_doors_codriver (ID 1575)
Use https://github.com/lava76/check_expansion_market_variants/releases to fix


------------------------------------
DESKTOP-ABTUUDS, 2025-09-06 11:57:12

MARKET CONFIGURATION ERROR: Item gaz_66_doors_trunk (ID 1584) in category Vehicle_Parts (ID 62) was already added in category Vehicle_Parts (ID 62) as gaz_66_doors_trunk (ID 1576)
Use https://github.com/lava76/check_expansion_market_variants/releases to fix


------------------------------------
DESKTOP-ABTUUDS, 2025-09-06 11:57:12

MARKET CONFIGURATION ERROR: Item uaz_3962_wheel (ID 1586) in category Vehicle_Parts (ID 62) was already added in category Vehicle_Parts (ID 62) as uaz_3962_wheel (ID 1585)
Use https://github.com/lava76/check_expansion_market_variants/releases to fix


------------------------------------
DESKTOP-ABTUUDS, 2025-09-06 11:57:12

MARKET CONFIGURATION ERROR: Item uaz_3962_wheel (ID 1587) in category Vehicle_Parts (ID 62) was already added in category Vehicle_Parts (ID 62) as uaz_3962_wheel (ID 1585)
Use https://github.com/lava76/check_expansion_market_variants/releases to fix


------------------------------------
DESKTOP-ABTUUDS, 2025-09-06 11:57:12

MARKET CONFIGURATION ERROR: Item uaz_3962_wheel (ID 1588) in category Vehicle_Parts (ID 62) was already added in category Vehicle_Parts (ID 62) as uaz_3962_wheel (ID 1585)
Use https://github.com/lava76/check_expansion_market_variants/releases to fix


------------------------------------
DESKTOP-ABTUUDS, 2025-09-06 11:57:12

MARKET CONFIGURATION ERROR: Item uaz_3962_wheel (ID 1589) in category Vehicle_Parts (ID 62) was already added in category Vehicle_Parts (ID 62) as uaz_3962_wheel (ID 1585)
Use https://github.com/lava76/check_expansion_market_variants/releases to fix


------------------------------------
DESKTOP-ABTUUDS, 2025-09-06 11:57:12

MARKET CONFIGURATION ERROR: Item uaz_3962_wheel (ID 1598) in category Vehicle_Parts (ID 62) was already added in category Vehicle_Parts (ID 62) as uaz_3962_wheel (ID 1585)
Use https://github.com/lava76/check_expansion_market_variants/releases to fix


------------------------------------
DESKTOP-ABTUUDS, 2025-09-06 11:57:12

MARKET CONFIGURATION ERROR: Item uaz_3962_wheel (ID 1599) in category Vehicle_Parts (ID 62) was already added in category Vehicle_Parts (ID 62) as uaz_3962_wheel (ID 1585)
Use https://github.com/lava76/check_expansion_market_variants/releases to fix


------------------------------------
DESKTOP-ABTUUDS, 2025-09-06 11:57:12

MARKET CONFIGURATION ERROR: Item uaz_3962_wheel (ID 1600) in category Vehicle_Parts (ID 62) was already added in category Vehicle_Parts (ID 62) as uaz_3962_wheel (ID 1585)
Use https://github.com/lava76/check_expansion_market_variants/releases to fix


------------------------------------
DESKTOP-ABTUUDS, 2025-09-06 11:57:12

MARKET CONFIGURATION ERROR: Item uaz_3962_wheel (ID 1601) in category Vehicle_Parts (ID 62) was already added in category Vehicle_Parts (ID 62) as uaz_3962_wheel (ID 1585)
Use https://github.com/lava76/check_expansion_market_variants/releases to fix


------------------------------------
DESKTOP-ABTUUDS, 2025-09-06 11:57:12

MARKET CONFIGURATION ERROR: Item uaz_3962_wheel (ID 1602) in category Vehicle_Parts (ID 62) was already added in category Vehicle_Parts (ID 62) as uaz_3962_wheel (ID 1585)
Use https://github.com/lava76/check_expansion_market_variants/releases to fix


------------------------------------
DESKTOP-ABTUUDS, 2025-09-06 11:57:12

MARKET CONFIGURATION ERROR: Item willys_mb_wheel (ID 1604) in category Vehicle_Parts (ID 62) was already added in category Vehicle_Parts (ID 62) as willys_mb_wheel (ID 1603)
Use https://github.com/lava76/check_expansion_market_variants/releases to fix


------------------------------------
DESKTOP-ABTUUDS, 2025-09-06 11:57:12

MARKET CONFIGURATION ERROR: Item willys_mb_wheel (ID 1605) in category Vehicle_Parts (ID 62) was already added in category Vehicle_Parts (ID 62) as willys_mb_wheel (ID 1603)
Use https://github.com/lava76/check_expansion_market_variants/releases to fix


------------------------------------
DESKTOP-ABTUUDS, 2025-09-06 11:57:12

MARKET CONFIGURATION ERROR: Item willys_mb_wheel (ID 1606) in category Vehicle_Parts (ID 62) was already added in category Vehicle_Parts (ID 62) as willys_mb_wheel (ID 1603)
Use https://github.com/lava76/check_expansion_market_variants/releases to fix


------------------------------------
DESKTOP-ABTUUDS, 2025-09-06 11:57:12

MARKET CONFIGURATION ERROR: Item willys_mb_wheel (ID 1607) in category Vehicle_Parts (ID 62) was already added in category Vehicle_Parts (ID 62) as willys_mb_wheel (ID 1603)
Use https://github.com/lava76/check_expansion_market_variants/releases to fix


------------------------------------
DESKTOP-ABTUUDS, 2025-09-06 11:57:12

MARKET CONFIGURATION ERROR: Item zil_131_wheel (ID 1610) in category Vehicle_Parts (ID 62) was already added in category Vehicle_Parts (ID 62) as zil_131_wheel (ID 1609)
Use https://github.com/lava76/check_expansion_market_variants/releases to fix


------------------------------------
DESKTOP-ABTUUDS, 2025-09-06 11:57:12

MARKET CONFIGURATION ERROR: Item zil_131_wheel (ID 1611) in category Vehicle_Parts (ID 62) was already added in category Vehicle_Parts (ID 62) as zil_131_wheel (ID 1609)
Use https://github.com/lava76/check_expansion_market_variants/releases to fix


------------------------------------
DESKTOP-ABTUUDS, 2025-09-06 11:57:12

MARKET CONFIGURATION ERROR: Item zil_131_wheel (ID 1612) in category Vehicle_Parts (ID 62) was already added in category Vehicle_Parts (ID 62) as zil_131_wheel (ID 1609)
Use https://github.com/lava76/check_expansion_market_variants/releases to fix


------------------------------------
DESKTOP-ABTUUDS, 2025-09-06 11:57:12

MARKET CONFIGURATION ERROR: Item zil_131_wheel (ID 1613) in category Vehicle_Parts (ID 62) was already added in category Vehicle_Parts (ID 62) as zil_131_wheel (ID 1609)
Use https://github.com/lava76/check_expansion_market_variants/releases to fix


------------------------------------
DESKTOP-ABTUUDS, 2025-09-06 11:57:12

MARKET CONFIGURATION ERROR: Item zil_131_wheel (ID 1614) in category Vehicle_Parts (ID 62) was already added in category Vehicle_Parts (ID 62) as zil_131_wheel (ID 1609)
Use https://github.com/lava76/check_expansion_market_variants/releases to fix


------------------------------------
DESKTOP-ABTUUDS, 2025-09-06 11:57:12

MARKET CONFIGURATION ERROR: Item zil_131_wheel (ID 1615) in category Vehicle_Parts (ID 62) was already added in category Vehicle_Parts (ID 62) as zil_131_wheel (ID 1609)
Use https://github.com/lava76/check_expansion_market_variants/releases to fix


------------------------------------
DESKTOP-ABTUUDS, 2025-09-06 11:57:12

MARKET CONFIGURATION ERROR: Item zil_131_wheel (ID 1619) in category Vehicle_Parts (ID 62) was already added in category Vehicle_Parts (ID 62) as zil_131_wheel (ID 1609)
Use https://github.com/lava76/check_expansion_market_variants/releases to fix


------------------------------------
DESKTOP-ABTUUDS, 2025-09-06 11:57:12

MARKET CONFIGURATION ERROR: Item zil_131_wheel (ID 1620) in category Vehicle_Parts (ID 62) was already added in category Vehicle_Parts (ID 62) as zil_131_wheel (ID 1609)
Use https://github.com/lava76/check_expansion_market_variants/releases to fix


------------------------------------
DESKTOP-ABTUUDS, 2025-09-06 11:57:12

MARKET CONFIGURATION ERROR: Item zil_131_wheel (ID 1621) in category Vehicle_Parts (ID 62) was already added in category Vehicle_Parts (ID 62) as zil_131_wheel (ID 1609)
Use https://github.com/lava76/check_expansion_market_variants/releases to fix


------------------------------------
DESKTOP-ABTUUDS, 2025-09-06 11:57:12

MARKET CONFIGURATION ERROR: Item zil_131_wheel (ID 1622) in category Vehicle_Parts (ID 62) was already added in category Vehicle_Parts (ID 62) as zil_131_wheel (ID 1609)
Use https://github.com/lava76/check_expansion_market_variants/releases to fix


------------------------------------
DESKTOP-ABTUUDS, 2025-09-06 11:57:12

MARKET CONFIGURATION ERROR: Item zil_131_wheel (ID 1623) in category Vehicle_Parts (ID 62) was already added in category Vehicle_Parts (ID 62) as zil_131_wheel (ID 1609)
Use https://github.com/lava76/check_expansion_market_variants/releases to fix


------------------------------------
DESKTOP-ABTUUDS, 2025-09-06 11:57:12

MARKET CONFIGURATION ERROR: Item zil_131_wheel (ID 1624) in category Vehicle_Parts (ID 62) was already added in category Vehicle_Parts (ID 62) as zil_131_wheel (ID 1609)
Use https://github.com/lava76/check_expansion_market_variants/releases to fix


------------------------------------
DESKTOP-ABTUUDS, 2025-09-06 11:57:12

MARKET CONFIGURATION ERROR: Item zil_131_wheel (ID 1625) in category Vehicle_Parts (ID 62) was already added in category Vehicle_Parts (ID 62) as zil_131_wheel (ID 1609)
Use https://github.com/lava76/check_expansion_market_variants/releases to fix


------------------------------------
DESKTOP-ABTUUDS, 2025-09-06 11:57:12

MARKET CONFIGURATION ERROR: Item zil_131_doors_driver (ID 1626) in category Vehicle_Parts (ID 62) was already added in category Vehicle_Parts (ID 62) as zil_131_doors_driver (ID 1616)
Use https://github.com/lava76/check_expansion_market_variants/releases to fix


------------------------------------
DESKTOP-ABTUUDS, 2025-09-06 11:57:12

MARKET CONFIGURATION ERROR: Item zil_131_doors_codriver (ID 1627) in category Vehicle_Parts (ID 62) was already added in category Vehicle_Parts (ID 62) as zil_131_doors_codriver (ID 1617)
Use https://github.com/lava76/check_expansion_market_variants/releases to fix


------------------------------------
DESKTOP-ABTUUDS, 2025-09-06 11:57:12

MARKET CONFIGURATION ERROR: Item zil_131_doors_trunk (ID 1628) in category Vehicle_Parts (ID 62) was already added in category Vehicle_Parts (ID 62) as zil_131_doors_trunk (ID 1618)
Use https://github.com/lava76/check_expansion_market_variants/releases to fix


------------------------------------
DESKTOP-ABTUUDS, 2025-09-06 11:57:12

MARKET CONFIGURATION ERROR: Item gaz_3110_volga_wheel (ID 1630) in category Vehicle_Parts (ID 62) was already added in category Vehicle_Parts (ID 62) as gaz_3110_volga_wheel (ID 1629)
Use https://github.com/lava76/check_expansion_market_variants/releases to fix


------------------------------------
DESKTOP-ABTUUDS, 2025-09-06 11:57:12

MARKET CONFIGURATION ERROR: Item gaz_3110_volga_wheel (ID 1631) in category Vehicle_Parts (ID 62) was already added in category Vehicle_Parts (ID 62) as gaz_3110_volga_wheel (ID 1629)
Use https://github.com/lava76/check_expansion_market_variants/releases to fix


------------------------------------
DESKTOP-ABTUUDS, 2025-09-06 11:57:12

MARKET CONFIGURATION ERROR: Item gaz_3110_volga_wheel (ID 1632) in category Vehicle_Parts (ID 62) was already added in category Vehicle_Parts (ID 62) as gaz_3110_volga_wheel (ID 1629)
Use https://github.com/lava76/check_expansion_market_variants/releases to fix


------------------------------------
DESKTOP-ABTUUDS, 2025-09-06 11:57:12

MARKET CONFIGURATION ERROR: Item gaz_3110_volga_wheel (ID 1633) in category Vehicle_Parts (ID 62) was already added in category Vehicle_Parts (ID 62) as gaz_3110_volga_wheel (ID 1629)
Use https://github.com/lava76/check_expansion_market_variants/releases to fix


------------------------------------
DESKTOP-ABTUUDS, 2025-09-06 11:57:12

MARKET CONFIGURATION ERROR: Item gaz_3110_volga_wheel (ID 1640) in category Vehicle_Parts (ID 62) was already added in category Vehicle_Parts (ID 62) as gaz_3110_volga_wheel (ID 1629)
Use https://github.com/lava76/check_expansion_market_variants/releases to fix


------------------------------------
DESKTOP-ABTUUDS, 2025-09-06 11:57:12

MARKET CONFIGURATION ERROR: Item gaz_3110_volga_wheel (ID 1641) in category Vehicle_Parts (ID 62) was already added in category Vehicle_Parts (ID 62) as gaz_3110_volga_wheel (ID 1629)
Use https://github.com/lava76/check_expansion_market_variants/releases to fix


------------------------------------
DESKTOP-ABTUUDS, 2025-09-06 11:57:12

MARKET CONFIGURATION ERROR: Item gaz_3110_volga_wheel (ID 1642) in category Vehicle_Parts (ID 62) was already added in category Vehicle_Parts (ID 62) as gaz_3110_volga_wheel (ID 1629)
Use https://github.com/lava76/check_expansion_market_variants/releases to fix


------------------------------------
DESKTOP-ABTUUDS, 2025-09-06 11:57:12

MARKET CONFIGURATION ERROR: Item gaz_3110_volga_wheel (ID 1643) in category Vehicle_Parts (ID 62) was already added in category Vehicle_Parts (ID 62) as gaz_3110_volga_wheel (ID 1629)
Use https://github.com/lava76/check_expansion_market_variants/releases to fix


------------------------------------
DESKTOP-ABTUUDS, 2025-09-06 11:57:12

MARKET CONFIGURATION ERROR: Item gaz_3110_volga_wheel (ID 1644) in category Vehicle_Parts (ID 62) was already added in category Vehicle_Parts (ID 62) as gaz_3110_volga_wheel (ID 1629)
Use https://github.com/lava76/check_expansion_market_variants/releases to fix


------------------------------------
DESKTOP-ABTUUDS, 2025-09-06 11:57:12

MARKET CONFIGURATION ERROR: Item gaz_3110_volga_wheel (ID 1651) in category Vehicle_Parts (ID 62) was already added in category Vehicle_Parts (ID 62) as gaz_3110_volga_wheel (ID 1629)
Use https://github.com/lava76/check_expansion_market_variants/releases to fix


------------------------------------
DESKTOP-ABTUUDS, 2025-09-06 11:57:12

MARKET CONFIGURATION ERROR: Item gaz_3110_volga_wheel (ID 1652) in category Vehicle_Parts (ID 62) was already added in category Vehicle_Parts (ID 62) as gaz_3110_volga_wheel (ID 1629)
Use https://github.com/lava76/check_expansion_market_variants/releases to fix


------------------------------------
DESKTOP-ABTUUDS, 2025-09-06 11:57:12

MARKET CONFIGURATION ERROR: Item gaz_3110_volga_wheel (ID 1653) in category Vehicle_Parts (ID 62) was already added in category Vehicle_Parts (ID 62) as gaz_3110_volga_wheel (ID 1629)
Use https://github.com/lava76/check_expansion_market_variants/releases to fix


------------------------------------
DESKTOP-ABTUUDS, 2025-09-06 11:57:12

MARKET CONFIGURATION ERROR: Item gaz_3110_volga_wheel (ID 1654) in category Vehicle_Parts (ID 62) was already added in category Vehicle_Parts (ID 62) as gaz_3110_volga_wheel (ID 1629)
Use https://github.com/lava76/check_expansion_market_variants/releases to fix


------------------------------------
DESKTOP-ABTUUDS, 2025-09-06 11:57:12

MARKET CONFIGURATION ERROR: Item gaz_3110_volga_wheel (ID 1655) in category Vehicle_Parts (ID 62) was already added in category Vehicle_Parts (ID 62) as gaz_3110_volga_wheel (ID 1629)
Use https://github.com/lava76/check_expansion_market_variants/releases to fix


------------------------------------
DESKTOP-ABTUUDS, 2025-09-06 11:57:12

MARKET CONFIGURATION ERROR: Item gaz_3110_volga_wheel (ID 1662) in category Vehicle_Parts (ID 62) was already added in category Vehicle_Parts (ID 62) as gaz_3110_volga_wheel (ID 1629)
Use https://github.com/lava76/check_expansion_market_variants/releases to fix


------------------------------------
DESKTOP-ABTUUDS, 2025-09-06 11:57:12

MARKET CONFIGURATION ERROR: Item gaz_3110_volga_wheel (ID 1663) in category Vehicle_Parts (ID 62) was already added in category Vehicle_Parts (ID 62) as gaz_3110_volga_wheel (ID 1629)
Use https://github.com/lava76/check_expansion_market_variants/releases to fix


------------------------------------
DESKTOP-ABTUUDS, 2025-09-06 11:57:12

MARKET CONFIGURATION ERROR: Item gaz_3110_volga_wheel (ID 1664) in category Vehicle_Parts (ID 62) was already added in category Vehicle_Parts (ID 62) as gaz_3110_volga_wheel (ID 1629)
Use https://github.com/lava76/check_expansion_market_variants/releases to fix


------------------------------------
DESKTOP-ABTUUDS, 2025-09-06 11:57:12

MARKET CONFIGURATION ERROR: Item gaz_3110_volga_wheel (ID 1665) in category Vehicle_Parts (ID 62) was already added in category Vehicle_Parts (ID 62) as gaz_3110_volga_wheel (ID 1629)
Use https://github.com/lava76/check_expansion_market_variants/releases to fix


------------------------------------
DESKTOP-ABTUUDS, 2025-09-06 11:57:12

MARKET CONFIGURATION ERROR: Item gaz_3110_volga_wheel (ID 1666) in category Vehicle_Parts (ID 62) was already added in category Vehicle_Parts (ID 62) as gaz_3110_volga_wheel (ID 1629)
Use https://github.com/lava76/check_expansion_market_variants/releases to fix


------------------------------------
DESKTOP-ABTUUDS, 2025-09-06 11:57:12

MARKET CONFIGURATION ERROR: Item gaz_m20 (ID 1673) in category Vehicle_Parts (ID 62) was already added in category Cars (ID 14) as gaz_m20 (ID 316)
Use https://github.com/lava76/check_expansion_market_variants/releases to fix


------------------------------------
DESKTOP-ABTUUDS, 2025-09-06 11:57:12

MARKET CONFIGURATION ERROR: Item gaz_m20_wheel (ID 1675) in category Vehicle_Parts (ID 62) was already added in category Vehicle_Parts (ID 62) as gaz_m20_wheel (ID 1674)
Use https://github.com/lava76/check_expansion_market_variants/releases to fix


------------------------------------
DESKTOP-ABTUUDS, 2025-09-06 11:57:12

MARKET CONFIGURATION ERROR: Item gaz_m20_wheel (ID 1676) in category Vehicle_Parts (ID 62) was already added in category Vehicle_Parts (ID 62) as gaz_m20_wheel (ID 1674)
Use https://github.com/lava76/check_expansion_market_variants/releases to fix


------------------------------------
DESKTOP-ABTUUDS, 2025-09-06 11:57:12

MARKET CONFIGURATION ERROR: Item gaz_m20_wheel (ID 1677) in category Vehicle_Parts (ID 62) was already added in category Vehicle_Parts (ID 62) as gaz_m20_wheel (ID 1674)
Use https://github.com/lava76/check_expansion_market_variants/releases to fix


------------------------------------
DESKTOP-ABTUUDS, 2025-09-06 11:57:12

MARKET CONFIGURATION ERROR: Item gaz_m20_wheel (ID 1691) in category Vehicle_Parts (ID 62) was already added in category Vehicle_Parts (ID 62) as gaz_m20_wheel (ID 1674)
Use https://github.com/lava76/check_expansion_market_variants/releases to fix


------------------------------------
DESKTOP-ABTUUDS, 2025-09-06 11:57:12

MARKET CONFIGURATION ERROR: Item gaz_m20_wheel (ID 1692) in category Vehicle_Parts (ID 62) was already added in category Vehicle_Parts (ID 62) as gaz_m20_wheel (ID 1674)
Use https://github.com/lava76/check_expansion_market_variants/releases to fix


------------------------------------
DESKTOP-ABTUUDS, 2025-09-06 11:57:12

MARKET CONFIGURATION ERROR: Item gaz_m20_wheel (ID 1693) in category Vehicle_Parts (ID 62) was already added in category Vehicle_Parts (ID 62) as gaz_m20_wheel (ID 1674)
Use https://github.com/lava76/check_expansion_market_variants/releases to fix


------------------------------------
DESKTOP-ABTUUDS, 2025-09-06 11:57:12

MARKET CONFIGURATION ERROR: Item gaz_m20_wheel (ID 1694) in category Vehicle_Parts (ID 62) was already added in category Vehicle_Parts (ID 62) as gaz_m20_wheel (ID 1674)
Use https://github.com/lava76/check_expansion_market_variants/releases to fix


------------------------------------
DESKTOP-ABTUUDS, 2025-09-06 11:57:12

MARKET CONFIGURATION ERROR: Item gaz_m20_wheel (ID 1702) in category Vehicle_Parts (ID 62) was already added in category Vehicle_Parts (ID 62) as gaz_m20_wheel (ID 1674)
Use https://github.com/lava76/check_expansion_market_variants/releases to fix


------------------------------------
DESKTOP-ABTUUDS, 2025-09-06 11:57:12

MARKET CONFIGURATION ERROR: Item gaz_m20_wheel (ID 1703) in category Vehicle_Parts (ID 62) was already added in category Vehicle_Parts (ID 62) as gaz_m20_wheel (ID 1674)
Use https://github.com/lava76/check_expansion_market_variants/releases to fix


------------------------------------
DESKTOP-ABTUUDS, 2025-09-06 11:57:12

MARKET CONFIGURATION ERROR: Item gaz_m20_wheel (ID 1704) in category Vehicle_Parts (ID 62) was already added in category Vehicle_Parts (ID 62) as gaz_m20_wheel (ID 1674)
Use https://github.com/lava76/check_expansion_market_variants/releases to fix


------------------------------------
DESKTOP-ABTUUDS, 2025-09-06 11:57:12

MARKET CONFIGURATION ERROR: Item gaz_m20_wheel (ID 1705) in category Vehicle_Parts (ID 62) was already added in category Vehicle_Parts (ID 62) as gaz_m20_wheel (ID 1674)
Use https://github.com/lava76/check_expansion_market_variants/releases to fix


------------------------------------
DESKTOP-ABTUUDS, 2025-09-06 11:57:12

MARKET CONFIGURATION ERROR: Item gaz_m20_wheel (ID 1712) in category Vehicle_Parts (ID 62) was already added in category Vehicle_Parts (ID 62) as gaz_m20_wheel (ID 1674)
Use https://github.com/lava76/check_expansion_market_variants/releases to fix


------------------------------------
DESKTOP-ABTUUDS, 2025-09-06 11:57:12

MARKET CONFIGURATION ERROR: Item gaz_m20_wheel (ID 1713) in category Vehicle_Parts (ID 62) was already added in category Vehicle_Parts (ID 62) as gaz_m20_wheel (ID 1674)
Use https://github.com/lava76/check_expansion_market_variants/releases to fix


------------------------------------
DESKTOP-ABTUUDS, 2025-09-06 11:57:12

MARKET CONFIGURATION ERROR: Item gaz_m20_wheel (ID 1714) in category Vehicle_Parts (ID 62) was already added in category Vehicle_Parts (ID 62) as gaz_m20_wheel (ID 1674)
Use https://github.com/lava76/check_expansion_market_variants/releases to fix


------------------------------------
DESKTOP-ABTUUDS, 2025-09-06 11:57:12

MARKET CONFIGURATION ERROR: Item gaz_m20_wheel (ID 1715) in category Vehicle_Parts (ID 62) was already added in category Vehicle_Parts (ID 62) as gaz_m20_wheel (ID 1674)
Use https://github.com/lava76/check_expansion_market_variants/releases to fix


------------------------------------
DESKTOP-ABTUUDS, 2025-09-06 11:57:12

MARKET CONFIGURATION ERROR: Item gaz_m20_wheel (ID 1722) in category Vehicle_Parts (ID 62) was already added in category Vehicle_Parts (ID 62) as gaz_m20_wheel (ID 1674)
Use https://github.com/lava76/check_expansion_market_variants/releases to fix


------------------------------------
DESKTOP-ABTUUDS, 2025-09-06 11:57:12

MARKET CONFIGURATION ERROR: Item gaz_m20_wheel (ID 1723) in category Vehicle_Parts (ID 62) was already added in category Vehicle_Parts (ID 62) as gaz_m20_wheel (ID 1674)
Use https://github.com/lava76/check_expansion_market_variants/releases to fix


------------------------------------
DESKTOP-ABTUUDS, 2025-09-06 11:57:12

MARKET CONFIGURATION ERROR: Item gaz_m20_wheel (ID 1724) in category Vehicle_Parts (ID 62) was already added in category Vehicle_Parts (ID 62) as gaz_m20_wheel (ID 1674)
Use https://github.com/lava76/check_expansion_market_variants/releases to fix


------------------------------------
DESKTOP-ABTUUDS, 2025-09-06 11:57:12

MARKET CONFIGURATION ERROR: Item gaz_m20_wheel (ID 1725) in category Vehicle_Parts (ID 62) was already added in category Vehicle_Parts (ID 62) as gaz_m20_wheel (ID 1674)
Use https://github.com/lava76/check_expansion_market_variants/releases to fix


------------------------------------
DESKTOP-ABTUUDS, 2025-09-06 11:57:12

MARKET CONFIGURATION ERROR: Item gaz_m20_wheel (ID 1732) in category Vehicle_Parts (ID 62) was already added in category Vehicle_Parts (ID 62) as gaz_m20_wheel (ID 1674)
Use https://github.com/lava76/check_expansion_market_variants/releases to fix


------------------------------------
DESKTOP-ABTUUDS, 2025-09-06 11:57:12

MARKET CONFIGURATION ERROR: Item gaz_m20_wheel (ID 1733) in category Vehicle_Parts (ID 62) was already added in category Vehicle_Parts (ID 62) as gaz_m20_wheel (ID 1674)
Use https://github.com/lava76/check_expansion_market_variants/releases to fix


------------------------------------
DESKTOP-ABTUUDS, 2025-09-06 11:57:12

MARKET CONFIGURATION ERROR: Item gaz_m20_wheel (ID 1734) in category Vehicle_Parts (ID 62) was already added in category Vehicle_Parts (ID 62) as gaz_m20_wheel (ID 1674)
Use https://github.com/lava76/check_expansion_market_variants/releases to fix


------------------------------------
DESKTOP-ABTUUDS, 2025-09-06 11:57:12

MARKET CONFIGURATION ERROR: Item gaz_m20_wheel (ID 1735) in category Vehicle_Parts (ID 62) was already added in category Vehicle_Parts (ID 62) as gaz_m20_wheel (ID 1674)
Use https://github.com/lava76/check_expansion_market_variants/releases to fix


------------------------------------
DESKTOP-ABTUUDS, 2025-09-06 11:57:12

MARKET CONFIGURATION ERROR: Item ij_2125_kombi_wheel (ID 1737) in category Vehicle_Parts (ID 62) was already added in category Vehicle_Parts (ID 62) as ij_2125_kombi_wheel (ID 1736)
Use https://github.com/lava76/check_expansion_market_variants/releases to fix


------------------------------------
DESKTOP-ABTUUDS, 2025-09-06 11:57:12

MARKET CONFIGURATION ERROR: Item ij_2125_kombi_wheel (ID 1738) in category Vehicle_Parts (ID 62) was already added in category Vehicle_Parts (ID 62) as ij_2125_kombi_wheel (ID 1736)
Use https://github.com/lava76/check_expansion_market_variants/releases to fix


------------------------------------
DESKTOP-ABTUUDS, 2025-09-06 11:57:12

MARKET CONFIGURATION ERROR: Item ij_2125_kombi_wheel (ID 1739) in category Vehicle_Parts (ID 62) was already added in category Vehicle_Parts (ID 62) as ij_2125_kombi_wheel (ID 1736)
Use https://github.com/lava76/check_expansion_market_variants/releases to fix


------------------------------------
DESKTOP-ABTUUDS, 2025-09-06 11:57:12

MARKET CONFIGURATION ERROR: Item ij_2125_kombi_wheel (ID 1752) in category Vehicle_Parts (ID 62) was already added in category Vehicle_Parts (ID 62) as ij_2125_kombi_wheel (ID 1736)
Use https://github.com/lava76/check_expansion_market_variants/releases to fix


------------------------------------
DESKTOP-ABTUUDS, 2025-09-06 11:57:12

MARKET CONFIGURATION ERROR: Item ij_2125_kombi_wheel (ID 1753) in category Vehicle_Parts (ID 62) was already added in category Vehicle_Parts (ID 62) as ij_2125_kombi_wheel (ID 1736)
Use https://github.com/lava76/check_expansion_market_variants/releases to fix


------------------------------------
DESKTOP-ABTUUDS, 2025-09-06 11:57:12

MARKET CONFIGURATION ERROR: Item ij_2125_kombi_wheel (ID 1754) in category Vehicle_Parts (ID 62) was already added in category Vehicle_Parts (ID 62) as ij_2125_kombi_wheel (ID 1736)
Use https://github.com/lava76/check_expansion_market_variants/releases to fix


------------------------------------
DESKTOP-ABTUUDS, 2025-09-06 11:57:12

MARKET CONFIGURATION ERROR: Item ij_2125_kombi_wheel (ID 1755) in category Vehicle_Parts (ID 62) was already added in category Vehicle_Parts (ID 62) as ij_2125_kombi_wheel (ID 1736)
Use https://github.com/lava76/check_expansion_market_variants/releases to fix


------------------------------------
DESKTOP-ABTUUDS, 2025-09-06 11:57:12

MARKET CONFIGURATION ERROR: Item ij_2125_kombi_wheel (ID 1762) in category Vehicle_Parts (ID 62) was already added in category Vehicle_Parts (ID 62) as ij_2125_kombi_wheel (ID 1736)
Use https://github.com/lava76/check_expansion_market_variants/releases to fix


------------------------------------
DESKTOP-ABTUUDS, 2025-09-06 11:57:12

MARKET CONFIGURATION ERROR: Item ij_2125_kombi_wheel (ID 1763) in category Vehicle_Parts (ID 62) was already added in category Vehicle_Parts (ID 62) as ij_2125_kombi_wheel (ID 1736)
Use https://github.com/lava76/check_expansion_market_variants/releases to fix


------------------------------------
DESKTOP-ABTUUDS, 2025-09-06 11:57:12

MARKET CONFIGURATION ERROR: Item ij_2125_kombi_wheel (ID 1764) in category Vehicle_Parts (ID 62) was already added in category Vehicle_Parts (ID 62) as ij_2125_kombi_wheel (ID 1736)
Use https://github.com/lava76/check_expansion_market_variants/releases to fix


------------------------------------
DESKTOP-ABTUUDS, 2025-09-06 11:57:12

MARKET CONFIGURATION ERROR: Item ij_2125_kombi_wheel (ID 1765) in category Vehicle_Parts (ID 62) was already added in category Vehicle_Parts (ID 62) as ij_2125_kombi_wheel (ID 1736)
Use https://github.com/lava76/check_expansion_market_variants/releases to fix


------------------------------------
DESKTOP-ABTUUDS, 2025-09-06 11:57:12

MARKET CONFIGURATION ERROR: Item ij_2125_kombi_wheel (ID 1772) in category Vehicle_Parts (ID 62) was already added in category Vehicle_Parts (ID 62) as ij_2125_kombi_wheel (ID 1736)
Use https://github.com/lava76/check_expansion_market_variants/releases to fix


------------------------------------
DESKTOP-ABTUUDS, 2025-09-06 11:57:12

MARKET CONFIGURATION ERROR: Item ij_2125_kombi_wheel (ID 1773) in category Vehicle_Parts (ID 62) was already added in category Vehicle_Parts (ID 62) as ij_2125_kombi_wheel (ID 1736)
Use https://github.com/lava76/check_expansion_market_variants/releases to fix


------------------------------------
DESKTOP-ABTUUDS, 2025-09-06 11:57:12

MARKET CONFIGURATION ERROR: Item ij_2125_kombi_wheel (ID 1774) in category Vehicle_Parts (ID 62) was already added in category Vehicle_Parts (ID 62) as ij_2125_kombi_wheel (ID 1736)
Use https://github.com/lava76/check_expansion_market_variants/releases to fix


------------------------------------
DESKTOP-ABTUUDS, 2025-09-06 11:57:12

MARKET CONFIGURATION ERROR: Item ij_2125_kombi_wheel (ID 1775) in category Vehicle_Parts (ID 62) was already added in category Vehicle_Parts (ID 62) as ij_2125_kombi_wheel (ID 1736)
Use https://github.com/lava76/check_expansion_market_variants/releases to fix


------------------------------------
DESKTOP-ABTUUDS, 2025-09-06 11:57:12

MARKET CONFIGURATION ERROR: Item ij_2125_kombi_wheel (ID 1782) in category Vehicle_Parts (ID 62) was already added in category Vehicle_Parts (ID 62) as ij_2125_kombi_wheel (ID 1736)
Use https://github.com/lava76/check_expansion_market_variants/releases to fix


------------------------------------
DESKTOP-ABTUUDS, 2025-09-06 11:57:12

MARKET CONFIGURATION ERROR: Item ij_2125_kombi_wheel (ID 1783) in category Vehicle_Parts (ID 62) was already added in category Vehicle_Parts (ID 62) as ij_2125_kombi_wheel (ID 1736)
Use https://github.com/lava76/check_expansion_market_variants/releases to fix


------------------------------------
DESKTOP-ABTUUDS, 2025-09-06 11:57:12

MARKET CONFIGURATION ERROR: Item ij_2125_kombi_wheel (ID 1784) in category Vehicle_Parts (ID 62) was already added in category Vehicle_Parts (ID 62) as ij_2125_kombi_wheel (ID 1736)
Use https://github.com/lava76/check_expansion_market_variants/releases to fix


------------------------------------
DESKTOP-ABTUUDS, 2025-09-06 11:57:12

MARKET CONFIGURATION ERROR: Item ij_2125_kombi_wheel (ID 1785) in category Vehicle_Parts (ID 62) was already added in category Vehicle_Parts (ID 62) as ij_2125_kombi_wheel (ID 1736)
Use https://github.com/lava76/check_expansion_market_variants/releases to fix


------------------------------------
DESKTOP-ABTUUDS, 2025-09-06 11:57:12

MARKET CONFIGURATION ERROR: Item uaz_27722_mchs_wheel (ID 1787) in category Vehicle_Parts (ID 62) was already added in category Vehicle_Parts (ID 62) as uaz_27722_mchs_wheel (ID 1786)
Use https://github.com/lava76/check_expansion_market_variants/releases to fix


------------------------------------
DESKTOP-ABTUUDS, 2025-09-06 11:57:12

MARKET CONFIGURATION ERROR: Item uaz_27722_mchs_wheel (ID 1788) in category Vehicle_Parts (ID 62) was already added in category Vehicle_Parts (ID 62) as uaz_27722_mchs_wheel (ID 1786)
Use https://github.com/lava76/check_expansion_market_variants/releases to fix


------------------------------------
DESKTOP-ABTUUDS, 2025-09-06 11:57:12

MARKET CONFIGURATION ERROR: Item uaz_27722_mchs_wheel (ID 1789) in category Vehicle_Parts (ID 62) was already added in category Vehicle_Parts (ID 62) as uaz_27722_mchs_wheel (ID 1786)
Use https://github.com/lava76/check_expansion_market_variants/releases to fix


------------------------------------
DESKTOP-ABTUUDS, 2025-09-06 11:57:12

MARKET CONFIGURATION ERROR: Item uaz_27722_mchs_wheel (ID 1790) in category Vehicle_Parts (ID 62) was already added in category Vehicle_Parts (ID 62) as uaz_27722_mchs_wheel (ID 1786)
Use https://github.com/lava76/check_expansion_market_variants/releases to fix


------------------------------------
DESKTOP-ABTUUDS, 2025-09-06 11:57:12

MARKET CONFIGURATION ERROR: Item mercedes_g4_w31_wheel (ID 1798) in category Vehicle_Parts (ID 62) was already added in category Vehicle_Parts (ID 62) as mercedes_g4_w31_wheel (ID 1797)
Use https://github.com/lava76/check_expansion_market_variants/releases to fix


------------------------------------
DESKTOP-ABTUUDS, 2025-09-06 11:57:12

MARKET CONFIGURATION ERROR: Item mercedes_g4_w31_wheel (ID 1799) in category Vehicle_Parts (ID 62) was already added in category Vehicle_Parts (ID 62) as mercedes_g4_w31_wheel (ID 1797)
Use https://github.com/lava76/check_expansion_market_variants/releases to fix


------------------------------------
DESKTOP-ABTUUDS, 2025-09-06 11:57:12

MARKET CONFIGURATION ERROR: Item mercedes_g4_w31_wheel (ID 1800) in category Vehicle_Parts (ID 62) was already added in category Vehicle_Parts (ID 62) as mercedes_g4_w31_wheel (ID 1797)
Use https://github.com/lava76/check_expansion_market_variants/releases to fix


------------------------------------
DESKTOP-ABTUUDS, 2025-09-06 11:57:12

MARKET CONFIGURATION ERROR: Item mercedes_g4_w31_wheel (ID 1801) in category Vehicle_Parts (ID 62) was already added in category Vehicle_Parts (ID 62) as mercedes_g4_w31_wheel (ID 1797)
Use https://github.com/lava76/check_expansion_market_variants/releases to fix


------------------------------------
DESKTOP-ABTUUDS, 2025-09-06 11:57:12

MARKET CONFIGURATION ERROR: Item mercedes_g4_w31_wheel (ID 1802) in category Vehicle_Parts (ID 62) was already added in category Vehicle_Parts (ID 62) as mercedes_g4_w31_wheel (ID 1797)
Use https://github.com/lava76/check_expansion_market_variants/releases to fix


------------------------------------
DESKTOP-ABTUUDS, 2025-09-06 11:57:12

MARKET CONFIGURATION ERROR: Item mercedes_g4_w31_wheel (ID 1803) in category Vehicle_Parts (ID 62) was already added in category Vehicle_Parts (ID 62) as mercedes_g4_w31_wheel (ID 1797)
Use https://github.com/lava76/check_expansion_market_variants/releases to fix


------------------------------------
DESKTOP-ABTUUDS, 2025-09-06 11:57:12

MARKET CONFIGURATION ERROR: Item uaz_31519_police_wheel (ID 1811) in category Vehicle_Parts (ID 62) was already added in category Vehicle_Parts (ID 62) as uaz_31519_police_wheel (ID 1810)
Use https://github.com/lava76/check_expansion_market_variants/releases to fix


------------------------------------
DESKTOP-ABTUUDS, 2025-09-06 11:57:12

MARKET CONFIGURATION ERROR: Item uaz_31519_police_wheel (ID 1812) in category Vehicle_Parts (ID 62) was already added in category Vehicle_Parts (ID 62) as uaz_31519_police_wheel (ID 1810)
Use https://github.com/lava76/check_expansion_market_variants/releases to fix


------------------------------------
DESKTOP-ABTUUDS, 2025-09-06 11:57:12

MARKET CONFIGURATION ERROR: Item uaz_31519_police_wheel (ID 1813) in category Vehicle_Parts (ID 62) was already added in category Vehicle_Parts (ID 62) as uaz_31519_police_wheel (ID 1810)
Use https://github.com/lava76/check_expansion_market_variants/releases to fix


------------------------------------
DESKTOP-ABTUUDS, 2025-09-06 11:57:12

MARKET CONFIGURATION ERROR: Item uaz_31519_police_wheel (ID 1814) in category Vehicle_Parts (ID 62) was already added in category Vehicle_Parts (ID 62) as uaz_31519_police_wheel (ID 1810)
Use https://github.com/lava76/check_expansion_market_variants/releases to fix


------------------------------------
DESKTOP-ABTUUDS, 2025-09-06 11:57:12

MARKET CONFIGURATION ERROR: Item gaz_33081_wheel (ID 1822) in category Vehicle_Parts (ID 62) was already added in category Vehicle_Parts (ID 62) as gaz_33081_wheel (ID 1821)
Use https://github.com/lava76/check_expansion_market_variants/releases to fix


------------------------------------
DESKTOP-ABTUUDS, 2025-09-06 11:57:12

MARKET CONFIGURATION ERROR: Item gaz_33081_wheel (ID 1823) in category Vehicle_Parts (ID 62) was already added in category Vehicle_Parts (ID 62) as gaz_33081_wheel (ID 1821)
Use https://github.com/lava76/check_expansion_market_variants/releases to fix


------------------------------------
DESKTOP-ABTUUDS, 2025-09-06 11:57:12

MARKET CONFIGURATION ERROR: Item gaz_33081_wheel (ID 1824) in category Vehicle_Parts (ID 62) was already added in category Vehicle_Parts (ID 62) as gaz_33081_wheel (ID 1821)
Use https://github.com/lava76/check_expansion_market_variants/releases to fix


------------------------------------
DESKTOP-ABTUUDS, 2025-09-06 11:57:12

MARKET CONFIGURATION ERROR: Item niva2329_wheel (ID 1830) in category Vehicle_Parts (ID 62) was already added in category Vehicle_Parts (ID 62) as niva2329_wheel (ID 1829)
Use https://github.com/lava76/check_expansion_market_variants/releases to fix


------------------------------------
DESKTOP-ABTUUDS, 2025-09-06 11:57:12

MARKET CONFIGURATION ERROR: Item niva2329_wheel (ID 1831) in category Vehicle_Parts (ID 62) was already added in category Vehicle_Parts (ID 62) as niva2329_wheel (ID 1829)
Use https://github.com/lava76/check_expansion_market_variants/releases to fix


------------------------------------
DESKTOP-ABTUUDS, 2025-09-06 11:57:12

MARKET CONFIGURATION ERROR: Item niva2329_wheel (ID 1832) in category Vehicle_Parts (ID 62) was already added in category Vehicle_Parts (ID 62) as niva2329_wheel (ID 1829)
Use https://github.com/lava76/check_expansion_market_variants/releases to fix


------------------------------------
DESKTOP-ABTUUDS, 2025-09-06 11:57:12

MARKET CONFIGURATION ERROR: Item niva2329_wheel (ID 1833) in category Vehicle_Parts (ID 62) was already added in category Vehicle_Parts (ID 62) as niva2329_wheel (ID 1829)
Use https://github.com/lava76/check_expansion_market_variants/releases to fix


------------------------------------
DESKTOP-ABTUUDS, 2025-09-06 11:57:12

MARKET CONFIGURATION ERROR: Item niva2329_wheel (ID 1838) in category Vehicle_Parts (ID 62) was already added in category Vehicle_Parts (ID 62) as niva2329_wheel (ID 1829)
Use https://github.com/lava76/check_expansion_market_variants/releases to fix


------------------------------------
DESKTOP-ABTUUDS, 2025-09-06 11:57:12

MARKET CONFIGURATION ERROR: Item niva2329_wheel (ID 1839) in category Vehicle_Parts (ID 62) was already added in category Vehicle_Parts (ID 62) as niva2329_wheel (ID 1829)
Use https://github.com/lava76/check_expansion_market_variants/releases to fix


------------------------------------
DESKTOP-ABTUUDS, 2025-09-06 11:57:12

MARKET CONFIGURATION ERROR: Item niva2329_wheel (ID 1840) in category Vehicle_Parts (ID 62) was already added in category Vehicle_Parts (ID 62) as niva2329_wheel (ID 1829)
Use https://github.com/lava76/check_expansion_market_variants/releases to fix


------------------------------------
DESKTOP-ABTUUDS, 2025-09-06 11:57:12

MARKET CONFIGURATION ERROR: Item niva2329_wheel (ID 1841) in category Vehicle_Parts (ID 62) was already added in category Vehicle_Parts (ID 62) as niva2329_wheel (ID 1829)
Use https://github.com/lava76/check_expansion_market_variants/releases to fix


------------------------------------
DESKTOP-ABTUUDS, 2025-09-06 11:57:12

MARKET CONFIGURATION ERROR: Item niva2329_wheel (ID 1842) in category Vehicle_Parts (ID 62) was already added in category Vehicle_Parts (ID 62) as niva2329_wheel (ID 1829)
Use https://github.com/lava76/check_expansion_market_variants/releases to fix


------------------------------------
DESKTOP-ABTUUDS, 2025-09-06 11:57:12

MARKET CONFIGURATION ERROR: Item uaz_3163_wheel (ID 1854) in category Vehicle_Parts (ID 62) was already added in category Vehicle_Parts (ID 62) as uaz_3163_wheel (ID 1853)
Use https://github.com/lava76/check_expansion_market_variants/releases to fix


------------------------------------
DESKTOP-ABTUUDS, 2025-09-06 11:57:12

MARKET CONFIGURATION ERROR: Item uaz_3163_wheel (ID 1855) in category Vehicle_Parts (ID 62) was already added in category Vehicle_Parts (ID 62) as uaz_3163_wheel (ID 1853)
Use https://github.com/lava76/check_expansion_market_variants/releases to fix


------------------------------------
DESKTOP-ABTUUDS, 2025-09-06 11:57:12

MARKET CONFIGURATION ERROR: Item uaz_3163_wheel (ID 1856) in category Vehicle_Parts (ID 62) was already added in category Vehicle_Parts (ID 62) as uaz_3163_wheel (ID 1853)
Use https://github.com/lava76/check_expansion_market_variants/releases to fix


------------------------------------
DESKTOP-ABTUUDS, 2025-09-06 11:57:12

MARKET CONFIGURATION ERROR: Item aec_matador_wheel (ID 1858) in category Vehicle_Parts (ID 62) was already added in category Vehicle_Parts (ID 62) as aec_matador_wheel (ID 1857)
Use https://github.com/lava76/check_expansion_market_variants/releases to fix


------------------------------------
DESKTOP-ABTUUDS, 2025-09-06 11:57:12

MARKET CONFIGURATION ERROR: Item aec_matador_wheel (ID 1859) in category Vehicle_Parts (ID 62) was already added in category Vehicle_Parts (ID 62) as aec_matador_wheel (ID 1857)
Use https://github.com/lava76/check_expansion_market_variants/releases to fix


------------------------------------
DESKTOP-ABTUUDS, 2025-09-06 11:57:12

MARKET CONFIGURATION ERROR: Item aec_matador_wheel (ID 1860) in category Vehicle_Parts (ID 62) was already added in category Vehicle_Parts (ID 62) as aec_matador_wheel (ID 1857)
Use https://github.com/lava76/check_expansion_market_variants/releases to fix


------------------------------------
DESKTOP-ABTUUDS, 2025-09-06 11:57:12

MARKET CONFIGURATION ERROR: Item zis5_benzovoz_wheel (ID 1865) in category Vehicle_Parts (ID 62) was already added in category Vehicle_Parts (ID 62) as zis5_benzovoz_wheel (ID 1864)
Use https://github.com/lava76/check_expansion_market_variants/releases to fix


------------------------------------
DESKTOP-ABTUUDS, 2025-09-06 11:57:12

MARKET CONFIGURATION ERROR: Item zis5_benzovoz_wheel (ID 1866) in category Vehicle_Parts (ID 62) was already added in category Vehicle_Parts (ID 62) as zis5_benzovoz_wheel (ID 1864)
Use https://github.com/lava76/check_expansion_market_variants/releases to fix


------------------------------------
DESKTOP-ABTUUDS, 2025-09-06 11:57:12

MARKET CONFIGURATION ERROR: Item zis5_benzovoz_wheeldouble (ID 1868) in category Vehicle_Parts (ID 62) was already added in category Vehicle_Parts (ID 62) as zis5_benzovoz_wheeldouble (ID 1867)
Use https://github.com/lava76/check_expansion_market_variants/releases to fix


------------------------------------
DESKTOP-ABTUUDS, 2025-09-06 11:57:12

MARKET CONFIGURATION ERROR: Item m3a1_scout_car_wheel (ID 1872) in category Vehicle_Parts (ID 62) was already added in category Vehicle_Parts (ID 62) as m3a1_scout_car_wheel (ID 1871)
Use https://github.com/lava76/check_expansion_market_variants/releases to fix


------------------------------------
DESKTOP-ABTUUDS, 2025-09-06 11:57:12

MARKET CONFIGURATION ERROR: Item m3a1_scout_car_wheel (ID 1873) in category Vehicle_Parts (ID 62) was already added in category Vehicle_Parts (ID 62) as m3a1_scout_car_wheel (ID 1871)
Use https://github.com/lava76/check_expansion_market_variants/releases to fix


------------------------------------
DESKTOP-ABTUUDS, 2025-09-06 11:57:12

MARKET CONFIGURATION ERROR: Item m3a1_scout_car_wheel (ID 1874) in category Vehicle_Parts (ID 62) was already added in category Vehicle_Parts (ID 62) as m3a1_scout_car_wheel (ID 1871)
Use https://github.com/lava76/check_expansion_market_variants/releases to fix


------------------------------------
DESKTOP-ABTUUDS, 2025-09-06 11:57:12

MARKET CONFIGURATION ERROR: Item zaz_968m_wheel (ID 1879) in category Vehicle_Parts (ID 62) was already added in category Vehicle_Parts (ID 62) as zaz_968m_wheel (ID 1878)
Use https://github.com/lava76/check_expansion_market_variants/releases to fix


------------------------------------
DESKTOP-ABTUUDS, 2025-09-06 11:57:12

MARKET CONFIGURATION ERROR: Item zaz_968m_wheel (ID 1880) in category Vehicle_Parts (ID 62) was already added in category Vehicle_Parts (ID 62) as zaz_968m_wheel (ID 1878)
Use https://github.com/lava76/check_expansion_market_variants/releases to fix


------------------------------------
DESKTOP-ABTUUDS, 2025-09-06 11:57:12

MARKET CONFIGURATION ERROR: Item zaz_968m_wheel (ID 1881) in category Vehicle_Parts (ID 62) was already added in category Vehicle_Parts (ID 62) as zaz_968m_wheel (ID 1878)
Use https://github.com/lava76/check_expansion_market_variants/releases to fix


------------------------------------
DESKTOP-ABTUUDS, 2025-09-06 11:57:12

MARKET CONFIGURATION ERROR: Item zaz_968m_wheel (ID 1882) in category Vehicle_Parts (ID 62) was already added in category Vehicle_Parts (ID 62) as zaz_968m_wheel (ID 1878)
Use https://github.com/lava76/check_expansion_market_variants/releases to fix


------------------------------------
DESKTOP-ABTUUDS, 2025-09-06 11:57:12

MARKET CONFIGURATION ERROR: Item zaz_968m_wheel (ID 1885) in category Vehicle_Parts (ID 62) was already added in category Vehicle_Parts (ID 62) as zaz_968m_wheel (ID 1878)
Use https://github.com/lava76/check_expansion_market_variants/releases to fix


------------------------------------
DESKTOP-ABTUUDS, 2025-09-06 11:57:12

MARKET CONFIGURATION ERROR: Item zaz_968m_wheel (ID 1886) in category Vehicle_Parts (ID 62) was already added in category Vehicle_Parts (ID 62) as zaz_968m_wheel (ID 1878)
Use https://github.com/lava76/check_expansion_market_variants/releases to fix


------------------------------------
DESKTOP-ABTUUDS, 2025-09-06 11:57:12

MARKET CONFIGURATION ERROR: Item zaz_968m_wheel (ID 1887) in category Vehicle_Parts (ID 62) was already added in category Vehicle_Parts (ID 62) as zaz_968m_wheel (ID 1878)
Use https://github.com/lava76/check_expansion_market_variants/releases to fix


------------------------------------
DESKTOP-ABTUUDS, 2025-09-06 11:57:12

MARKET CONFIGURATION ERROR: Item zaz_968m_wheel (ID 1888) in category Vehicle_Parts (ID 62) was already added in category Vehicle_Parts (ID 62) as zaz_968m_wheel (ID 1878)
Use https://github.com/lava76/check_expansion_market_variants/releases to fix


------------------------------------
DESKTOP-ABTUUDS, 2025-09-06 11:57:12

MARKET CONFIGURATION ERROR: Item zaz_968m_wheel (ID 1889) in category Vehicle_Parts (ID 62) was already added in category Vehicle_Parts (ID 62) as zaz_968m_wheel (ID 1878)
Use https://github.com/lava76/check_expansion_market_variants/releases to fix


------------------------------------
DESKTOP-ABTUUDS, 2025-09-06 11:57:12

MARKET CONFIGURATION ERROR: Item uaz_469_milicia_wheel (ID 1893) in category Vehicle_Parts (ID 62) was already added in category Vehicle_Parts (ID 62) as uaz_469_milicia_wheel (ID 1892)
Use https://github.com/lava76/check_expansion_market_variants/releases to fix


------------------------------------
DESKTOP-ABTUUDS, 2025-09-06 11:57:12

MARKET CONFIGURATION ERROR: Item uaz_469_milicia_wheel (ID 1894) in category Vehicle_Parts (ID 62) was already added in category Vehicle_Parts (ID 62) as uaz_469_milicia_wheel (ID 1892)
Use https://github.com/lava76/check_expansion_market_variants/releases to fix


------------------------------------
DESKTOP-ABTUUDS, 2025-09-06 11:57:12

MARKET CONFIGURATION ERROR: Item uaz_469_milicia_wheel (ID 1895) in category Vehicle_Parts (ID 62) was already added in category Vehicle_Parts (ID 62) as uaz_469_milicia_wheel (ID 1892)
Use https://github.com/lava76/check_expansion_market_variants/releases to fix


------------------------------------
DESKTOP-ABTUUDS, 2025-09-06 11:57:12

MARKET CONFIGURATION ERROR: Item uaz_469_milicia_wheel (ID 1896) in category Vehicle_Parts (ID 62) was already added in category Vehicle_Parts (ID 62) as uaz_469_milicia_wheel (ID 1892)
Use https://github.com/lava76/check_expansion_market_variants/releases to fix


------------------------------------
DESKTOP-ABTUUDS, 2025-09-06 11:57:12

MARKET CONFIGURATION ERROR: Item gaz_51_wheel (ID 1904) in category Vehicle_Parts (ID 62) was already added in category Vehicle_Parts (ID 62) as gaz_51_wheel (ID 1903)
Use https://github.com/lava76/check_expansion_market_variants/releases to fix


------------------------------------
DESKTOP-ABTUUDS, 2025-09-06 11:57:12

MARKET CONFIGURATION ERROR: Item gaz_51_wheel (ID 1905) in category Vehicle_Parts (ID 62) was already added in category Vehicle_Parts (ID 62) as gaz_51_wheel (ID 1903)
Use https://github.com/lava76/check_expansion_market_variants/releases to fix


------------------------------------
DESKTOP-ABTUUDS, 2025-09-06 11:57:12

MARKET CONFIGURATION ERROR: Item gaz_51_wheel (ID 1906) in category Vehicle_Parts (ID 62) was already added in category Vehicle_Parts (ID 62) as gaz_51_wheel (ID 1903)
Use https://github.com/lava76/check_expansion_market_variants/releases to fix


------------------------------------
DESKTOP-ABTUUDS, 2025-09-06 11:57:12

MARKET CONFIGURATION ERROR: Item gaz_51_wheeldouble (ID 1908) in category Vehicle_Parts (ID 62) was already added in category Vehicle_Parts (ID 62) as gaz_51_wheeldouble (ID 1907)
Use https://github.com/lava76/check_expansion_market_variants/releases to fix


------------------------------------
DESKTOP-ABTUUDS, 2025-09-06 11:57:12

MARKET CONFIGURATION ERROR: Item ural_375_1964_wheel (ID 1912) in category Vehicle_Parts (ID 62) was already added in category Vehicle_Parts (ID 62) as ural_375_1964_wheel (ID 1911)
Use https://github.com/lava76/check_expansion_market_variants/releases to fix


------------------------------------
DESKTOP-ABTUUDS, 2025-09-06 11:57:12

MARKET CONFIGURATION ERROR: Item ural_375_1964_wheel (ID 1913) in category Vehicle_Parts (ID 62) was already added in category Vehicle_Parts (ID 62) as ural_375_1964_wheel (ID 1911)
Use https://github.com/lava76/check_expansion_market_variants/releases to fix


------------------------------------
DESKTOP-ABTUUDS, 2025-09-06 11:57:12

MARKET CONFIGURATION ERROR: Item ural_375_1964_wheel (ID 1914) in category Vehicle_Parts (ID 62) was already added in category Vehicle_Parts (ID 62) as ural_375_1964_wheel (ID 1911)
Use https://github.com/lava76/check_expansion_market_variants/releases to fix


------------------------------------
DESKTOP-ABTUUDS, 2025-09-06 11:57:12

MARKET CONFIGURATION ERROR: Item ural_375_1964_wheel (ID 1915) in category Vehicle_Parts (ID 62) was already added in category Vehicle_Parts (ID 62) as ural_375_1964_wheel (ID 1911)
Use https://github.com/lava76/check_expansion_market_variants/releases to fix


------------------------------------
DESKTOP-ABTUUDS, 2025-09-06 11:57:12

MARKET CONFIGURATION ERROR: Item ural_375_1964_wheel (ID 1916) in category Vehicle_Parts (ID 62) was already added in category Vehicle_Parts (ID 62) as ural_375_1964_wheel (ID 1911)
Use https://github.com/lava76/check_expansion_market_variants/releases to fix


------------------------------------
DESKTOP-ABTUUDS, 2025-09-06 11:57:12

MARKET CONFIGURATION ERROR: Item ural_375_1964_wheel (ID 1917) in category Vehicle_Parts (ID 62) was already added in category Vehicle_Parts (ID 62) as ural_375_1964_wheel (ID 1911)
Use https://github.com/lava76/check_expansion_market_variants/releases to fix


------------------------------------
DESKTOP-ABTUUDS, 2025-09-06 11:57:12

MARKET CONFIGURATION ERROR: Item ural_375_1964_wheel (ID 1918) in category Vehicle_Parts (ID 62) was already added in category Vehicle_Parts (ID 62) as ural_375_1964_wheel (ID 1911)
Use https://github.com/lava76/check_expansion_market_variants/releases to fix


------------------------------------
DESKTOP-ABTUUDS, 2025-09-06 11:57:12

MARKET CONFIGURATION ERROR: Can't add nvgoggles to trader Components - item does not exist in market
Use https://github.com/lava76/check_expansion_market_variants/releases to fix


------------------------------------
DESKTOP-ABTUUDS, 2025-09-06 11:57:12

MARKET CONFIGURATION ERROR: Can't add nvgoggles to trader Special - item does not exist in market
Use https://github.com/lava76/check_expansion_market_variants/releases to fix


------------------------------------
DESKTOP-ABTUUDS, 2025-09-06 11:57:12

TRADER CONFIGURATION ERROR: Category Spraycans in Spraycans does not exist!


------------------------------------
DESKTOP-ABTUUDS, 2025-09-06 11:57:12

TRADER CONFIGURATION ERROR: Category Launchers in Weapons does not exist!
