---------------------------------------------
Log info_2025-08-29_11-18-59.log started at 2025-08-29 11:35:56



------------------------------------
DESKTOP-ABTUUDS, 2025-08-29 11:35:56

[wpnfsm] ValidateAndRepair Attempting to repair: PM73Rak:17625 (owner eAI_SurvivorM_Cyril<bc081920>) - MagazineRepair - OB_CLO_MA0<ecb72af0> - state: 0 != weapon: 1
Class:      'WeaponFSM'

Function: 'ValidateAndRepairHelper'
Stack trace:
DayZExpansion/Core/Scripts/4_World/dayzexpansion_core\entities\firearms\weaponfsm.c:30
scripts/4_World/entities\firearms\weaponfsm.c:477
scripts/4_World/entities\firearms\weaponfsm.c:455
scripts/4_World/entities\firearms\weapon_base.c:1089
scripts/4_World/entities\manbase\playerbase.c:2311
PVEZ/4_World/entities\manbase\playerbase.c:19
scripts/3_Game/dayzgame.c:2919
JM/CF/Scripts/3_Game/communityframework\game\dayzgame.c:46
VPPAdminTools/3_Game/vppadmintools\vanillaplusplus.c:213
DayZExpansion/Core/Scripts/3_Game/dayzexpansion_core\dayzgame.c:268


------------------------------------
DESKTOP-ABTUUDS, 2025-08-29 11:35:56

[wpnfsm] ValidateAndRepair Attempting to repair: PM73Rak:17625 (owner eAI_SurvivorM_Cyril<bc081920>) - ChamberRepair - OB_CLO_MA1<ecb72c70> - state: 0 != weapon: 1
Class:      'WeaponFSM'

Function: 'ValidateAndRepairHelper'
Stack trace:
DayZExpansion/Core/Scripts/4_World/dayzexpansion_core\entities\firearms\weaponfsm.c:30
scripts/4_World/entities\firearms\weaponfsm.c:503
scripts/4_World/entities\firearms\weaponfsm.c:455
scripts/4_World/entities\firearms\weapon_base.c:1089
scripts/4_World/entities\manbase\playerbase.c:2311
PVEZ/4_World/entities\manbase\playerbase.c:19
scripts/3_Game/dayzgame.c:2919
JM/CF/Scripts/3_Game/communityframework\game\dayzgame.c:46
VPPAdminTools/3_Game/vppadmintools\vanillaplusplus.c:213
DayZExpansion/Core/Scripts/3_Game/dayzexpansion_core\dayzgame.c:268


------------------------------------
DESKTOP-ABTUUDS, 2025-08-29 11:44:09

[wpnfsm] ValidateAndRepair Attempting to repair: PM73Rak:6187 (owner eAI_SurvivorM_Hassan<2247020>) - MagazineRepair - OB_CLO_MA0<1fefa00> - state: 0 != weapon: 1
Class:      'WeaponFSM'

Function: 'ValidateAndRepairHelper'
Stack trace:
DayZExpansion/Core/Scripts/4_World/dayzexpansion_core\entities\firearms\weaponfsm.c:30
scripts/4_World/entities\firearms\weaponfsm.c:477
scripts/4_World/entities\firearms\weaponfsm.c:455
scripts/4_World/entities\firearms\weapon_base.c:1089
scripts/4_World/entities\manbase\playerbase.c:2311
PVEZ/4_World/entities\manbase\playerbase.c:19
scripts/3_Game/dayzgame.c:2919
JM/CF/Scripts/3_Game/communityframework\game\dayzgame.c:46
VPPAdminTools/3_Game/vppadmintools\vanillaplusplus.c:213
DayZExpansion/Core/Scripts/3_Game/dayzexpansion_core\dayzgame.c:268


------------------------------------
DESKTOP-ABTUUDS, 2025-08-29 11:44:09

[wpnfsm] ValidateAndRepair Attempting to repair: PM73Rak:6187 (owner eAI_SurvivorM_Hassan<2247020>) - ChamberRepair - OB_CLO_MA1<1fefc40> - state: 0 != weapon: 1
Class:      'WeaponFSM'

Function: 'ValidateAndRepairHelper'
Stack trace:
DayZExpansion/Core/Scripts/4_World/dayzexpansion_core\entities\firearms\weaponfsm.c:30
scripts/4_World/entities\firearms\weaponfsm.c:503
scripts/4_World/entities\firearms\weaponfsm.c:455
scripts/4_World/entities\firearms\weapon_base.c:1089
scripts/4_World/entities\manbase\playerbase.c:2311
PVEZ/4_World/entities\manbase\playerbase.c:19
scripts/3_Game/dayzgame.c:2919
JM/CF/Scripts/3_Game/communityframework\game\dayzgame.c:46
VPPAdminTools/3_Game/vppadmintools\vanillaplusplus.c:213
DayZExpansion/Core/Scripts/3_Game/dayzexpansion_core\dayzgame.c:268


------------------------------------
DESKTOP-ABTUUDS, 2025-08-29 11:45:57

[wpnfsm] ValidateAndRepair Attempting to repair: PM73Rak:18196 (owner eAI_SurvivorF_Judy<29ff300>) - MagazineRepair - OB_CLO_MA0<5123780> - state: 0 != weapon: 1
Class:      'WeaponFSM'

Function: 'ValidateAndRepairHelper'
Stack trace:
DayZExpansion/Core/Scripts/4_World/dayzexpansion_core\entities\firearms\weaponfsm.c:30
scripts/4_World/entities\firearms\weaponfsm.c:477
scripts/4_World/entities\firearms\weaponfsm.c:455
scripts/4_World/entities\firearms\weapon_base.c:1089
scripts/4_World/entities\manbase\playerbase.c:2311
PVEZ/4_World/entities\manbase\playerbase.c:19
scripts/3_Game/dayzgame.c:2919
JM/CF/Scripts/3_Game/communityframework\game\dayzgame.c:46
VPPAdminTools/3_Game/vppadmintools\vanillaplusplus.c:213
DayZExpansion/Core/Scripts/3_Game/dayzexpansion_core\dayzgame.c:268


------------------------------------
DESKTOP-ABTUUDS, 2025-08-29 11:45:57

[wpnfsm] ValidateAndRepair Attempting to repair: PM73Rak:18196 (owner eAI_SurvivorF_Judy<29ff300>) - ChamberRepair - OB_CLO_MA1<51242c0> - state: 0 != weapon: 1
Class:      'WeaponFSM'

Function: 'ValidateAndRepairHelper'
Stack trace:
DayZExpansion/Core/Scripts/4_World/dayzexpansion_core\entities\firearms\weaponfsm.c:30
scripts/4_World/entities\firearms\weaponfsm.c:503
scripts/4_World/entities\firearms\weaponfsm.c:455
scripts/4_World/entities\firearms\weapon_base.c:1089
scripts/4_World/entities\manbase\playerbase.c:2311
PVEZ/4_World/entities\manbase\playerbase.c:19
scripts/3_Game/dayzgame.c:2919
JM/CF/Scripts/3_Game/communityframework\game\dayzgame.c:46
VPPAdminTools/3_Game/vppadmintools\vanillaplusplus.c:213
DayZExpansion/Core/Scripts/3_Game/dayzexpansion_core\dayzgame.c:268


------------------------------------
DESKTOP-ABTUUDS, 2025-08-29 11:46:24

[wpnfsm] ValidateAndRepair Attempting to repair: PM73Rak:18213 (owner eAI_SurvivorF_Helga<244aa010>) - MagazineRepair - OB_CLO_MA0<534f440> - state: 0 != weapon: 1
Class:      'WeaponFSM'

Function: 'ValidateAndRepairHelper'
Stack trace:
DayZExpansion/Core/Scripts/4_World/dayzexpansion_core\entities\firearms\weaponfsm.c:30
scripts/4_World/entities\firearms\weaponfsm.c:477
scripts/4_World/entities\firearms\weaponfsm.c:455
scripts/4_World/entities\firearms\weapon_base.c:1089
scripts/4_World/entities\manbase\playerbase.c:2311
PVEZ/4_World/entities\manbase\playerbase.c:19
scripts/3_Game/dayzgame.c:2919
JM/CF/Scripts/3_Game/communityframework\game\dayzgame.c:46
VPPAdminTools/3_Game/vppadmintools\vanillaplusplus.c:213
DayZExpansion/Core/Scripts/3_Game/dayzexpansion_core\dayzgame.c:268


------------------------------------
DESKTOP-ABTUUDS, 2025-08-29 11:46:24

[wpnfsm] ValidateAndRepair Attempting to repair: PM73Rak:18213 (owner eAI_SurvivorF_Helga<244aa010>) - ChamberRepair - OB_CLO_MA1<534f500> - state: 0 != weapon: 1
Class:      'WeaponFSM'

Function: 'ValidateAndRepairHelper'
Stack trace:
DayZExpansion/Core/Scripts/4_World/dayzexpansion_core\entities\firearms\weaponfsm.c:30
scripts/4_World/entities\firearms\weaponfsm.c:503
scripts/4_World/entities\firearms\weaponfsm.c:455
scripts/4_World/entities\firearms\weapon_base.c:1089
scripts/4_World/entities\manbase\playerbase.c:2311
PVEZ/4_World/entities\manbase\playerbase.c:19
scripts/3_Game/dayzgame.c:2919
JM/CF/Scripts/3_Game/communityframework\game\dayzgame.c:46
VPPAdminTools/3_Game/vppadmintools\vanillaplusplus.c:213
DayZExpansion/Core/Scripts/3_Game/dayzexpansion_core\dayzgame.c:268


------------------------------------
DESKTOP-ABTUUDS, 2025-08-29 11:47:07

[wpnfsm] ValidateAndRepair Attempting to repair: FAL:14772 (owner SurvivorBase<63a8a010>) - ChamberRepair - RBL_CLO_BU1_MA1<32156c0> - state: 1 != weapon: 0
Class:      'WeaponFSM'

Function: 'ValidateAndRepairHelper'
Stack trace:
DayZExpansion/Core/Scripts/4_World/dayzexpansion_core\entities\firearms\weaponfsm.c:30
scripts/4_World/entities\firearms\weaponfsm.c:503
scripts/4_World/entities\firearms\weaponfsm.c:455
scripts/4_World/entities\firearms\weapon_base.c:1089
scripts/4_World/entities\firearms\weapon_base.c:1099
scripts/4_World/entities\itembase.c:1295
PVEZ/4_World/entities\itembase.c:18
scripts/4_World/entities\firearms\weapon_base.c:1173
scripts/3_Game/entities\entityai.c:959
scripts/4_World/entities\itembase.c:1054
InventoryMoveSounds/scripts/4_World/inventorymovesounds\itembase.c:11
MountsAndSights\scripts\4_World/associatedbehaviour\coupling\akol_itembase_moab.c:21
DayZExpansion/Core/Scripts/4_World/dayzexpansion_core\entities\itembase.c:895
scripts/4_World/entities\firearms\weapon_base.c:1132
scripts/3_Game/systems\inventory\hand_actions.c:41
scripts/3_Game/systems\hfsmbase.c:554
scripts/3_Game/systems\hfsmbase.c:591
scripts/3_Game/systems\hfsmbase.c:437
scripts/3_Game/systems\inventory\humaninventorywithfsm.c:99
scripts/4_World/systems\inventory\dayzplayerinventory.c:1277
scripts/4_World/systems\inventory\dayzplayerinventory.c:1661
scripts/4_World/systems\inventory\dayzplayerinventory.c:692


------------------------------------
DESKTOP-ABTUUDS, 2025-08-29 11:55:08

[wpnfsm] ValidateAndRepair Attempting to repair: PM73Rak:5243 (owner eAI_SurvivorM_Rolf<9f47010>) - MagazineRepair - OB_CLO_MA0<a7c7ae0> - state: 0 != weapon: 1
Class:      'WeaponFSM'

Function: 'ValidateAndRepairHelper'
Stack trace:
DayZExpansion/Core/Scripts/4_World/dayzexpansion_core\entities\firearms\weaponfsm.c:30
scripts/4_World/entities\firearms\weaponfsm.c:477
scripts/4_World/entities\firearms\weaponfsm.c:455
scripts/4_World/entities\firearms\weapon_base.c:1089
scripts/4_World/entities\manbase\playerbase.c:2311
PVEZ/4_World/entities\manbase\playerbase.c:19
scripts/3_Game/dayzgame.c:2919
JM/CF/Scripts/3_Game/communityframework\game\dayzgame.c:46
VPPAdminTools/3_Game/vppadmintools\vanillaplusplus.c:213
DayZExpansion/Core/Scripts/3_Game/dayzexpansion_core\dayzgame.c:268


------------------------------------
DESKTOP-ABTUUDS, 2025-08-29 11:55:08

[wpnfsm] ValidateAndRepair Attempting to repair: PM73Rak:5243 (owner eAI_SurvivorM_Rolf<9f47010>) - ChamberRepair - OB_CLO_MA1<a7c7600> - state: 0 != weapon: 1
Class:      'WeaponFSM'

Function: 'ValidateAndRepairHelper'
Stack trace:
DayZExpansion/Core/Scripts/4_World/dayzexpansion_core\entities\firearms\weaponfsm.c:30
scripts/4_World/entities\firearms\weaponfsm.c:503
scripts/4_World/entities\firearms\weaponfsm.c:455
scripts/4_World/entities\firearms\weapon_base.c:1089
scripts/4_World/entities\manbase\playerbase.c:2311
PVEZ/4_World/entities\manbase\playerbase.c:19
scripts/3_Game/dayzgame.c:2919
JM/CF/Scripts/3_Game/communityframework\game\dayzgame.c:46
VPPAdminTools/3_Game/vppadmintools\vanillaplusplus.c:213
DayZExpansion/Core/Scripts/3_Game/dayzexpansion_core\dayzgame.c:268


------------------------------------
DESKTOP-ABTUUDS, 2025-08-29 11:57:50

[wpnfsm] ValidateAndRepair Attempting to repair: Winchester70:14979 (owner eAI_SurvivorM_Indar<ec89e390>) - ChamberRepair - BARIMLoadedCharged<dd3741c0> - state: 1 != weapon: 0
Class:      'WeaponFSM'

Function: 'ValidateAndRepairHelper'
Stack trace:
DayZExpansion/Core/Scripts/4_World/dayzexpansion_core\entities\firearms\weaponfsm.c:30
scripts/4_World/entities\firearms\weaponfsm.c:503
scripts/4_World/entities\firearms\weaponfsm.c:455
scripts/4_World/entities\firearms\weaponfsm.c:87
scripts/4_World/entities\firearms\weaponfsm.c:194
DayZExpansion/AI/Scripts/4_World/dayzexpansion_ai\entities\weapons\firearms\weapon_base.c:422
scripts/4_World/systems\inventory\dayzplayerinventory.c:412
DayZExpansion/AI/Scripts/4_World/dayzexpansion_ai\entities\ai\eaibase.c:8233
scripts/4_World/entities\dayzplayerimplement.c:2290
DayZExpansion/Core/Scripts/4_World/dayzexpansion_core\entities\manbase\dayzplayerimplement.c:266
scripts/4_World/entities\manbase\playerbase.c:2875
DayZExpansion/AI/Scripts/4_World/dayzexpansion_ai\entities\ai\eaibase.c:6120


------------------------------------
DESKTOP-ABTUUDS, 2025-08-29 12:13:51

[wpnfsm] ValidateAndRepair Attempting to repair: PM73Rak:11247 (owner eAI_SurvivorF_Naomi<1d0e1010>) - MagazineRepair - OB_CLO_MA0<d31d39f0> - state: 0 != weapon: 1
Class:      'WeaponFSM'

Function: 'ValidateAndRepairHelper'
Stack trace:
DayZExpansion/Core/Scripts/4_World/dayzexpansion_core\entities\firearms\weaponfsm.c:30
scripts/4_World/entities\firearms\weaponfsm.c:477
scripts/4_World/entities\firearms\weaponfsm.c:455
scripts/4_World/entities\firearms\weapon_base.c:1089
scripts/4_World/entities\manbase\playerbase.c:2311
PVEZ/4_World/entities\manbase\playerbase.c:19
scripts/3_Game/dayzgame.c:2919
JM/CF/Scripts/3_Game/communityframework\game\dayzgame.c:46
VPPAdminTools/3_Game/vppadmintools\vanillaplusplus.c:213
DayZExpansion/Core/Scripts/3_Game/dayzexpansion_core\dayzgame.c:268


------------------------------------
DESKTOP-ABTUUDS, 2025-08-29 12:13:51

[wpnfsm] ValidateAndRepair Attempting to repair: PM73Rak:11247 (owner eAI_SurvivorF_Naomi<1d0e1010>) - ChamberRepair - OB_CLO_MA1<d31d3ab0> - state: 0 != weapon: 1
Class:      'WeaponFSM'

Function: 'ValidateAndRepairHelper'
Stack trace:
DayZExpansion/Core/Scripts/4_World/dayzexpansion_core\entities\firearms\weaponfsm.c:30
scripts/4_World/entities\firearms\weaponfsm.c:503
scripts/4_World/entities\firearms\weaponfsm.c:455
scripts/4_World/entities\firearms\weapon_base.c:1089
scripts/4_World/entities\manbase\playerbase.c:2311
PVEZ/4_World/entities\manbase\playerbase.c:19
scripts/3_Game/dayzgame.c:2919
JM/CF/Scripts/3_Game/communityframework\game\dayzgame.c:46
VPPAdminTools/3_Game/vppadmintools\vanillaplusplus.c:213
DayZExpansion/Core/Scripts/3_Game/dayzexpansion_core\dayzgame.c:268


------------------------------------
DESKTOP-ABTUUDS, 2025-08-29 12:14:16

[wpnfsm] ValidateAndRepair Attempting to repair: Scout:18249 (owner eAI_SurvivorM_Lewis<221dc020>) - MagazineRepair - BAREM_CLO_BUF_MA0<221a4bf0> - state: 0 != weapon: 1
Class:      'WeaponFSM'

Function: 'ValidateAndRepairHelper'
Stack trace:
DayZExpansion/Core/Scripts/4_World/dayzexpansion_core\entities\firearms\weaponfsm.c:30
scripts/4_World/entities\firearms\weaponfsm.c:477
scripts/4_World/entities\firearms\weaponfsm.c:455
scripts/4_World/entities\firearms\weapon_base.c:1089
scripts/4_World/entities\manbase\playerbase.c:2311
PVEZ/4_World/entities\manbase\playerbase.c:19
scripts/3_Game/dayzgame.c:2919
JM/CF/Scripts/3_Game/communityframework\game\dayzgame.c:46
VPPAdminTools/3_Game/vppadmintools\vanillaplusplus.c:213
DayZExpansion/Core/Scripts/3_Game/dayzexpansion_core\dayzgame.c:268


------------------------------------
DESKTOP-ABTUUDS, 2025-08-29 12:14:40

[wpnfsm] ValidateAndRepair Attempting to repair: Scout:18615 (owner eAI_SurvivorF_Irena<2240bc10>) - MagazineRepair - BAREM_CLO_BUF_MA0<222e41e0> - state: 0 != weapon: 1
Class:      'WeaponFSM'

Function: 'ValidateAndRepairHelper'
Stack trace:
DayZExpansion/Core/Scripts/4_World/dayzexpansion_core\entities\firearms\weaponfsm.c:30
scripts/4_World/entities\firearms\weaponfsm.c:477
scripts/4_World/entities\firearms\weaponfsm.c:455
scripts/4_World/entities\firearms\weapon_base.c:1089
scripts/4_World/entities\manbase\playerbase.c:2311
PVEZ/4_World/entities\manbase\playerbase.c:19
scripts/3_Game/dayzgame.c:2919
JM/CF/Scripts/3_Game/communityframework\game\dayzgame.c:46
VPPAdminTools/3_Game/vppadmintools\vanillaplusplus.c:213
DayZExpansion/Core/Scripts/3_Game/dayzexpansion_core\dayzgame.c:268


------------------------------------
DESKTOP-ABTUUDS, 2025-08-29 12:14:41

[wpnfsm] ValidateAndRepair Attempting to repair: Scout:18624 (owner eAI_SurvivorM_Oliver<41ab9f00>) - MagazineRepair - BAREM_CLO_BUF_MA0<22ba2760> - state: 0 != weapon: 1
Class:      'WeaponFSM'

Function: 'ValidateAndRepairHelper'
Stack trace:
DayZExpansion/Core/Scripts/4_World/dayzexpansion_core\entities\firearms\weaponfsm.c:30
scripts/4_World/entities\firearms\weaponfsm.c:477
scripts/4_World/entities\firearms\weaponfsm.c:455
scripts/4_World/entities\firearms\weapon_base.c:1089
scripts/4_World/entities\manbase\playerbase.c:2311
PVEZ/4_World/entities\manbase\playerbase.c:19
scripts/3_Game/dayzgame.c:2919
JM/CF/Scripts/3_Game/communityframework\game\dayzgame.c:46
VPPAdminTools/3_Game/vppadmintools\vanillaplusplus.c:213
DayZExpansion/Core/Scripts/3_Game/dayzexpansion_core\dayzgame.c:268


------------------------------------
DESKTOP-ABTUUDS, 2025-08-29 12:15:04

[wpnfsm] ValidateAndRepair Attempting to repair: PM73Rak:18660 (owner eAI_SurvivorM_Quinn<22286010>) - MagazineRepair - OB_CLO_MA0<228878b0> - state: 0 != weapon: 1
Class:      'WeaponFSM'

Function: 'ValidateAndRepairHelper'
Stack trace:
DayZExpansion/Core/Scripts/4_World/dayzexpansion_core\entities\firearms\weaponfsm.c:30
scripts/4_World/entities\firearms\weaponfsm.c:477
scripts/4_World/entities\firearms\weaponfsm.c:455
scripts/4_World/entities\firearms\weapon_base.c:1089
scripts/4_World/entities\manbase\playerbase.c:2311
PVEZ/4_World/entities\manbase\playerbase.c:19
scripts/3_Game/dayzgame.c:2919
JM/CF/Scripts/3_Game/communityframework\game\dayzgame.c:46
VPPAdminTools/3_Game/vppadmintools\vanillaplusplus.c:213
DayZExpansion/Core/Scripts/3_Game/dayzexpansion_core\dayzgame.c:268


------------------------------------
DESKTOP-ABTUUDS, 2025-08-29 12:15:04

[wpnfsm] ValidateAndRepair Attempting to repair: PM73Rak:18660 (owner eAI_SurvivorM_Quinn<22286010>) - ChamberRepair - OB_CLO_MA1<228861d0> - state: 0 != weapon: 1
Class:      'WeaponFSM'

Function: 'ValidateAndRepairHelper'
Stack trace:
DayZExpansion/Core/Scripts/4_World/dayzexpansion_core\entities\firearms\weaponfsm.c:30
scripts/4_World/entities\firearms\weaponfsm.c:503
scripts/4_World/entities\firearms\weaponfsm.c:455
scripts/4_World/entities\firearms\weapon_base.c:1089
scripts/4_World/entities\manbase\playerbase.c:2311
PVEZ/4_World/entities\manbase\playerbase.c:19
scripts/3_Game/dayzgame.c:2919
JM/CF/Scripts/3_Game/communityframework\game\dayzgame.c:46
VPPAdminTools/3_Game/vppadmintools\vanillaplusplus.c:213
DayZExpansion/Core/Scripts/3_Game/dayzexpansion_core\dayzgame.c:268
