---------------------------------------------
Log info_2025-09-10_12-57-00.log started at 2025-09-10 13:59:31



------------------------------------
DESKTOP-ABTUUDS, 2025-09-10 13:59:31

[wpnfsm] ValidateAndRepair Attempting to repair: Mosin9130:21484 (owner eAI_SurvivorF_Naomi<3ce30030>) - ChamberFiredRepair - BARIMLoadedCharged<374e4c40> - state: 0 != weapon: 1
Class:      'WeaponFSM'

Function: 'ValidateAndRepairHelper'
Stack trace:
DayZExpansion/Core/Scripts/4_World/dayzexpansion_core\entities\firearms\weaponfsm.c:30
scripts/4_World/entities\firearms\weaponfsm.c:497
scripts/4_World/entities\firearms\weaponfsm.c:455
scripts/4_World/entities\firearms\weaponfsm.c:58
scripts/3_Game/systems\hfsmbase.c:591
scripts/4_World/entities\firearms\weaponfsm.c:289
DayZExpansion/AI/Scripts/4_World/dayzexpansion_ai\entities\weapons\firearms\weapon_base.c:406
scripts/4_World/systems\inventory\dayzplayerinventory.c:403
DayZExpansion/AI/Scripts/4_World/dayzexpansion_ai\entities\ai\eaibase.c:8314
scripts/4_World/entities\dayzplayerimplement.c:2290
DayZExpansion/Core/Scripts/4_World/dayzexpansion_core\entities\manbase\dayzplayerimplement.c:266
scripts/4_World/entities\manbase\playerbase.c:2875
DayZExpansion/AI/Scripts/4_World/dayzexpansion_ai\entities\ai\eaibase.c:6151


------------------------------------
DESKTOP-ABTUUDS, 2025-09-10 13:59:31

[wpnfsm] ValidateAndRepair Attempting to repair: Mosin9130:21484 (owner eAI_SurvivorF_Naomi<3ce30030>) - ChamberFiredRepair - BARIMLoadedCharged<374e4c40> - state: 0 != weapon: 1
Class:      'WeaponFSM'

Function: 'ValidateAndRepairHelper'
Stack trace:
DayZExpansion/Core/Scripts/4_World/dayzexpansion_core\entities\firearms\weaponfsm.c:30
scripts/4_World/entities\firearms\weaponfsm.c:497
scripts/4_World/entities\firearms\weaponfsm.c:455
scripts/4_World/entities\firearms\weaponfsm.c:58
scripts/3_Game/systems\hfsmbase.c:591
scripts/4_World/entities\firearms\weaponfsm.c:289
DayZExpansion/AI/Scripts/4_World/dayzexpansion_ai\entities\weapons\firearms\weapon_base.c:406
scripts/4_World/systems\inventory\dayzplayerinventory.c:403
DayZExpansion/AI/Scripts/4_World/dayzexpansion_ai\entities\ai\eaibase.c:8314
scripts/4_World/entities\dayzplayerimplement.c:2290
DayZExpansion/Core/Scripts/4_World/dayzexpansion_core\entities\manbase\dayzplayerimplement.c:266
scripts/4_World/entities\manbase\playerbase.c:2875
DayZExpansion/AI/Scripts/4_World/dayzexpansion_ai\entities\ai\eaibase.c:6151


------------------------------------
DESKTOP-ABTUUDS, 2025-09-10 13:59:33

[wpnfsm] ValidateAndRepair Attempting to repair: Mosin9130:21484 (owner eAI_SurvivorF_Naomi<3ce30030>) - ChamberFiredRepair - BARIMLoadedCharged<374e4c40> - state: 0 != weapon: 1
Class:      'WeaponFSM'

Function: 'ValidateAndRepairHelper'
Stack trace:
DayZExpansion/Core/Scripts/4_World/dayzexpansion_core\entities\firearms\weaponfsm.c:30
scripts/4_World/entities\firearms\weaponfsm.c:497
scripts/4_World/entities\firearms\weaponfsm.c:455
scripts/4_World/entities\firearms\weaponfsm.c:58
scripts/3_Game/systems\hfsmbase.c:591
scripts/4_World/entities\firearms\weaponfsm.c:289
DayZExpansion/AI/Scripts/4_World/dayzexpansion_ai\entities\weapons\firearms\weapon_base.c:406
scripts/4_World/systems\inventory\dayzplayerinventory.c:403
DayZExpansion/AI/Scripts/4_World/dayzexpansion_ai\entities\ai\eaibase.c:8314
scripts/4_World/entities\dayzplayerimplement.c:2290
DayZExpansion/Core/Scripts/4_World/dayzexpansion_core\entities\manbase\dayzplayerimplement.c:266
scripts/4_World/entities\manbase\playerbase.c:2875
DayZExpansion/AI/Scripts/4_World/dayzexpansion_ai\entities\ai\eaibase.c:6151


------------------------------------
DESKTOP-ABTUUDS, 2025-09-10 13:59:33

[wpnfsm] ValidateAndRepair Attempting to repair: Mosin9130:21484 (owner eAI_SurvivorF_Naomi<3ce30030>) - ChamberFiredRepair - BARIMLoadedCharged<374e4c40> - state: 0 != weapon: 1
Class:      'WeaponFSM'

Function: 'ValidateAndRepairHelper'
Stack trace:
DayZExpansion/Core/Scripts/4_World/dayzexpansion_core\entities\firearms\weaponfsm.c:30
scripts/4_World/entities\firearms\weaponfsm.c:497
scripts/4_World/entities\firearms\weaponfsm.c:455
scripts/4_World/entities\firearms\weaponfsm.c:58
scripts/3_Game/systems\hfsmbase.c:591
scripts/4_World/entities\firearms\weaponfsm.c:289
DayZExpansion/AI/Scripts/4_World/dayzexpansion_ai\entities\weapons\firearms\weapon_base.c:406
scripts/4_World/systems\inventory\dayzplayerinventory.c:403
DayZExpansion/AI/Scripts/4_World/dayzexpansion_ai\entities\ai\eaibase.c:8314
scripts/4_World/entities\dayzplayerimplement.c:2290
DayZExpansion/Core/Scripts/4_World/dayzexpansion_core\entities\manbase\dayzplayerimplement.c:266
scripts/4_World/entities\manbase\playerbase.c:2875
DayZExpansion/AI/Scripts/4_World/dayzexpansion_ai\entities\ai\eaibase.c:6151
