---------------------------------------------
Log info_2025-09-09_07-44-18.log started at 2025-09-09 12:49:00



------------------------------------
DESKTOP-ABTUUDS, 2025-09-09 12:49:00

[wpnfsm] ValidateAndRepair Attempting to repair: Winchester70:17299 (owner eAI_SurvivorF_Baty<f444b040>) - ChamberFiredRepair - BARIMLoadedCharged<aa79c0> - state: 0 != weapon: 1
Class:      'WeaponFSM'

Function: 'ValidateAndRepairHelper'
Stack trace:
DayZExpansion/Core/Scripts/4_World/dayzexpansion_core\entities\firearms\weaponfsm.c:30
scripts/4_World/entities\firearms\weaponfsm.c:497
scripts/4_World/entities\firearms\weaponfsm.c:455
scripts/4_World/entities\firearms\weaponfsm.c:58
scripts/3_Game/systems\hfsmbase.c:591
scripts/4_World/entities\firearms\weaponfsm.c:289
DayZExpansion/AI/Scripts/4_World/dayzexpansion_ai\entities\weapons\firearms\weapon_base.c:406
scripts/4_World/systems\inventory\dayzplayerinventory.c:403
DayZExpansion/AI/Scripts/4_World/dayzexpansion_ai\entities\ai\eaibase.c:8314
scripts/4_World/entities\dayzplayerimplement.c:2290
DayZExpansion/Core/Scripts/4_World/dayzexpansion_core\entities\manbase\dayzplayerimplement.c:266
scripts/4_World/entities\manbase\playerbase.c:2875
DayZExpansion/AI/Scripts/4_World/dayzexpansion_ai\entities\ai\eaibase.c:6151


------------------------------------
DESKTOP-ABTUUDS, 2025-09-09 12:54:58

[wpnfsm] ValidateAndRepair Attempting to repair: Scout:12545 (owner eAI_SurvivorM_Seth<26a3980>) - MagazineRepair - BAREM_CLO_BUF_MA0<447760> - state: 0 != weapon: 1
Class:      'WeaponFSM'

Function: 'ValidateAndRepairHelper'
Stack trace:
DayZExpansion/Core/Scripts/4_World/dayzexpansion_core\entities\firearms\weaponfsm.c:30
scripts/4_World/entities\firearms\weaponfsm.c:477
scripts/4_World/entities\firearms\weaponfsm.c:455
scripts/4_World/entities\firearms\weapon_base.c:1089
scripts/4_World/entities\manbase\playerbase.c:2311
PVEZ/4_World/entities\manbase\playerbase.c:19
scripts/3_Game/dayzgame.c:2919
JM/CF/Scripts/3_Game/communityframework\game\dayzgame.c:46
VPPAdminTools/3_Game/vppadmintools\vanillaplusplus.c:213
DayZExpansion/Core/Scripts/3_Game/dayzexpansion_core\dayzgame.c:268


------------------------------------
DESKTOP-ABTUUDS, 2025-09-09 13:28:04

[wpnfsm] ValidateAndRepair Attempting to repair: Scout:4417 (owner eAI_SurvivorM_Mirek<8adb080>) - MagazineRepair - BAREM_CLO_BUF_MA0<ffa45fe0> - state: 0 != weapon: 1
Class:      'WeaponFSM'

Function: 'ValidateAndRepairHelper'
Stack trace:
DayZExpansion/Core/Scripts/4_World/dayzexpansion_core\entities\firearms\weaponfsm.c:30
scripts/4_World/entities\firearms\weaponfsm.c:477
scripts/4_World/entities\firearms\weaponfsm.c:455
scripts/4_World/entities\firearms\weapon_base.c:1089
scripts/4_World/entities\manbase\playerbase.c:2311
PVEZ/4_World/entities\manbase\playerbase.c:19
scripts/3_Game/dayzgame.c:2919
JM/CF/Scripts/3_Game/communityframework\game\dayzgame.c:46
VPPAdminTools/3_Game/vppadmintools\vanillaplusplus.c:213
DayZExpansion/Core/Scripts/3_Game/dayzexpansion_core\dayzgame.c:268


------------------------------------
DESKTOP-ABTUUDS, 2025-09-09 13:41:33

[wpnfsm] ValidateAndRepair Attempting to repair: PM73Rak:5057 (owner eAI_SurvivorM_Manua<7306010>) - MagazineRepair - OB_CLO_MA0<5b165590> - state: 0 != weapon: 1
Class:      'WeaponFSM'

Function: 'ValidateAndRepairHelper'
Stack trace:
DayZExpansion/Core/Scripts/4_World/dayzexpansion_core\entities\firearms\weaponfsm.c:30
scripts/4_World/entities\firearms\weaponfsm.c:477
scripts/4_World/entities\firearms\weaponfsm.c:455
scripts/4_World/entities\firearms\weapon_base.c:1089
scripts/4_World/entities\manbase\playerbase.c:2311
PVEZ/4_World/entities\manbase\playerbase.c:19
scripts/3_Game/dayzgame.c:2919
JM/CF/Scripts/3_Game/communityframework\game\dayzgame.c:46
VPPAdminTools/3_Game/vppadmintools\vanillaplusplus.c:213
DayZExpansion/Core/Scripts/3_Game/dayzexpansion_core\dayzgame.c:268


------------------------------------
DESKTOP-ABTUUDS, 2025-09-09 13:41:33

[wpnfsm] ValidateAndRepair Attempting to repair: PM73Rak:5057 (owner eAI_SurvivorM_Manua<7306010>) - ChamberRepair - OB_CLO_MA1<5b166790> - state: 0 != weapon: 1
Class:      'WeaponFSM'

Function: 'ValidateAndRepairHelper'
Stack trace:
DayZExpansion/Core/Scripts/4_World/dayzexpansion_core\entities\firearms\weaponfsm.c:30
scripts/4_World/entities\firearms\weaponfsm.c:503
scripts/4_World/entities\firearms\weaponfsm.c:455
scripts/4_World/entities\firearms\weapon_base.c:1089
scripts/4_World/entities\manbase\playerbase.c:2311
PVEZ/4_World/entities\manbase\playerbase.c:19
scripts/3_Game/dayzgame.c:2919
JM/CF/Scripts/3_Game/communityframework\game\dayzgame.c:46
VPPAdminTools/3_Game/vppadmintools\vanillaplusplus.c:213
DayZExpansion/Core/Scripts/3_Game/dayzexpansion_core\dayzgame.c:268
