---------------------------------------------
Log warning_2025-10-21_07-33-07.log started at 2025-10-21 07:33:56



------------------------------------
DESKTOP-ABTUUDS, 2025-10-21 07:33:56

ExpansionMarketItem::WriteTo - WARNING: Attachment 'mag_p1_8rnd' does not exist!


------------------------------------
DESKTOP-ABTUUDS, 2025-10-21 07:33:56

ExpansionMarketItem::WriteTo - WARNING: Attachment 'mag_deagle_9rnd' does not exist!


------------------------------------
DESKTOP-ABTUUDS, 2025-10-21 07:33:56

ExpansionMarketItem::WriteTo - WARNING: Attachment 'mag_deagle_9rnd' does not exist!


------------------------------------
DESKTOP-ABTUUDS, 2025-10-21 07:33:56

ExpansionMarketItem::WriteTo - WARNING: Attachment 'mag_ij70_8rnd' does not exist!


------------------------------------
DESKTOP-ABTUUDS, 2025-10-21 07:33:56

ExpansionMarketItem::WriteTo - WARNING: Attachment 'mag_ump_25rnd' does not exist!


------------------------------------
DESKTOP-ABTUUDS, 2025-10-21 07:33:56

ExpansionMarketItem::WriteTo - WARNING: Attachment 'mag_fnx45_15rnd' does not exist!


------------------------------------
DESKTOP-ABTUUDS, 2025-10-21 07:33:56

ExpansionMarketItem::WriteTo - WARNING: Attachment 'mag_1911_7rnd' does not exist!


------------------------------------
DESKTOP-ABTUUDS, 2025-10-21 07:33:56

ExpansionMarketItem::WriteTo - WARNING: Attachment 'mag_1911_7rnd' does not exist!


------------------------------------
DESKTOP-ABTUUDS, 2025-10-21 07:33:56

ExpansionMarketItem::WriteTo - WARNING: Attachment 'mag_mkii_10rnd' does not exist!


------------------------------------
DESKTOP-ABTUUDS, 2025-10-21 07:33:56

ExpansionMarketItem::WriteTo - WARNING: Attachment 'mag_glock_15rnd' does not exist!


------------------------------------
DESKTOP-ABTUUDS, 2025-10-21 07:33:56

ExpansionMarketItem::WriteTo - WARNING: Attachment 'mag_cz61_20rnd' does not exist!


------------------------------------
DESKTOP-ABTUUDS, 2025-10-21 07:33:56

ExpansionMarketItem::WriteTo - WARNING: Attachment 'mag_mp5_30rnd' does not exist!


------------------------------------
DESKTOP-ABTUUDS, 2025-10-21 07:33:56

ExpansionMarketItem::WriteTo - WARNING: Attachment 'mag_pp19_64rnd' does not exist!


------------------------------------
DESKTOP-ABTUUDS, 2025-10-21 07:33:56

ExpansionMarketItem::WriteTo - WARNING: Attachment 'mag_cz75_15rnd' does not exist!
